BL51 BANKED LINKER/LOCATER V6.22                                                        07/12/2019  22:43:00  PAGE 1


BL51 BANKED LINKER/LOCATER V6.22, INVOKED BY:
E:\DEVELOPER KIT TOOL\KEIL_V5\C51\BIN\BL51.EXE ..\output\interrupt.obj, ..\output\io_pwm.obj, ..\output\main.obj, ..\out
>> put\mcufunction.obj, ..\output\usermcufunction.obj, ..\code\library\A8107_BLE.LIB, ..\output\servicegen.obj, ..\code\
>> OTA\OTA.LIB, ..\code\IAP\IAP.LIB, ..\output\FlashChk.obj, ..\output\INTERRUPT_OFFSET.obj, ..\output\OTA_IAP.obj, ..\o
>> utput\startup.obj, ..\output\IEEE.obj, ..\output\OTA_Data.obj TO ..\output\bt_camera PRINT (.\bt_camera.m51) RAMSIZE 
>> (256) DISABLEWARNING (13, 15, 16) NOOVERLAY CODE (0X0300-0X79FF, 0X7F00-0X7FF3, 0X8000-0XFFFD, ?PR?*?IAP (0X303), ?PR
>> ?*OTA, ?C?LIB_CODE, ?PR?*RFA8107, ?PR?*LINKLAYER, ?PR?*INTERRUPT, ?PR?MAIN?MAIN) XDATA (0X0000-0X1FFF)


MEMORY MODEL: LARGE WITH FLOATING POINT ARITHMETIC


INPUT MODULES INCLUDED:
  ..\output\interrupt.obj (INTERRUPT)
  ..\output\io_pwm.obj (IO_PWM)
  ..\output\main.obj (MAIN)
  ..\output\mcufunction.obj (MCUFUNCTION)
  ..\output\usermcufunction.obj (USERMCUFUNCTION)
  ..\code\library\A8107_BLE.LIB (HOST)
  ..\code\library\A8107_BLE.LIB (LINKLAYER)
  ..\code\library\A8107_BLE.LIB (RFA8107)
  ..\output\servicegen.obj (SERVICEGEN)
  ..\code\OTA\OTA.LIB (OTA)
  ..\code\IAP\IAP.LIB (IAP)
  ..\output\FlashChk.obj (FLASH_CHECK)
  ..\output\INTERRUPT_OFFSET.obj (INTERRUPT_OFFSET)
  ..\output\OTA_IAP.obj (OTA_IAP)
  ..\output\startup.obj (?C_STARTUP)
  ..\output\IEEE.obj (IEEEE_ADDRESS)
  ..\output\OTA_Data.obj (OTA_DATA)
  E:\DEVELOPER KIT TOOL\KEIL_V5\C51\LIB\C51FPL.LIB (?C?FPMUL)
  E:\DEVELOPER KIT TOOL\KEIL_V5\C51\LIB\C51FPL.LIB (?C?FPDIV)
  E:\DEVELOPER KIT TOOL\KEIL_V5\C51\LIB\C51FPL.LIB (?C?FCAST)
  E:\DEVELOPER KIT TOOL\KEIL_V5\C51\LIB\C51FPL.LIB (?C?CASTF)
  E:\DEVELOPER KIT TOOL\KEIL_V5\C51\LIB\C51FPL.LIB (?C?FPGETOPN)
  E:\DEVELOPER KIT TOOL\KEIL_V5\C51\LIB\C51L.LIB (?C_INIT)
  E:\DEVELOPER KIT TOOL\KEIL_V5\C51\LIB\C51L.LIB (?C?COPY)
  E:\DEVELOPER KIT TOOL\KEIL_V5\C51\LIB\C51L.LIB (?C?CLDPTR)
  E:\DEVELOPER KIT TOOL\KEIL_V5\C51\LIB\C51L.LIB (?C?CLDOPTR)
  E:\DEVELOPER KIT TOOL\KEIL_V5\C51\LIB\C51L.LIB (?C?CSTPTR)
  E:\DEVELOPER KIT TOOL\KEIL_V5\C51\LIB\C51L.LIB (?C?CSTOPTR)
  E:\DEVELOPER KIT TOOL\KEIL_V5\C51\LIB\C51L.LIB (?C?IMUL)
  E:\DEVELOPER KIT TOOL\KEIL_V5\C51\LIB\C51L.LIB (?C?UIDIV)
  E:\DEVELOPER KIT TOOL\KEIL_V5\C51\LIB\C51L.LIB (?C?IILDX)
  E:\DEVELOPER KIT TOOL\KEIL_V5\C51\LIB\C51L.LIB (?C?ILDOPTR)
  E:\DEVELOPER KIT TOOL\KEIL_V5\C51\LIB\C51L.LIB (?C?LADD)
  E:\DEVELOPER KIT TOOL\KEIL_V5\C51\LIB\C51L.LIB (?C?LMUL)
  E:\DEVELOPER KIT TOOL\KEIL_V5\C51\LIB\C51L.LIB (?C?ULDIV)
  E:\DEVELOPER KIT TOOL\KEIL_V5\C51\LIB\C51L.LIB (?C?LNEG)
  E:\DEVELOPER KIT TOOL\KEIL_V5\C51\LIB\C51L.LIB (?C?SLCMP)
  E:\DEVELOPER KIT TOOL\KEIL_V5\C51\LIB\C51L.LIB (?C?ULCMP)
  E:\DEVELOPER KIT TOOL\KEIL_V5\C51\LIB\C51L.LIB (?C?ULSHR)
  E:\DEVELOPER KIT TOOL\KEIL_V5\C51\LIB\C51L.LIB (?C?SLSHR)
  E:\DEVELOPER KIT TOOL\KEIL_V5\C51\LIB\C51L.LIB (?C?LSHL)
  E:\DEVELOPER KIT TOOL\KEIL_V5\C51\LIB\C51L.LIB (?C?LLDXDATA)
  E:\DEVELOPER KIT TOOL\KEIL_V5\C51\LIB\C51L.LIB (?C?LLDXDATA0)
  E:\DEVELOPER KIT TOOL\KEIL_V5\C51\LIB\C51L.LIB (?C?LSTXDATA)
  E:\DEVELOPER KIT TOOL\KEIL_V5\C51\LIB\C51L.LIB (?C?LSTKXDATA)
BL51 BANKED LINKER/LOCATER V6.22                                                      07/12/2019  22:43:00  PAGE 2


  E:\DEVELOPER KIT TOOL\KEIL_V5\C51\LIB\C51L.LIB (?C?OFFXADD)
  E:\DEVELOPER KIT TOOL\KEIL_V5\C51\LIB\C51L.LIB (?C?PLDXDATA)
  E:\DEVELOPER KIT TOOL\KEIL_V5\C51\LIB\C51L.LIB (?C?PSTXDATA)
  E:\DEVELOPER KIT TOOL\KEIL_V5\C51\LIB\C51L.LIB (?C?PLDCODE)
  E:\DEVELOPER KIT TOOL\KEIL_V5\C51\LIB\C51L.LIB (?C?CCASE)
  E:\DEVELOPER KIT TOOL\KEIL_V5\C51\LIB\C51L.LIB (?C?ICALL)
  E:\DEVELOPER KIT TOOL\KEIL_V5\C51\LIB\C51L.LIB (?C?LIMUL)
  E:\DEVELOPER KIT TOOL\KEIL_V5\C51\LIB\C51L.LIB (?C?MEMCMP)
  E:\DEVELOPER KIT TOOL\KEIL_V5\C51\LIB\C51L.LIB (?C?MEMSET)


LINK MAP OF MODULE:  ..\output\bt_camera (INTERRUPT)


            TYPE    BASE      LENGTH    RELOCATION   SEGMENT NAME
            -----------------------------------------------------

            * * * * * * *   D A T A   M E M O R Y   * * * * * * *
            REG     0000H     0008H     ABSOLUTE     "REG BANK 0"
            DATA    0008H     0003H     UNIT         ?DT?_WRITEFLASH_START?IAP
            DATA    000BH     0002H     UNIT         ?DT?_IAP_READDATA?IAP
            DATA    000DH     0001H     UNIT         ?DT?ERASEAREA?OTA
            DATA    000EH     0001H     UNIT         ?DT?_ENTRYDATA?OTA
            DATA    000FH     0001H     UNIT         ?DT?WRITEBONDINGINFO?OTA
            DATA    0010H     0001H     UNIT         ?DT?_ERASE_START?IAP
            DATA    0011H     0001H     UNIT         ?DT?_IAP_ERASE?IAP
            DATA    0012H     0001H     UNIT         ?DT?_IAP_WRITEDATA?IAP
            IDATA   0013H     0004H     UNIT         ?ID?_WRITEFLASH_START?IAP
            IDATA   0017H     0002H     UNIT         ?ID?_ERASE_START?IAP
                    0019H     0007H                  *** GAP ***
            DATA    0020H     0001H     ABSOLUTE     
            BIT     0021H.0   0004H.3   UNIT         ?BI?LINKLAYER
            BIT     0025H.3   0001H.0   UNIT         ?BI?IO_PWM
            BIT     0026H.3   0000H.3   UNIT         ?BI?MAIN?MAIN
            BIT     0026H.6   0000H.2   UNIT         ?BI?MCUFUNCTION
            BIT     0027H.0   0000H.1   UNIT         ?BI?BATTERYSEND?IO_PWM
            BIT     0027H.1   0000H.1   UNIT         ?BI?WORK?IO_PWM
            BIT     0027H.2   0000H.1   UNIT         ?BI?MOTORSHOCK?IO_PWM
            BIT     0027H.3   0000H.1   UNIT         ?BI?LEDHINT?IO_PWM
            BIT     0027H.4   0000H.1   UNIT         ?BI?SETINTOSLEEPFLAG?MCUFUNCTION
            BIT     0027H.5   0000H.1   UNIT         ?BI?PRCSS_OPCODE_ATT_FIND_INFORMATION_REQUEST?HOST
            BIT     0027H.6   0000H.1   UNIT         ?BI?PRCSS_OPCODE_ATT_FIND_INFORMATION_RESPONSE?HOST
            BIT     0027H.7   0000H.1   UNIT         ?BI?PRCSS_OPCODE_ATT_READ_BY_TYPE_RESPONSE?HOST
            BIT     0028H.0   0000H.1   UNIT         ?BI?PRCSS_OPCODE_ATT_READ_BLOB_REQUEST?HOST
            BIT     0028H.1   0000H.1   UNIT         ?BI?PRCSS_OPCODE_ATT_HANDLE_VALUE_NOTIFICATION?HOST
            BIT     0028H.2   0000H.1   UNIT         ?BI?_BLE_SENDDATA?HOST
            BIT     0028H.3   0000H.1   UNIT         ?BI?ADVGO?LINKLAYER
            BIT     0028H.4   0000H.1   UNIT         ?BI?CONNECTESTABLISH?LINKLAYER
            BIT     0028H.5   0000H.1   UNIT         ?BI?A8107_RCSELECT?RFA8107
                    0028H.6   0000H.2                *** GAP ***
            IDATA   0029H     0001H     UNIT         ?STACK

            * * * * * * *  X D A T A   M E M O R Y  * * * * * * *
            XDATA   0000H     006FH     ABSOLUTE     
            XDATA   006FH     0020H     ABSOLUTE     
            XDATA   008FH     0020H     ABSOLUTE     
            XDATA   00AFH     001EH     ABSOLUTE     
BL51 BANKED LINKER/LOCATER V6.22                                                      07/12/2019  22:43:00  PAGE 3


            XDATA   00CDH     0040H     ABSOLUTE     
            XDATA   010DH     000AH     ABSOLUTE     
            XDATA   0117H     0006H     ABSOLUTE     
            XDATA   011DH     0002H     ABSOLUTE     
            XDATA   011FH     0014H     ABSOLUTE     
            XDATA   0133H     0140H     ABSOLUTE     
            XDATA   0273H     0020H     ABSOLUTE     
            XDATA   0293H     0002H     ABSOLUTE     
            XDATA   0295H     0002H     ABSOLUTE     
            XDATA   0297H     0020H     ABSOLUTE     
            XDATA   02B7H     0008H     ABSOLUTE     
            XDATA   02BFH     0002H     ABSOLUTE     
            XDATA   02C1H     0008H     ABSOLUTE     
            XDATA   02C9H     0004H     ABSOLUTE     
            XDATA   02CDH     0010H     ABSOLUTE     
            XDATA   02DDH     0100H     ABSOLUTE     
            XDATA   03DDH     0010H     ABSOLUTE     
            XDATA   03EDH     0010H     ABSOLUTE     
            XDATA   03FDH     0010H     ABSOLUTE     
            XDATA   040DH     0010H     ABSOLUTE     
            XDATA   041DH     0010H     ABSOLUTE     
            XDATA   042DH     0008H     ABSOLUTE     
            XDATA   0435H     0010H     ABSOLUTE     
            XDATA   0445H     0010H     ABSOLUTE     
            XDATA   0455H     0010H     ABSOLUTE     
            XDATA   0465H     0010H     ABSOLUTE     
            XDATA   0475H     0010H     ABSOLUTE     
            XDATA   0485H     0020H     ABSOLUTE     
            XDATA   04A5H     0020H     ABSOLUTE     
            XDATA   04C5H     0008H     ABSOLUTE     
            XDATA   04CDH     0001H     ABSOLUTE     
            XDATA   04CEH     0001H     ABSOLUTE     
            XDATA   04CFH     0001H     ABSOLUTE     
            XDATA   04D0H     0001H     ABSOLUTE     
            XDATA   04D1H     0001H     ABSOLUTE     
            XDATA   04D2H     0001H     ABSOLUTE     
            XDATA   04D3H     0001H     ABSOLUTE     
            XDATA   04D4H     0001H     ABSOLUTE     
            XDATA   04D5H     0001H     ABSOLUTE     
            XDATA   04D6H     0001H     ABSOLUTE     
            XDATA   04D7H     0001H     ABSOLUTE     
            XDATA   04D8H     0001H     ABSOLUTE     
            XDATA   04D9H     0001H     ABSOLUTE     
            XDATA   04DAH     0001H     ABSOLUTE     
            XDATA   04DBH     0001H     ABSOLUTE     
            XDATA   04DCH     0001H     ABSOLUTE     
            XDATA   04DDH     0001H     ABSOLUTE     
            XDATA   04DEH     0001H     ABSOLUTE     
            XDATA   04DFH     0001H     ABSOLUTE     
            XDATA   04E0H     0001H     ABSOLUTE     
            XDATA   04E1H     0001H     ABSOLUTE     
            XDATA   04E2H     0001H     ABSOLUTE     
            XDATA   04E3H     0001H     ABSOLUTE     
            XDATA   04E4H     0001H     ABSOLUTE     
            XDATA   04E5H     0001H     ABSOLUTE     
            XDATA   04E6H     0001H     ABSOLUTE     
            XDATA   04E7H     0001H     ABSOLUTE     
BL51 BANKED LINKER/LOCATER V6.22                                                      07/12/2019  22:43:00  PAGE 4


            XDATA   04E8H     0001H     ABSOLUTE     
            XDATA   04E9H     0001H     ABSOLUTE     
            XDATA   04EAH     0001H     ABSOLUTE     
            XDATA   04EBH     0001H     ABSOLUTE     
            XDATA   04ECH     0001H     ABSOLUTE     
            XDATA   04EDH     0001H     ABSOLUTE     
            XDATA   04EEH     0001H     ABSOLUTE     
            XDATA   04EFH     0001H     ABSOLUTE     
            XDATA   04F0H     0001H     ABSOLUTE     
            XDATA   04F1H     0001H     ABSOLUTE     
            XDATA   04F2H     0001H     ABSOLUTE     
            XDATA   04F3H     0001H     ABSOLUTE     
            XDATA   04F4H     0001H     ABSOLUTE     
            XDATA   04F5H     0001H     ABSOLUTE     
            XDATA   04F6H     0001H     ABSOLUTE     
            XDATA   04F7H     0001H     ABSOLUTE     
            XDATA   04F8H     0001H     ABSOLUTE     
            XDATA   04F9H     0001H     ABSOLUTE     
            XDATA   04FAH     0001H     ABSOLUTE     
            XDATA   04FBH     0001H     ABSOLUTE     
            XDATA   04FCH     0001H     ABSOLUTE     
            XDATA   04FDH     0001H     ABSOLUTE     
            XDATA   04FEH     0001H     ABSOLUTE     
            XDATA   04FFH     0001H     ABSOLUTE     
            XDATA   0500H     0001H     ABSOLUTE     
            XDATA   0501H     0001H     ABSOLUTE     
            XDATA   0502H     0001H     ABSOLUTE     
            XDATA   0503H     0001H     ABSOLUTE     
            XDATA   0504H     0002H     ABSOLUTE     
            XDATA   0506H     0002H     ABSOLUTE     
            XDATA   0508H     0002H     ABSOLUTE     
            XDATA   050AH     0002H     ABSOLUTE     
            XDATA   050CH     0002H     ABSOLUTE     
            XDATA   050EH     0002H     ABSOLUTE     
            XDATA   0510H     0002H     ABSOLUTE     
            XDATA   0512H     0002H     ABSOLUTE     
            XDATA   0514H     0002H     ABSOLUTE     
            XDATA   0516H     0002H     ABSOLUTE     
            XDATA   0518H     0002H     ABSOLUTE     
            XDATA   051AH     0002H     ABSOLUTE     
            XDATA   051CH     0002H     ABSOLUTE     
            XDATA   051EH     0004H     ABSOLUTE     
            XDATA   0522H     0004H     ABSOLUTE     
            XDATA   0526H     0004H     ABSOLUTE     
            XDATA   052AH     0006H     ABSOLUTE     
            XDATA   0530H     0004H     ABSOLUTE     
            XDATA   0534H     0003H     ABSOLUTE     
            XDATA   0537H     0001H     ABSOLUTE     
            XDATA   0538H     0002H     ABSOLUTE     
            XDATA   053AH     0002H     ABSOLUTE     
            XDATA   053CH     0002H     ABSOLUTE     
            XDATA   053EH     0002H     ABSOLUTE     
            XDATA   0540H     0005H     ABSOLUTE     
            XDATA   0545H     0001H     ABSOLUTE     
            XDATA   0546H     0001H     ABSOLUTE     
            XDATA   0547H     0001H     ABSOLUTE     
            XDATA   0548H     0001H     ABSOLUTE     
BL51 BANKED LINKER/LOCATER V6.22                                                      07/12/2019  22:43:00  PAGE 5


            XDATA   0549H     0002H     ABSOLUTE     
            XDATA   054BH     0002H     ABSOLUTE     
            XDATA   054DH     0002H     ABSOLUTE     
            XDATA   054FH     0002H     ABSOLUTE     
            XDATA   0551H     0002H     ABSOLUTE     
            XDATA   0553H     0005H     ABSOLUTE     
            XDATA   0558H     0001H     ABSOLUTE     
            XDATA   0559H     0002H     ABSOLUTE     
            XDATA   055BH     0001H     ABSOLUTE     
            XDATA   055CH     00B4H     UNIT         ?XD?SERVICEGEN
            XDATA   0610H     00A6H     UNIT         ?XD?HOST
            XDATA   06B6H     002AH     UNIT         ?XD?MCUFUNCTION
            XDATA   06E0H     0026H     UNIT         ?XD?_SMPC1?LINKLAYER
            XDATA   0706H     0019H     UNIT         ?XD?PRCSS_OPCODE_ATT_READ_BY_GROUP_TYPE_REQUEST?HOST
            XDATA   071FH     0018H     UNIT         ?XD?PRCSS_OPCODE_ATT_READ_BY_TYPE_REQUEST?HOST
            XDATA   0737H     0016H     UNIT         ?XD?MAIN?MAIN
            XDATA   074DH     0016H     UNIT         ?XD?_SMPS1?LINKLAYER
            XDATA   0763H     0013H     UNIT         ?XD?IO_PWM
            XDATA   0776H     0011H     UNIT         ?XD?PRCSS_BLE_CODE_SMP_PAIRING_CONFIRM?HOST
            XDATA   0787H     0011H     UNIT         ?XD?PRCSS_BLE_CODE_SMP_PAIRING_RANDOM?HOST
            XDATA   0798H     0010H     UNIT         ?XD?SETBLE_TIMEINTERVAL_CONNECT?LINKLAYER
            XDATA   07A8H     000FH     UNIT         ?XD?LINKLAYER
            XDATA   07B7H     000DH     UNIT         ?XD?_SETBLE_CONNTXDATA_ATT_ERROR_RESPONSE?LINKLAYER
            XDATA   07C4H     000CH     UNIT         ?XD?_ENTRYCMD?OTA
            XDATA   07D0H     000CH     UNIT         ?XD?_ENTRYDATA?OTA
            XDATA   07DCH     000AH     UNIT         ?XD?_BLE_SENDDATA?HOST
            XDATA   07E6H     0009H     UNIT         ?XD?EN_SLEEP?MCUFUNCTION
            XDATA   07EFH     0009H     UNIT         ?XD?ADVGO?LINKLAYER
            XDATA   07F8H     0009H     UNIT         ?XD?PRCSS_LL_FEATURE_REQ?LINKLAYER
            XDATA   0801H     0008H     UNIT         ?XD?ACQUIREMACADDRESS?IO_PWM
            XDATA   0809H     0008H     UNIT         ?XD?MAIN
            XDATA   0811H     0008H     UNIT         ?XD?_CMD_FLASHBOND?HOST
            XDATA   0819H     0008H     UNIT         ?XD?_BLE_SETCONNECTPARAMETERUPDATEREQUEST?LINKLAYER
            XDATA   0821H     0007H     UNIT         ?XD?INITBLE_ATTSERVPARAMTER?LINKLAYER
            XDATA   0828H     0007H     UNIT         ?XD?_WRITEFLASH_START?IAP
            XDATA   082FH     0007H     UNIT         ?XD?_IAP_READDATA?IAP
            XDATA   0836H     0007H     UNIT         ?XD?_IAP_WRITEDATA?IAP
            XDATA   083DH     0006H     UNIT         ?XD?PRCSS_OPCODE_ATT_READ_BLOB_REQUEST?HOST
            XDATA   0843H     0006H     UNIT         ?XD?PRCSS_OPCODE_ATT_WRITE_REQUEST?HOST
            XDATA   0849H     0006H     UNIT         ?XD?PRCSS_OPCODE_ATT_WRITE_COMMAND?HOST
            XDATA   084FH     0006H     UNIT         ?XD?SETBLE_TIMEINTERVAL_WINOFFSET?LINKLAYER
            XDATA   0855H     0006H     UNIT         ?XD?_SETBLE_CONNTXDATA?LINKLAYER
            XDATA   085BH     0006H     UNIT         ?XD?_SETBLE_CONNTXCTRL?LINKLAYER
            XDATA   0861H     0006H     UNIT         ?XD?PRCSS_LL_VERSION_IND?LINKLAYER
            XDATA   0867H     0005H     UNIT         ?XD?_TOASCII?MCUFUNCTION
            XDATA   086CH     0005H     UNIT         ?XD?PRCSS_OPCODE_ATT_FIND_INFORMATION_REQUEST?HOST
            XDATA   0871H     0005H     UNIT         ?XD?PRCSS_OPCODE_ATT_FIND_BY_TYPE_VALUE_REQUEST?HOST
            XDATA   0876H     0005H     UNIT         ?XD?_MARK_PID_INFO_FLASHBOND?HOST
            XDATA   087BH     0005H     UNIT         ?XD?_MARK_PID_DATA_FLASHBOND?HOST
            XDATA   0880H     0005H     UNIT         ?XD?FIL_DATA_FLASHBONDWEXST_PBID?HOST
            XDATA   0885H     0005H     UNIT         ?XD?_BLE_ADV_CMD?LINKLAYER
            XDATA   088AH     0004H     UNIT         ?XD?PRCSS_OPCODE_ATT_READ_REQUEST?HOST
            XDATA   088EH     0004H     UNIT         ?XD?RXDATA_PROCESS?LINKLAYER
            XDATA   0892H     0004H     UNIT         ?XD?PRCSS_LL_CONNECTION_UPDATE_REQ?LINKLAYER
            XDATA   0896H     0004H     UNIT         ?XD?PRCSS_LL_ENC_REQ?LINKLAYER
            XDATA   089AH     0003H     UNIT         ?XD?_HANDLERDATA?IO_PWM
            XDATA   089DH     0003H     UNIT         ?XD?_SETADV_TO?LINKLAYER
BL51 BANKED LINKER/LOCATER V6.22                                                      07/12/2019  22:43:00  PAGE 6


            XDATA   08A0H     0003H     UNIT         ?XD?PRCSS_LL_START_ENC_REQ?LINKLAYER
            XDATA   08A3H     0003H     UNIT         ?XD?ERASEAREA?OTA
            XDATA   08A6H     0002H     UNIT         ?XD?SENDBATTERY?IO_PWM
            XDATA   08A8H     0002H     UNIT         ?XD?PRCSS_OPCODE_ATT_READ_BY_TYPE_RESPONSE?HOST
            XDATA   08AAH     0002H     UNIT         ?XD?PRCSS_OPCODE_ATT_HANDLE_VALUE_NOTIFICATION?HOST
            XDATA   08ACH     0002H     UNIT         ?XD?_SETADV_RUN_CTRL?LINKLAYER
            XDATA   08AEH     0002H     UNIT         ?XD?A8107_CAL?RFA8107
            XDATA   08B0H     0002H     UNIT         ?XD?A8107_RCSELECT?RFA8107
            XDATA   08B2H     0001H     UNIT         ?XD?INTERRUPT
            XDATA   08B3H     0001H     UNIT         ?XD?_ERSDATA_FLASHBOND?HOST
            XDATA   08B4H     0001H     UNIT         ?XD?_ERSINFO_FLASHBOND?HOST
            XDATA   08B5H     0001H     UNIT         ?XD?FIL_INFO_FLASHBONDWEXST_PBID?HOST
            XDATA   08B6H     0001H     UNIT         ?XD?_BLE_INITIMMEDIATEALERTLEVEL?LINKLAYER
            XDATA   08B7H     0001H     UNIT         ?XD?_BLE_INITLINKLOSSALERTLEVEL?LINKLAYER
            XDATA   08B8H     0001H     UNIT         ?XD?PRCSS_LL_START_ENC_RSP?LINKLAYER
            XDATA   08B9H     0001H     UNIT         ?XD?PRCSS_LL_PAUSE_ENC_REQ?LINKLAYER
            XDATA   08BAH     0001H     UNIT         ?XD?SMPAES?LINKLAYER
            XDATA   08BBH     0001H     UNIT         ?XD?TXDATA_PROCESS?LINKLAYER
            XDATA   08BCH     0001H     UNIT         ?XD?_SETBLE_CHKCONNPARAM?LINKLAYER
            XDATA   08BDH     0001H     UNIT         ?XD?INITRF?RFA8107
            XDATA   08BEH     0001H     UNIT         ?XD?_CHGROUPCAL?RFA8107
            XDATA   08BFH     0001H     UNIT         ?XD?_BLE_SETTXPOWER?RFA8107
            XDATA   08C0H     0001H     UNIT         ?XD?BATTERYDETECT?RFA8107
            XDATA   08C1H     0001H     UNIT         ?XD?RFA8107
            XDATA   08C2H     0001H     UNIT         ?XD?OTA_UPDATASPEED?OTA
            XDATA   08C3H     0001H     UNIT         ?XD?OTA_PROCESS?OTA
            XDATA   08C4H     0001H     UNIT         ?XD?WRITEBONDINGINFO?OTA
                    08C5H     063BH                  *** GAP ***
            XDATA   0F00H     0001H     ABSOLUTE     
            XDATA   0F01H     0001H     ABSOLUTE     
            XDATA   0F02H     0001H     ABSOLUTE     
            XDATA   0F03H     0002H     ABSOLUTE     
            XDATA   0F05H     0002H     ABSOLUTE     
            XDATA   0F07H     0014H     ABSOLUTE     
            XDATA   0F1BH     0010H     ABSOLUTE     
            XDATA   0F2BH     0001H     ABSOLUTE     
            XDATA   0F2CH     0001H     ABSOLUTE     

            * * * * * * *   C O D E   M E M O R Y   * * * * * * *
            CODE    0000H     0004H     ABSOLUTE     
                    0004H     0007H                  *** GAP ***
            CODE    000BH     0003H     ABSOLUTE     
                    000EH     0005H                  *** GAP ***
            CODE    0013H     0003H     ABSOLUTE     
                    0016H     0005H                  *** GAP ***
            CODE    001BH     0003H     ABSOLUTE     
                    001EH     0005H                  *** GAP ***
            CODE    0023H     0003H     ABSOLUTE     
                    0026H     0005H                  *** GAP ***
            CODE    002BH     0003H     ABSOLUTE     
                    002EH     0005H                  *** GAP ***
            CODE    0033H     0003H     ABSOLUTE     
                    0036H     0005H                  *** GAP ***
            CODE    003BH     0003H     ABSOLUTE     
                    003EH     0005H                  *** GAP ***
            CODE    0043H     0003H     ABSOLUTE     
                    0046H     0005H                  *** GAP ***
BL51 BANKED LINKER/LOCATER V6.22                                                      07/12/2019  22:43:00  PAGE 7


            CODE    004BH     0003H     ABSOLUTE     
                    004EH     0005H                  *** GAP ***
            CODE    0053H     0003H     ABSOLUTE     
                    0056H     0005H                  *** GAP ***
            CODE    005BH     0003H     ABSOLUTE     
                    005EH     0005H                  *** GAP ***
            CODE    0063H     0003H     ABSOLUTE     
                    0066H     0005H                  *** GAP ***
            CODE    006BH     0003H     ABSOLUTE     
                    006EH     0005H                  *** GAP ***
            CODE    0073H     0003H     ABSOLUTE     
                    0076H     0005H                  *** GAP ***
            CODE    007BH     0191H     ABSOLUTE     
                    020CH     00ECH                  *** GAP ***
            CODE    02F8H     0008H     ABSOLUTE     
            CODE    0300H     0003H     ABSOLUTE     
            CODE    0303H     0004H     UNIT         ?PR?FLASH_INITIAL?IAP
            CODE    0307H     0004H     UNIT         ?PR?FLASH_RELEASE?IAP
            CODE    030BH     0003H     ABSOLUTE     
            CODE    030EH     0005H     UNIT         ?PR?BATTERYSEND?IO_PWM
            CODE    0313H     0003H     ABSOLUTE     
            CODE    0316H     0005H     UNIT         ?PR?WORK?IO_PWM
            CODE    031BH     0003H     ABSOLUTE     
            CODE    031EH     0005H     UNIT         ?PR?LEDHINT?IO_PWM
            CODE    0323H     0003H     ABSOLUTE     
            CODE    0326H     0005H     UNIT         ?PR?SETINTOSLEEPFLAG?MCUFUNCTION
            CODE    032BH     0003H     ABSOLUTE     
            CODE    032EH     0009H     UNIT         ?PR?PRCSS_OPCODE_ATT_READ_MULTIPLE_REQUEST?HOST
            CODE    0337H     0003H     UNIT         ?PR?UPDATE_INIT?IO_PWM
            CODE    033AH     0001H     UNIT         ?PR?MOUSEDEMO?MAIN
            CODE    033BH     0003H     ABSOLUTE     
            CODE    033EH     0005H     UNIT         ?PR?EN_RECOVERY?MCUFUNCTION
            CODE    0343H     0003H     ABSOLUTE     
            CODE    0346H     0005H     UNIT         ?PR?ENABLE_TIMER1?MCUFUNCTION
            CODE    034BH     0003H     ABSOLUTE     
            CODE    034EH     0005H     UNIT         ?PR?DISABLE_TIMER1?MCUFUNCTION
            CODE    0353H     0003H     ABSOLUTE     
            CODE    0356H     0003H     UNIT         ?PR?ISINTOSLEEP?MCUFUNCTION
            CODE    0359H     0001H     UNIT         ?PR?PRCSS_L2CAP_CID_NULL_IDENTIFIER?HOST
            CODE    035AH     0001H     UNIT         ?PR?PRCSS_L2CAP_CID_L2CAP_SIGNALING_CHANNEL?HOST
            CODE    035BH     0003H     ABSOLUTE     
            CODE    035EH     0023H     UNIT         ?PR?FLASH_PROTECT_BATTERY?IAP
            CODE    0381H     0004H     UNIT         ?PR?PWE_ENABLE?IAP
            CODE    0385H     009FH     UNIT         ?PR?_ERASE_START?IAP
            CODE    0424H     0121H     UNIT         ?PR?_WRITEFLASH_START?IAP
            CODE    0545H     0007H     UNIT         ?PR?IAP_INITIALIZE?IAP
            CODE    054CH     0007H     UNIT         ?PR?_IAP_BANKSWITCH?IAP
            CODE    0553H     0011H     UNIT         ?PR?_IAP_INIT?IAP
            CODE    0564H     008BH     UNIT         ?PR?_IAP_ERASE?IAP
            CODE    05EFH     0038H     UNIT         ?PR?_IAP_READDATA?IAP
            CODE    0627H     009CH     UNIT         ?PR?_IAP_WRITEDATA?IAP
            CODE    06C3H     0012H     UNIT         ?PR?RESET4OTA?OTA
            CODE    06D5H     0011H     UNIT         ?PR?ERASECKCODE?OTA
            CODE    06E6H     00A4H     UNIT         ?PR?ERASEAREA?OTA
            CODE    078AH     016FH     UNIT         ?PR?_ENTRYCMD?OTA
            CODE    08F9H     01FBH     UNIT         ?PR?_ENTRYDATA?OTA
            CODE    0AF4H     0017H     UNIT         ?PR?OTA_INITIALIZE?OTA
BL51 BANKED LINKER/LOCATER V6.22                                                      07/12/2019  22:43:00  PAGE 8


            CODE    0B0BH     0066H     UNIT         ?PR?OTA_UPDATASPEED?OTA
            CODE    0B71H     0040H     UNIT         ?PR?_OTA_SETRECEIVEDATA?OTA
            CODE    0BB1H     00F4H     UNIT         ?PR?OTA_PROCESS?OTA
            CODE    0CA5H     00B1H     UNIT         ?PR?WRITEBONDINGINFO?OTA
            CODE    0D56H     00AFH     UNIT         ?PR?OTA
            CODE    0E05H     08D1H     UNIT         ?C?LIB_CODE
            CODE    16D6H     0025H     UNIT         ?PR?INITRF?RFA8107
            CODE    16FBH     0015H     UNIT         ?PR?A8107_WRITEID?RFA8107
            CODE    1710H     006DH     UNIT         ?PR?A8107_CONFIG?RFA8107
            CODE    177DH     0057H     UNIT         ?PR?A8107_CAL?RFA8107
            CODE    17D4H     0006H     UNIT         ?PR?_STROBECMD?RFA8107
            CODE    17DAH     0034H     UNIT         ?PR?_CHGROUPCAL?RFA8107
            CODE    180EH     0002H     UNIT         ?PR?ERR_STATE?RFA8107
            CODE    1810H     0010H     UNIT         ?PR?INITCRC?RFA8107
            CODE    1820H     00BBH     UNIT         ?PR?A8107_RCSELECT?RFA8107
            CODE    18DBH     0016H     UNIT         ?PR?_INITCRYSTALCL?RFA8107
            CODE    18F1H     0014H     UNIT         ?PR?RF_RC_DISABLE?RFA8107
            CODE    1905H     0003H     UNIT         ?PR?INTERRUPTDISABLE?RFA8107
            CODE    1908H     0003H     UNIT         ?PR?INTERRUPTENABLE?RFA8107
            CODE    190BH     00EDH     UNIT         ?PR?_BLE_SETTXPOWER?RFA8107
            CODE    19F8H     001FH     UNIT         ?PR?INITTIMER0?RFA8107
            CODE    1A17H     0050H     UNIT         ?PR?TIMER0ISR?RFA8107
            CODE    1A67H     0005H     UNIT         ?PR?ENABLETIMER0?RFA8107
            CODE    1A6CH     000AH     UNIT         ?PR?DISABLETIMER0?RFA8107
            CODE    1A76H     001CH     UNIT         ?PR?GETRSSI?RFA8107
            CODE    1A92H     004AH     UNIT         ?PR?SETRXWINDOWTIMING?RFA8107
            CODE    1ADCH     001BH     UNIT         ?PR?__DELAY5US?RFA8107
            CODE    1AF7H     0140H     UNIT         ?PR?BATTERYDETECT?RFA8107
            CODE    1C37H     0006H     UNIT         ?PR?RF_GETBATTERYRESULT?RFA8107
            CODE    1C3DH     0009H     UNIT         ?PR?RF_GETRSSIRESULT?RFA8107
            CODE    1C46H     00B3H     UNIT         ?PR?PARTIAL_INITRF?RFA8107
            CODE    1CF9H     0112H     UNIT         ?PR?RFA8107
            CODE    1E0BH     01B8H     UNIT         ?PR?INITBLE?LINKLAYER
            CODE    1FC3H     0072H     UNIT         ?PR?_BLE_ADV_CMD?LINKLAYER
            CODE    2035H     0017H     UNIT         ?PR?_SETADV_CHANNEL?LINKLAYER
            CODE    204CH     001BH     UNIT         ?PR?_SETADV_TYPE?LINKLAYER
            CODE    2067H     0029H     UNIT         ?PR?_SETADV_TIMING?LINKLAYER
            CODE    2090H     0043H     UNIT         ?PR?_SETADV_TO?LINKLAYER
            CODE    20D3H     0017H     UNIT         ?PR?_SETADV_RND_CTRL?LINKLAYER
            CODE    20EAH     0017H     UNIT         ?PR?_SETADV_TO_CTRL?LINKLAYER
            CODE    2101H     00A1H     UNIT         ?PR?_SETADV_RUN_CTRL?LINKLAYER
            CODE    21A2H     025AH     UNIT         ?PR?INITBLE_ATTSERVPARAMTER?LINKLAYER
            CODE    23FCH     019FH     UNIT         ?PR?BLE_SLAVE_PROCESS?LINKLAYER
            CODE    259BH     04EAH     UNIT         ?PR?ADVGO?LINKLAYER
            CODE    2A85H     009BH     UNIT         ?PR?INITBLESW?LINKLAYER
            CODE    2B20H     0047H     UNIT         ?PR?INITBLESMP_RE?LINKLAYER
            CODE    2B67H     0014H     UNIT         ?PR?INITBLESMP?LINKLAYER
            CODE    2B7BH     0062H     UNIT         ?PR?_BLE_INITIMMEDIATEALERTLEVEL?LINKLAYER
            CODE    2BDDH     0062H     UNIT         ?PR?_BLE_INITLINKLOSSALERTLEVEL?LINKLAYER
            CODE    2C3FH     0006H     UNIT         ?PR?ADV_ACK_ENABLE?LINKLAYER
            CODE    2C45H     000BH     UNIT         ?PR?_SETBLE_ADVPDU?LINKLAYER
            CODE    2C50H     0008H     UNIT         ?PR?_SETBLE_ADVLENGTH?LINKLAYER
            CODE    2C58H     0006H     UNIT         ?PR?ADV_ACK_DISABLE?LINKLAYER
            CODE    2C5EH     0079H     UNIT         ?PR?GETBLE_LINKMESSAGE?LINKLAYER
            CODE    2CD7H     00AAH     UNIT         ?PR?RXPACKET?LINKLAYER
            CODE    2D81H     0058H     UNIT         ?PR?SETBLE_TIMEINTERVAL_WINOFFSET?LINKLAYER
            CODE    2DD9H     000BH     UNIT         ?PR?TMR_INTERRUPT_ENABLE?LINKLAYER
BL51 BANKED LINKER/LOCATER V6.22                                                      07/12/2019  22:43:00  PAGE 9


            CODE    2DE4H     000BH     UNIT         ?PR?CONNECT_ACK_ENABLE?LINKLAYER
            CODE    2DEFH     0056H     UNIT         ?PR?DC_SHIFT?LINKLAYER
            CODE    2E45H     00AFH     UNIT         ?PR?SETBLE_CHANNEL?LINKLAYER
            CODE    2EF4H     000DH     UNIT         ?PR?TMR_INTERRUPT_DISABLE?LINKLAYER
            CODE    2F01H     0298H     UNIT         ?PR?CONNECTESTABLISH?LINKLAYER
            CODE    3199H     0023H     UNIT         ?PR?_SETBLE_CHECK_SN_NESN?LINKLAYER
            CODE    31BCH     000BH     UNIT         ?PR?CONNECT_ACK_DISABLE?LINKLAYER
            CODE    31C7H     01A9H     UNIT         ?PR?SETBLE_TIMEINTERVAL_CONNECT?LINKLAYER
            CODE    3370H     0049H     UNIT         ?PR?_SETBLE_SN_NESN?LINKLAYER
            CODE    33B9H     01EFH     UNIT         ?PR?ACKDATA_PROCESS?LINKLAYER
            CODE    35A8H     003BH     UNIT         ?PR?_A8107_RX_PKT_NUM?LINKLAYER
            CODE    35E3H     0142H     UNIT         ?PR?MD_PROCEDURE?LINKLAYER
            CODE    3725H     000BH     UNIT         ?PR?SETBLE_CONNDISSLV?LINKLAYER
            CODE    3730H     00B4H     UNIT         ?PR?_SETBLE_CONNTXDATA?LINKLAYER
            CODE    37E4H     003BH     UNIT         ?PR?_A8107_TX_PKT_NUM?LINKLAYER
            CODE    381FH     0026H     UNIT         ?PR?SETBLE_LLTERMINATE?LINKLAYER
            CODE    3845H     00CBH     UNIT         ?PR?RXDATA_PROCESS?LINKLAYER
            CODE    3910H     00CCH     UNIT         ?PR?_SETBLE_CONNTXCTRL?LINKLAYER
            CODE    39DCH     0110H     UNIT         ?PR?PRCSS_LL_CONNECTION_UPDATE_REQ?LINKLAYER
            CODE    3AECH     006CH     UNIT         ?PR?PRCSS_LL_CHANNEL_MAP_REQ?LINKLAYER
            CODE    3B58H     0003H     UNIT         ?PR?PRCSS_LL_TERMINATE_IND?LINKLAYER
            CODE    3B5BH     0394H     UNIT         ?PR?PRCSS_LL_ENC_REQ?LINKLAYER
            CODE    3EEFH     0001H     UNIT         ?PR?PRCSS_LL_ENC_RSP?LINKLAYER
            CODE    3EF0H     0046H     UNIT         ?PR?PRCSS_LL_START_ENC_REQ?LINKLAYER
            CODE    3F36H     009FH     UNIT         ?PR?PRCSS_LL_START_ENC_RSP?LINKLAYER
            CODE    3FD5H     0001H     UNIT         ?PR?PRCSS_LL_UNKNOWN_RSP?LINKLAYER
            CODE    3FD6H     0033H     UNIT         ?PR?PRCSS_LL_FEATURE_REQ?LINKLAYER
            CODE    4009H     0001H     UNIT         ?PR?PRCSS_LL_FEATURE_RSP?LINKLAYER
            CODE    400AH     0077H     UNIT         ?PR?PRCSS_LL_PAUSE_ENC_REQ?LINKLAYER
            CODE    4081H     0020H     UNIT         ?PR?PRCSS_LL_PAUSE_ENC_RSP?LINKLAYER
            CODE    40A1H     0029H     UNIT         ?PR?PRCSS_LL_VERSION_IND?LINKLAYER
            CODE    40CAH     0001H     UNIT         ?PR?PRCSS_LL_REJECT_IND?LINKLAYER
            CODE    40CBH     0001H     UNIT         ?PR?PRCSS_LL_SLAVE_FEATURE_REQ?LINKLAYER
            CODE    40CCH     0001H     UNIT         ?PR?PRCSS_LL_CONNECT_PARAM_REQ?LINKLAYER
            CODE    40CDH     0001H     UNIT         ?PR?PRCSS_LL_CONNECT_PARAM_RSP?LINKLAYER
            CODE    40CEH     0001H     UNIT         ?PR?PRCSS_LL_REJECT_IND_EXT?LINKLAYER
            CODE    40CFH     0001H     UNIT         ?PR?PRCSS_LL_PING_REQ?LINKLAYER
            CODE    40D0H     0001H     UNIT         ?PR?PRCSS_LL_PING_RSP?LINKLAYER
            CODE    40D1H     0001H     UNIT         ?PR?PRCSS_LL_LENGTH_REQ?LINKLAYER
            CODE    40D2H     0001H     UNIT         ?PR?PRCSS_LL_LENGTH_RSP?LINKLAYER
            CODE    40D3H     0003H     UNIT         ?PR?SETBLE_CONNDIS?LINKLAYER
            CODE    40D6H     002FH     UNIT         ?PR?_SETBLE_CONNTXDATA_ATT_ERROR_RESPONSE?LINKLAYER
            CODE    4105H     0114H     UNIT         ?PR?_SMPC1?LINKLAYER
            CODE    4219H     003AH     UNIT         ?PR?_SMPS1?LINKLAYER
            CODE    4253H     0014H     UNIT         ?PR?A8107_READAESDATA?LINKLAYER
            CODE    4267H     001DH     UNIT         ?PR?SETBLE_LLBUSY?LINKLAYER
            CODE    4284H     0072H     UNIT         ?PR?SMPAES?LINKLAYER
            CODE    42F6H     001BH     UNIT         ?PR?A8107_WRITEAESKEY?LINKLAYER
            CODE    4311H     0014H     UNIT         ?PR?A8107_WRITEAESDATA?LINKLAYER
            CODE    4325H     01B9H     UNIT         ?PR?TXDATA_PROCESS?LINKLAYER
            CODE    44DEH     0009H     UNIT         ?PR?BLE_GETLINKLOSSCOUNT?LINKLAYER
            CODE    44E7H     000DH     UNIT         ?PR?BLE_SETTERMINATE?LINKLAYER
            CODE    44F4H     002BH     UNIT         ?PR?BLE_AUTOPWRDOWN_ENABLE?LINKLAYER
            CODE    451FH     0003H     UNIT         ?PR?BLE_AUTOPWRDOWN_DISABLE?LINKLAYER
            CODE    4522H     0006H     UNIT         ?PR?BLE_GETPWRSTATE?LINKLAYER
            CODE    4528H     0007H     UNIT         ?PR?BLE_GETEMPTYCOUNT?LINKLAYER
            CODE    452FH     00DBH     UNIT         ?PR?_BLE_SETCONNECTPARAMETERUPDATEREQUEST?LINKLAYER
BL51 BANKED LINKER/LOCATER V6.22                                                      07/12/2019  22:43:00  PAGE 10


            CODE    460AH     0017H     UNIT         ?PR?BLE_GETCONNECTUPDATERESULT?LINKLAYER
            CODE    4621H     002EH     UNIT         ?PR?SETBLE_CONNECTUPDATE?LINKLAYER
            CODE    464FH     000DH     UNIT         ?PR?BLE_GETCONNECTPARAMETER?LINKLAYER
            CODE    465CH     000FH     UNIT         ?PR?BLE_GETTERMINATERESULT?LINKLAYER
            CODE    466BH     0003H     UNIT         ?PR?BLE_WHITELIST_ENABLE?LINKLAYER
            CODE    466EH     0003H     UNIT         ?PR?BLE_WHITELIST_DISABLE?LINKLAYER
            CODE    4671H     0006H     UNIT         ?PR?BLE_GETWHITELIST_STATUS?LINKLAYER
            CODE    4677H     000DH     UNIT         ?PR?BLE_GETCONNECTSERVERADDRESS?LINKLAYER
            CODE    4684H     0020H     UNIT         ?PR?_BLE_SETWHITELIST?LINKLAYER
            CODE    46A4H     00B0H     UNIT         ?PR?_SETBLE_CHKCONNPARAM?LINKLAYER
            CODE    4754H     0621H     UNIT         ?PR?LINKLAYER
            CODE    4D75H     0009H     UNIT         ?PR?INT1_ISR?INTERRUPT
            CODE    4D7EH     005FH     UNIT         ?PR?TIMER1_ISR?INTERRUPT
            CODE    4DDDH     0009H     UNIT         ?PR?UART0ISR?INTERRUPT
            CODE    4DE6H     0002H     UNIT         ?PR?TIMER2_ISR?INTERRUPT
            CODE    4DE8H     0002H     UNIT         ?PR?INT2_ISR?INTERRUPT
            CODE    4DEAH     0001H     UNIT         ?PR?SLEEPTIMER1_ISR?INTERRUPT
            CODE    4DEBH     0002H     UNIT         ?PR?RTC_ISR?INTERRUPT
            CODE    4DEDH     006BH     UNIT         ?PR?RFISR?INTERRUPT
            CODE    4E58H     000EH     UNIT         ?PR?KEYINT_ISR?INTERRUPT
            CODE    4E66H     01E4H     UNIT         ?PR?MAIN?MAIN
            CODE    504AH     06B3H     UNIT         ?PR?_CMD_FLASHBOND?HOST
            CODE    56FDH     0696H     UNIT         ?PR?HOST
            CODE    5D93H     05D6H     UNIT         ?CO?SERVICEGEN
            CODE    6369H     03A5H     UNIT         ?PR?PRCSS_OPCODE_ATT_READ_BY_GROUP_TYPE_REQUEST?HOST
            CODE    670EH     031DH     UNIT         ?PR?PRCSS_OPCODE_ATT_WRITE_REQUEST?HOST
            CODE    6A2BH     02FDH     UNIT         ?PR?PRCSS_OPCODE_ATT_READ_BY_TYPE_REQUEST?HOST
            CODE    6D28H     02D8H     UNIT         ?PR?PRCSS_OPCODE_ATT_WRITE_COMMAND?HOST
            CODE    7000H     0203H     UNIT         ?CO?HOST
            CODE    7203H     01E8H     UNIT         ?PR?PRCSS_OPCODE_ATT_READ_BY_TYPE_RESPONSE?HOST
            CODE    73EBH     01CBH     UNIT         ?C_INITSEG
            CODE    75B6H     019BH     UNIT         ?PR?PRCSS_OPCODE_ATT_FIND_INFORMATION_REQUEST?HOST
            CODE    7751H     018EH     UNIT         ?PR?_BLE_SENDDATA?HOST
            CODE    78DFH     0102H     UNIT         ?PR?FIL_DATA_FLASHBONDWEXST_PBID?HOST
            CODE    79E1H     001FH     UNIT         ?PR?PRCSS_L2CAP_CID_SECURITY_MANAGER_PROTOCOL?HOST
            CODE    7A00H     0200H     ABSOLUTE     
            CODE    7C00H     0300H     ABSOLUTE     
            CODE    7F00H     00F3H     UNIT         ?PR?PRCSS_BLE_CODE_SMP_PAIRING_RANDOM?HOST
            CODE    7FF3H     0001H     UNIT         ?PR?PRCSS_L2CAP_CID_CONNECTIONLESS_CHANNEL?HOST
            CODE    7FF4H     000CH     ABSOLUTE     
            CODE    8000H     0189H     UNIT         ?PR?PRCSS_OPCODE_ATT_FIND_BY_TYPE_VALUE_REQUEST?HOST
            CODE    8189H     015DH     UNIT         ?PR?PRCSS_OPCODE_ATT_FIND_INFORMATION_RESPONSE?HOST
            CODE    82E6H     0149H     UNIT         ?PR?PRCSS_OPCODE_ATT_READ_BLOB_REQUEST?HOST
            CODE    842FH     00C4H     UNIT         ?PR?PRCSS_OPCODE_ATT_READ_REQUEST?HOST
            CODE    84F3H     00BFH     UNIT         ?PR?SUB_FUNCTION?IO_PWM
            CODE    85B2H     00B6H     UNIT         ?PR?FIL_INFO_FLASHBONDWEXST_PBID?HOST
            CODE    8668H     00A9H     UNIT         ?PR?_HANDLERDATA?IO_PWM
            CODE    8711H     009AH     UNIT         ?PR?PRCSS_BLE_CODE_SMP_PAIRING_CONFIRM?HOST
            CODE    87ABH     0096H     UNIT         ?PR?PRCSS_BLE_CODE_SMP_PAIRING_REQUEST?HOST
            CODE    8841H     008DH     UNIT         ?PR?_BLE_ANCS_SEND_CONTROL_POINT?HOST
            CODE    88CEH     008CH     UNIT         ?C_C51STARTUP
            CODE    895AH     0082H     UNIT         ?CO?LINKLAYER
            CODE    89DCH     0080H     UNIT         ?PR?PRCSS_OPCODE_ATT_HANDLE_VALUE_NOTIFICATION?HOST
            CODE    8A5CH     0073H     UNIT         ?CO?RFA8107
            CODE    8ACFH     0066H     UNIT         ?PR?SENDBATTERY?IO_PWM
            CODE    8B35H     0060H     UNIT         ?CO?MAIN
            CODE    8B95H     0058H     UNIT         ?PR?PRCSS_OPCODE_ATT_FIND_BY_TYPE_VALUE_RESPONSE?HOST
BL51 BANKED LINKER/LOCATER V6.22                                                      07/12/2019  22:43:00  PAGE 11


            CODE    8BEDH     0057H     UNIT         ?PR?PWM_DEAL?IO_PWM
            CODE    8C44H     0052H     UNIT         ?PR?SETBLE_ANCS_NOTIFICATINOSOURCE?HOST
            CODE    8C96H     0052H     UNIT         ?PR?SETBLE_ANCS_DATASOURCE?HOST
            CODE    8CE8H     004FH     UNIT         ?PR?_CHKBLE_ATTRIBUTE_PERMISSION_READ?HOST
            CODE    8D37H     004FH     UNIT         ?PR?_CHKBLE_ATTRIBUTE_PERMISSION_WRITE?HOST
            CODE    8D86H     004EH     UNIT         ?PR?TIMER_DETECT?IO_PWM
            CODE    8DD4H     004AH     UNIT         ?PR?GETADC12BITVALUE?IO_PWM
            CODE    8E1EH     0048H     UNIT         ?PR?_MARK_PID_DATA_FLASHBOND?HOST
            CODE    8E66H     0044H     UNIT         ?PR?_MARK_PID_INFO_FLASHBOND?HOST
            CODE    8EAAH     0040H     UNIT         ?PR?SETBLE_ANCS_DISCOVER?HOST
            CODE    8EEAH     003CH     UNIT         ?CO?MCUFUNCTION
            CODE    8F26H     003AH     UNIT         ?PR?ACQUIREMACADDRESS?IO_PWM
            CODE    8F60H     0037H     UNIT         ?PR?_TWOR05TIMER?MCUFUNCTION
            CODE    8F97H     0036H     UNIT         ?PR?INITMCU?MCUFUNCTION
            CODE    8FCDH     0036H     UNIT         ?PR?PRCSS_L2CAP_CID_ATTRIBUTE_PROTOCOL?HOST
            CODE    9003H     0036H     UNIT         ?PR?PRCSS_L2CAP_CID_LE_L2CAP_SIGNALING_CHANNEL?HOST
            CODE    9039H     0036H     UNIT         ?PR?PRCSS_OPCODE_ATT_ERROR_RESPONSE?HOST
            CODE    906FH     0031H     UNIT         ?PR?PRCSS_BLE_CODE_SMP_MASTER_IDENTIFICATION?HOST
            CODE    90A0H     0030H     UNIT         ?PR?PWM_INIT?IO_PWM
            CODE    90D0H     002EH     UNIT         ?PR?_BLE_SENDDATAPACKET?IO_PWM
            CODE    90FEH     002EH     UNIT         ?PR?MODE_STOP?IO_PWM
            CODE    912CH     002CH     UNIT         ?PR?DETECTCHARGE?IO_PWM
            CODE    9158H     002CH     UNIT         ?PR?BLE_ANCS_DISCOVER?HOST
            CODE    9184H     002AH     UNIT         ?PR?BLE_ANCS_DATASOURCE_ENABLE?HOST
            CODE    91AEH     002AH     UNIT         ?PR?BLE_ANCS_DATASOURCE_DISABLE?HOST
            CODE    91D8H     0029H     UNIT         ?PR?IO_PWM
            CODE    9201H     0024H     UNIT         ?PR?EN_SLEEP?MCUFUNCTION
            CODE    9225H     0023H     UNIT         ?PR?_DELAY?IO_PWM
            CODE    9248H     0022H     UNIT         ?PR?MOTORSHOCK?IO_PWM
            CODE    926AH     0020H     UNIT         ?PR?BLE_GETANCS_RESULT?HOST
            CODE    928AH     001EH     UNIT         ?PR?_TOASCII?MCUFUNCTION
            CODE    92A8H     001EH     UNIT         ?PR?_GETBLE_ATTRIBUTE_VALUE_DYNMCLNGTH?HOST
            CODE    92C6H     001DH     UNIT         ?PR?MAIN
            CODE    92E3H     001DH     UNIT         ?PR?INITISR_TIMER1?MCUFUNCTION
            CODE    9300H     001DH     UNIT         ?PR?PRCSS_BLE_CODE_SMP_SECURITY_REQUEST?HOST
            CODE    931DH     001CH     UNIT         ?PR?EN_P30_WAKEUP_INIT?MCUFUNCTION
            CODE    9339H     001BH     UNIT         ?PR?_ERSDATA_FLASHBOND?HOST
            CODE    9354H     001BH     UNIT         ?PR?_ERSINFO_FLASHBOND?HOST
            CODE    936FH     001BH     UNIT         ?PR?BLE_ANCS_NOTIFICATIONSOURCE_ENABLE?HOST
            CODE    938AH     001BH     UNIT         ?PR?BLE_ANCS_NOTIFICATIONSOURCE_DISABLE?HOST
            CODE    93A5H     001AH     UNIT         ?PR?_GETRATE?IO_PWM
            CODE    93BFH     001AH     UNIT         ?PR?PRCSS_OPCODE_ATT_EXCHANGE_MTU_REQUEST?HOST
            CODE    93D9H     0016H     UNIT         ?PR?_GETBLE_ATTRIBUTE_TYPE_SIZE?HOST
            CODE    93EFH     0015H     UNIT         ?PR?PRCSS_BLE_CODE_SMP_IDENTITY_INFORMATION?HOST
            CODE    9404H     0015H     UNIT         ?PR?PRCSS_BLE_CODE_SMP_SIGNING_INFORMATION?HOST
            CODE    9419H     0012H     UNIT         ?PR?PRCSS_BLE_CODE_SMP_PAIRING_FAILED?HOST
            CODE    942BH     0011H     UNIT         ?PR?PRCSS_BLE_CODE_SMP_ENCRYPTION_INFORMATION?HOST
            CODE    943CH     000FH     UNIT         ?PR?CONNECTED_INIT?IO_PWM
            CODE    944BH     000EH     UNIT         ?PR?CLEAR?IO_PWM
            CODE    9459H     0009H     UNIT         ?PR?PRCSS_OPCODE_ATT_PREPARE_WRITE_REQUEST?HOST
            CODE    9462H     0009H     UNIT         ?PR?PRCSS_OPCODE_ATT_EXECUTE_WRITE_REQUEST?HOST
            CODE    946BH     0009H     UNIT         ?PR?BLE_GETWRITEENVET?HOST
            CODE    9474H     0009H     UNIT         ?PR?BLE_GET_ANCS_NOFITICATION_ENVET?HOST
            CODE    947DH     0007H     UNIT         ?PR?EN_P30_WAKEUP_ENABLE?MCUFUNCTION
            CODE    9484H     0006H     UNIT         ?PR?BLE_GETWRITEENVET_LENGTH?HOST
            CODE    948AH     0006H     UNIT         ?PR?BLE_GET_ANCS_NOTIFICATION_LENGTH?HOST
            CODE    9490H     0003H     UNIT         ?PR?RESET?USERMCUFUNCTION
BL51 BANKED LINKER/LOCATER V6.22                                                      07/12/2019  22:43:00  PAGE 12


            CODE    9493H     0003H     UNIT         ?PR?PRCSS_OPCODE_ATT_HANDLE_VALUE_CONFIRMATION?HOST
            CODE    9496H     0001H     UNIT         ?PR?PRCSS_L2CAP_CID_AMP_MANAGER_PROTOCOL?HOST
            CODE    9497H     0001H     UNIT         ?PR?PRCSS_OPCODE_ATT_NULL?HOST
            CODE    9498H     0001H     UNIT         ?PR?PRCSS_OPCODE_ATT_EXCHANGE_MTU_RESPONSE?HOST
            CODE    9499H     0001H     UNIT         ?PR?PRCSS_OPCODE_ATT_READ_RESPONSE?HOST
            CODE    949AH     0001H     UNIT         ?PR?PRCSS_OPCODE_ATT_READ_BLOB_RESPONSE?HOST
            CODE    949BH     0001H     UNIT         ?PR?PRCSS_OPCODE_ATT_READ_MULTIPLE_RESPONSE?HOST
            CODE    949CH     0001H     UNIT         ?PR?PRCSS_OPCODE_ATT_READ_BY_GROUP_TYPE_RESPONSE?HOST
            CODE    949DH     0001H     UNIT         ?PR?PRCSS_OPCODE_ATT_WRITE_RESPONSE?HOST
            CODE    949EH     0001H     UNIT         ?PR?PRCSS_OPCODE_ATT_PREPARE_WRITE_RESPONSE?HOST
            CODE    949FH     0001H     UNIT         ?PR?PRCSS_OPCODE_ATT_EXECUTE_WRITE_RESPONSE?HOST
            CODE    94A0H     0001H     UNIT         ?PR?PRCSS_OPCODE_ATT_HANDLE_VALUE_INDICATION?HOST
            CODE    94A1H     0001H     UNIT         ?PR?PRCSS_OPCODE_ATT_SIGNED_WRITE_COMMAND?HOST
            CODE    94A2H     0001H     UNIT         ?PR?PRCSS_BLE_CODE_SMP_RESERVED?HOST
            CODE    94A3H     0001H     UNIT         ?PR?PRCSS_BLE_CODE_SMP_PAIRING_RESPONSE?HOST
            CODE    94A4H     0001H     UNIT         ?PR?PRCSS_BLE_CODE_SMP_IDENTITY_ADDRESS_INFORMATION?HOST
                    94A5H     6B59H                  *** GAP ***
            CODE    FFFEH     0002H     ABSOLUTE     



SYMBOL TABLE OF MODULE:  ..\output\bt_camera (INTERRUPT)

  VALUE           TYPE          NAME
  ----------------------------------

  -------         MODULE        INTERRUPT
  C:0000H         SYMBOL        _ICE_DUMMY_
  C:4DDDH         PUBLIC        Uart0Isr
  D:00E3H         PUBLIC        P3WUN
  D:0080H         PUBLIC        P0
  D:0090H         PUBLIC        P1
  C:4DEAH         PUBLIC        SleepTimer1_ISR
  D:00A0H         PUBLIC        P2
  D:00B0H         PUBLIC        P3
  C:4D7EH         PUBLIC        Timer1_ISR
  C:4DE6H         PUBLIC        Timer2_ISR
  C:4DEDH         PUBLIC        RFISR
  D:00A8H         PUBLIC        IE
  D:00B8H         PUBLIC        IP
  X:08B2H         PUBLIC        BLE_INT_FLAG
  D:0087H         PUBLIC        PCON
  D:0098H         PUBLIC        SCON
  D:0088H         PUBLIC        TCON
  C:4DEBH         PUBLIC        RTC_ISR
  D:00E8H         PUBLIC        EIE
  D:0091H         PUBLIC        EIF
  C:4E58H         PUBLIC        KeyINT_ISR
  D:00C8H         PUBLIC        T2CON
  C:4D75H         PUBLIC        INT1_ISR
  C:4DE8H         PUBLIC        INT2_ISR
  D:00D0H         PUBLIC        PSW
  -------         PROC          INT1_ISR
  C:4D75H         LINE#         23
  C:4D77H         LINE#         26
  C:4D7AH         LINE#         27
  C:4D7BH         LINE#         28
BL51 BANKED LINKER/LOCATER V6.22                                                      07/12/2019  22:43:00  PAGE 13


  -------         ENDPROC       INT1_ISR
  -------         PROC          TIMER1_ISR
  C:4D7EH         LINE#         33
  C:4DA0H         LINE#         36
  C:4DAAH         LINE#         38
  C:4DADH         LINE#         41
  C:4DB8H         LINE#         42
  C:4DBAH         LINE#         43
  -------         ENDPROC       TIMER1_ISR
  -------         PROC          UART0ISR
  C:4DDDH         LINE#         48
  C:4DDFH         LINE#         51
  C:4DE2H         LINE#         52
  C:4DE3H         LINE#         53
  -------         ENDPROC       UART0ISR
  -------         PROC          TIMER2_ISR
  C:4DE6H         LINE#         58
  C:4DE6H         LINE#         61
  C:4DE7H         LINE#         62
  -------         ENDPROC       TIMER2_ISR
  -------         PROC          INT2_ISR
  C:4DE8H         LINE#         67
  C:4DE8H         LINE#         70
  C:4DE9H         LINE#         71
  -------         ENDPROC       INT2_ISR
  -------         PROC          SLEEPTIMER1_ISR
  C:4DEAH         LINE#         76
  C:4DEAH         LINE#         80
  -------         ENDPROC       SLEEPTIMER1_ISR
  -------         PROC          RTC_ISR
  C:4DEBH         LINE#         85
  C:4DEBH         LINE#         88
  C:4DECH         LINE#         89
  -------         ENDPROC       RTC_ISR
  -------         PROC          RFISR
  C:4DEDH         LINE#         94
  C:4E0FH         LINE#         96
  C:4E12H         LINE#         97
  C:4E15H         LINE#         99
  C:4E1CH         LINE#         100
  C:4E1CH         LINE#         101
  C:4E22H         LINE#         102
  C:4E25H         LINE#         103
  C:4E25H         LINE#         105
  C:4E2CH         LINE#         106
  C:4E2CH         LINE#         107
  C:4E2FH         LINE#         108
  C:4E35H         LINE#         109
  C:4E35H         LINE#         111
  -------         ENDPROC       RFISR
  -------         PROC          KEYINT_ISR
  C:4E58H         LINE#         116
  C:4E5AH         LINE#         119
  C:4E5DH         LINE#         120
  C:4E60H         LINE#         121
  C:4E63H         LINE#         122
  -------         ENDPROC       KEYINT_ISR
BL51 BANKED LINKER/LOCATER V6.22                                                      07/12/2019  22:43:00  PAGE 14


  -------         ENDMOD        INTERRUPT

  -------         MODULE        IO_PWM
  C:0000H         SYMBOL        _ICE_DUMMY_
  D:0080H         PUBLIC        P0
  D:0090H         PUBLIC        P1
  D:00A0H         PUBLIC        P2
  C:8D86H         PUBLIC        timer_detect
  D:00B0H         PUBLIC        P3
  C:944BH         PUBLIC        clear
  C:8ACFH         PUBLIC        sendBattery
  D:00A8H         PUBLIC        IE
  B:0080H.1       PUBLIC        P0_1
  B:0025H.3       PUBLIC        bProgrammeMotors_Ena
  B:00B0H.0       PUBLIC        P3_0
  B:0080H.3       PUBLIC        P0_3
  B:0080H.5       PUBLIC        P0_5
  D:00E1H         PUBLIC        P3OE
  C:84F3H         PUBLIC        sub_function
  D:00B8H         PUBLIC        IP
  C:90D0H         PUBLIC        _BLE_SendDataPacket
  X:0763H         PUBLIC        Buf
  B:0025H.4       PUBLIC        bWorkEna
  C:0337H         PUBLIC        update_init
  B:0025H.5       PUBLIC        batterySend_ena
  B:0025H.6       PUBLIC        bDivider_Ena
  C:0316H         PUBLIC        Work
  B:0025H.7       PUBLIC        bTime_base_out
  C:9248H         PUBLIC        motorShock
  D:0098H         PUBLIC        SCON
  D:0088H         PUBLIC        TCON
  X:0768H         PUBLIC        sec_base
  B:0026H.0       PUBLIC        bNonProgrammeMotors_Ena
  C:8668H         PUBLIC        _HandlerData
  X:076AH         PUBLIC        Vibration_count
  X:076BH         PUBLIC        type
  C:912CH         PUBLIC        detectCharge
  C:031EH         PUBLIC        ledHint
  X:076CH         PUBLIC        Motors_run_count
  C:8F26H         PUBLIC        acquireMacAddress
  X:076DH         PUBLIC        ConfigParam
  C:8BEDH         PUBLIC        pwm_deal
  C:90FEH         PUBLIC        mode_stop
  C:93A5H         PUBLIC        _getRate
  C:943CH         PUBLIC        connected_init
  X:0773H         PUBLIC        led_duty_cycle
  D:00E8H         PUBLIC        EIE
  D:00BCH         PUBLIC        ADCCH
  B:0026H.1       PUBLIC        bMotors_Ena
  B:0026H.2       PUBLIC        bcut_run
  D:00C8H         PUBLIC        T2CON
  C:030EH         PUBLIC        BatterySend
  C:90A0H         PUBLIC        pwm_init
  C:8DD4H         PUBLIC        GetADC12BitValue
  C:9225H         PUBLIC        _Delay
  D:00E2H         PUBLIC        P3PUN
  X:0774H         PUBLIC        led_run_count
BL51 BANKED LINKER/LOCATER V6.22                                                      07/12/2019  22:43:00  PAGE 15


  D:00D0H         PUBLIC        PSW
  X:0775H         PUBLIC        exampleCount
  C:91D8H         SYMBOL        Com0073
  C:91D8H         SYMBOL        L?0116
  C:91D8H         SYMBOL        L?0117
  C:91DEH         SYMBOL        L?0118
  C:91EEH         SYMBOL        L?0119
  C:91EEH         SYMBOL        L?0120
  C:91F5H         SYMBOL        L?0121
  C:91F5H         SYMBOL        L?0122
  C:91FBH         SYMBOL        L?0123
  C:91FBH         SYMBOL        L?0124
  -------         PROC          COM0073
  -------         ENDPROC       COM0073
  -------         PROC          _DELAY
  D:0006H         SYMBOL        time
  -------         DO            
  D:0004H         SYMBOL        i
  D:0002H         SYMBOL        j
  -------         ENDDO         
  C:9225H         LINE#         65
  C:9225H         LINE#         66
  C:9225H         LINE#         68
  C:922FH         LINE#         69
  C:922FH         LINE#         70
  C:9239H         LINE#         71
  C:9239H         LINE#         73
  C:9240H         LINE#         74
  C:9247H         LINE#         75
  -------         ENDPROC       _DELAY
  -------         PROC          ACQUIREMACADDRESS
  -------         DO            
  D:0006H         SYMBOL        flashAddress
  X:0801H         SYMBOL        mac
  D:0005H         SYMBOL        i
  -------         ENDDO         
  C:8F26H         LINE#         80
  C:8F26H         LINE#         81
  C:8F26H         LINE#         82
  C:8F2AH         LINE#         86
  C:8F30H         LINE#         87
  C:8F32H         LINE#         89
  C:8F34H         LINE#         90
  C:8F34H         LINE#         91
  C:8F50H         LINE#         92
  C:8F55H         LINE#         94
  -------         ENDPROC       ACQUIREMACADDRESS
  -------         PROC          DETECTCHARGE
  C:912CH         LINE#         100
  C:912CH         LINE#         101
  C:912CH         LINE#         102
  C:912FH         LINE#         103
  C:9132H         LINE#         105
  C:9134H         LINE#         107
  C:913CH         LINE#         108
  C:913CH         LINE#         110
  C:913DH         LINE#         111
BL51 BANKED LINKER/LOCATER V6.22                                                      07/12/2019  22:43:00  PAGE 16


  C:913FH         LINE#         112
  C:9142H         LINE#         113
  C:9144H         LINE#         114
  C:9146H         LINE#         116
  C:9146H         LINE#         118
  C:9147H         LINE#         119
  C:9149H         LINE#         120
  C:914DH         LINE#         121
  C:9157H         LINE#         122
  C:9157H         LINE#         123
  -------         ENDPROC       DETECTCHARGE
  -------         PROC          _GETRATE
  D:0006H         SYMBOL        value
  C:93A5H         LINE#         126
  C:93A5H         LINE#         127
  C:93A5H         LINE#         128
  C:93ADH         LINE#         129
  C:93B1H         LINE#         130
  C:93BCH         LINE#         131
  C:93BEH         LINE#         133
  C:93BEH         LINE#         134
  -------         ENDPROC       _GETRATE
  -------         PROC          SENDBATTERY
  -------         DO            
  X:08A6H         SYMBOL        ADC_Val
  D:0007H         SYMBOL        averge
  -------         ENDDO         
  C:8ACFH         LINE#         136
  C:8ACFH         LINE#         137
  C:8ACFH         LINE#         139
  C:8AD1H         LINE#         145
  C:8ADCH         LINE#         148
  C:8AFFH         LINE#         150
  C:8B05H         LINE#         151
  C:8B07H         LINE#         153
  C:8B0DH         LINE#         154
  C:8B0FH         LINE#         160
  C:8B15H         LINE#         161
  C:8B17H         LINE#         162
  C:8B1AH         LINE#         163
  C:8B27H         LINE#         164
  C:8B2AH         LINE#         167
  -------         ENDPROC       SENDBATTERY
  -------         PROC          _HANDLERDATA
  X:089AH         SYMBOL        Buf
  -------         DO            
  D:0007H         SYMBOL        tmp
  -------         ENDDO         
  C:8668H         LINE#         172
  C:866EH         LINE#         173
  C:866EH         LINE#         178
  C:8689H         LINE#         179
  C:8689H         LINE#         180
  C:869CH         LINE#         182
  C:86A5H         LINE#         183
  C:86A5H         LINE#         186
  C:86A9H         LINE#         187
BL51 BANKED LINKER/LOCATER V6.22                                                      07/12/2019  22:43:00  PAGE 17


  C:86A9H         LINE#         191
  C:86ABH         LINE#         194
  C:86AEH         LINE#         198
  C:86AEH         LINE#         201
  C:86B7H         LINE#         202
  C:86B7H         LINE#         203
  C:86BAH         LINE#         204
  C:86BAH         LINE#         208
  C:86C7H         LINE#         211
  C:86CBH         LINE#         212
  C:86CBH         LINE#         213
  C:86CDH         LINE#         214
  C:86D0H         LINE#         215
  C:86D2H         LINE#         217
  C:86D2H         LINE#         218
  C:86D4H         LINE#         219
  C:86D4H         LINE#         222
  C:86D7H         LINE#         224
  C:86DFH         LINE#         225
  C:86DFH         LINE#         226
  C:86E9H         LINE#         227
  C:86E9H         LINE#         229
  C:86EBH         LINE#         231
  C:86F1H         LINE#         232
  C:86F2H         LINE#         234
  C:86F2H         LINE#         235
  C:86F5H         LINE#         236
  C:86F5H         LINE#         237
  C:86F5H         LINE#         238
  C:86FDH         LINE#         239
  C:86FDH         LINE#         240
  C:86FFH         LINE#         241
  C:870BH         LINE#         242
  C:8710H         LINE#         243
  C:8710H         LINE#         244
  C:8710H         LINE#         245
  C:8710H         LINE#         246
  -------         ENDPROC       _HANDLERDATA
  -------         PROC          CLEAR
  C:944BH         LINE#         248
  C:944BH         LINE#         249
  C:944BH         LINE#         251
  C:944DH         LINE#         254
  C:9452H         LINE#         256
  C:9454H         LINE#         257
  C:9458H         LINE#         258
  -------         ENDPROC       CLEAR
  -------         PROC          GETADC12BITVALUE
  -------         DO            
  D:0006H         SYMBOL        tmp
  -------         ENDDO         
  C:8DD4H         LINE#         266
  C:8DD4H         LINE#         267
  C:8DD4H         LINE#         271
  C:8DD7H         LINE#         272
  C:8DDAH         LINE#         273
  C:8DDDH         LINE#         276
BL51 BANKED LINKER/LOCATER V6.22                                                      07/12/2019  22:43:00  PAGE 18


  C:8DE3H         LINE#         277
  C:8DE9H         LINE#         278
  C:8DEEH         LINE#         279
  C:8DF1H         LINE#         280
  C:8DF8H         LINE#         281
  C:8E00H         LINE#         282
  C:8E0DH         LINE#         283
  C:8E13H         LINE#         284
  C:8E18H         LINE#         285
  C:8E1AH         LINE#         286
  C:8E1DH         LINE#         287
  C:8E1DH         LINE#         288
  -------         ENDPROC       GETADC12BITVALUE
  -------         PROC          CONNECTED_INIT
  C:943CH         LINE#         290
  C:943CH         LINE#         291
  C:943CH         LINE#         292
  C:943FH         LINE#         293
  C:943FH         LINE#         294
  C:9442H         LINE#         295
  C:9447H         LINE#         296
  C:944AH         LINE#         297
  C:944AH         LINE#         298
  -------         ENDPROC       CONNECTED_INIT
  -------         PROC          TIMER_DETECT
  C:8D86H         LINE#         300
  C:8D86H         LINE#         301
  C:8D86H         LINE#         302
  C:8D95H         LINE#         303
  C:8D95H         LINE#         304
  C:8D99H         LINE#         306
  C:8D9BH         LINE#         307
  C:8DA4H         LINE#         309
  C:8DB4H         LINE#         310
  C:8DB4H         LINE#         311
  C:8DBAH         LINE#         312
  C:8DBDH         LINE#         314
  C:8DCCH         LINE#         315
  C:8DD0H         LINE#         316
  C:8DD3H         LINE#         317
  C:8DD3H         LINE#         318
  C:8DD3H         LINE#         319
  C:8DD3H         LINE#         320
  -------         ENDPROC       TIMER_DETECT
  -------         PROC          BATTERYSEND
  B:0027H.0       SYMBOL        enable
  C:030EH         LINE#         324
  C:030EH         LINE#         325
  C:030EH         LINE#         326
  C:0312H         LINE#         327
  -------         ENDPROC       BATTERYSEND
  -------         PROC          WORK
  B:0027H.1       SYMBOL        enable
  C:0316H         LINE#         329
  C:0316H         LINE#         330
  C:0316H         LINE#         331
  C:031AH         LINE#         332
BL51 BANKED LINKER/LOCATER V6.22                                                      07/12/2019  22:43:00  PAGE 19


  -------         ENDPROC       WORK
  -------         PROC          UPDATE_INIT
  C:0337H         LINE#         337
  C:0337H         LINE#         338
  C:0337H         LINE#         339
  -------         ENDPROC       UPDATE_INIT
  -------         PROC          PWM_INIT
  C:90A0H         LINE#         343
  C:90A0H         LINE#         344
  C:90A0H         LINE#         345
  C:90A5H         LINE#         347
  C:90AAH         LINE#         350
  C:90ADH         LINE#         351
  C:90AFH         LINE#         352
  C:90B1H         LINE#         353
  C:90B3H         LINE#         354
  C:90B5H         LINE#         355
  C:90BCH         LINE#         357
  C:90C0H         LINE#         359
  C:90C2H         LINE#         360
  C:90C8H         LINE#         361
  C:90CBH         LINE#         364
  C:90CFH         LINE#         365
  -------         ENDPROC       PWM_INIT
  -------         PROC          _BLE_SENDDATAPACKET
  D:0001H         SYMBOL        sendBuf
  D:0005H         SYMBOL        sendSize
  C:90D0H         LINE#         391
  C:90D0H         LINE#         392
  C:90D0H         LINE#         393
  C:90D7H         LINE#         394
  C:90D7H         LINE#         395
  C:90FDH         LINE#         396
  C:90FDH         LINE#         397
  -------         ENDPROC       _BLE_SENDDATAPACKET
  -------         PROC          MOTORSHOCK
  B:0027H.2       SYMBOL        enable
  C:9248H         LINE#         399
  C:9248H         LINE#         400
  C:9248H         LINE#         401
  C:9256H         LINE#         402
  C:9256H         LINE#         403
  C:9256H         LINE#         404
  C:925AH         LINE#         405
  C:925CH         LINE#         406
  C:925DH         LINE#         407
  C:925DH         LINE#         408
  C:925FH         LINE#         409
  C:925FH         LINE#         410
  C:9261H         LINE#         411
  C:9261H         LINE#         412
  C:9265H         LINE#         413
  C:9269H         LINE#         414
  C:9269H         LINE#         416
  C:9269H         LINE#         417
  C:9269H         LINE#         418
  C:9269H         LINE#         419
BL51 BANKED LINKER/LOCATER V6.22                                                      07/12/2019  22:43:00  PAGE 20


  -------         ENDPROC       MOTORSHOCK
  -------         PROC          LEDHINT
  B:0027H.3       SYMBOL        enable
  C:031EH         LINE#         421
  C:031EH         LINE#         422
  C:031EH         LINE#         423
  C:0322H         LINE#         424
  -------         ENDPROC       LEDHINT
  -------         PROC          PWM_DEAL
  C:8BEDH         LINE#         426
  C:8BEDH         LINE#         427
  C:8BEDH         LINE#         429
  C:8BF3H         LINE#         430
  C:8BF3H         LINE#         431
  C:8BF9H         LINE#         432
  C:8BFFH         LINE#         433
  C:8BFFH         LINE#         434
  C:8C01H         LINE#         435
  C:8C01H         LINE#         436
  C:8C0EH         LINE#         437
  C:8C0EH         LINE#         438
  C:8C0EH         LINE#         439
  C:8C10H         LINE#         441
  C:8C10H         LINE#         442
  C:8C12H         LINE#         443
  C:8C12H         LINE#         444
  C:8C14H         LINE#         446
  C:8C14H         LINE#         447
  C:8C19H         LINE#         448
  C:8C19H         LINE#         452
  C:8C1CH         LINE#         453
  C:8C1CH         LINE#         454
  C:8C22H         LINE#         455
  C:8C28H         LINE#         456
  C:8C28H         LINE#         457
  C:8C2AH         LINE#         458
  C:8C2AH         LINE#         459
  C:8C35H         LINE#         460
  C:8C35H         LINE#         461
  C:8C37H         LINE#         462
  C:8C39H         LINE#         464
  C:8C39H         LINE#         465
  C:8C3EH         LINE#         466
  C:8C3EH         LINE#         467
  C:8C3EH         LINE#         469
  C:8C3EH         LINE#         470
  C:8C43H         LINE#         471
  C:8C43H         LINE#         472
  -------         ENDPROC       PWM_DEAL
  -------         PROC          MODE_STOP
  C:90FEH         LINE#         474
  C:90FEH         LINE#         475
  C:90FEH         LINE#         476
  C:9103H         LINE#         477
  C:9105H         LINE#         478
  C:9109H         LINE#         480
  C:910FH         LINE#         481
BL51 BANKED LINKER/LOCATER V6.22                                                      07/12/2019  22:43:00  PAGE 21


  C:9111H         LINE#         482
  C:9119H         LINE#         483
  C:911BH         LINE#         484
  C:9126H         LINE#         486
  C:912BH         LINE#         487
  -------         ENDPROC       MODE_STOP
  -------         PROC          SUB_FUNCTION
  C:84F3H         LINE#         490
  C:84F3H         LINE#         491
  C:84F3H         LINE#         492
  C:84F9H         LINE#         493
  C:84F9H         LINE#         494
  C:84FCH         LINE#         495
  C:84FCH         LINE#         496
  C:8501H         LINE#         497
  C:8501H         LINE#         498
  C:8503H         LINE#         499
  C:8503H         LINE#         500
  C:8509H         LINE#         501
  C:8509H         LINE#         502
  C:850FH         LINE#         503
  C:8511H         LINE#         505
  C:8511H         LINE#         506
  C:8516H         LINE#         507
  C:8516H         LINE#         508
  C:8516H         LINE#         510
  C:8518H         LINE#         511
  C:8518H         LINE#         513
  C:851EH         LINE#         517
  C:8520H         LINE#         519
  C:8535H         LINE#         520
  C:8535H         LINE#         521
  C:8535H         LINE#         522
  C:8537H         LINE#         523
  C:853AH         LINE#         524
  C:853AH         LINE#         525
  C:8543H         LINE#         526
  C:8543H         LINE#         527
  C:8547H         LINE#         528
  C:8549H         LINE#         536
  C:8549H         LINE#         537
  C:854BH         LINE#         538
  C:8551H         LINE#         539
  C:8554H         LINE#         540
  C:8554H         LINE#         541
  C:855DH         LINE#         542
  C:855DH         LINE#         543
  C:855DH         LINE#         544
  C:855FH         LINE#         546
  C:855FH         LINE#         547
  C:855FH         LINE#         548
  C:855FH         LINE#         549
  C:855FH         LINE#         550
  C:8561H         LINE#         551
  C:8561H         LINE#         552
  C:8564H         LINE#         553
  C:8564H         LINE#         554
BL51 BANKED LINKER/LOCATER V6.22                                                      07/12/2019  22:43:00  PAGE 22


  C:856AH         LINE#         555
  C:8570H         LINE#         556
  C:8570H         LINE#         557
  C:8572H         LINE#         558
  C:8575H         LINE#         559
  C:8575H         LINE#         560
  C:857AH         LINE#         561
  C:857AH         LINE#         562
  C:857AH         LINE#         563
  C:857AH         LINE#         564
  C:857AH         LINE#         565
  C:857CH         LINE#         566
  C:857CH         LINE#         567
  C:857EH         LINE#         568
  C:8581H         LINE#         569
  C:8584H         LINE#         570
  C:8584H         LINE#         571
  C:858DH         LINE#         572
  C:858DH         LINE#         573
  C:858DH         LINE#         575
  C:858FH         LINE#         577
  C:858FH         LINE#         578
  C:858FH         LINE#         579
  C:858FH         LINE#         580
  C:858FH         LINE#         582
  C:8591H         LINE#         583
  C:8591H         LINE#         584
  C:8594H         LINE#         586
  C:8597H         LINE#         587
  C:8597H         LINE#         588
  C:859CH         LINE#         589
  C:859CH         LINE#         590
  C:859EH         LINE#         591
  C:859EH         LINE#         592
  C:85A4H         LINE#         593
  C:85A4H         LINE#         594
  C:85AAH         LINE#         595
  C:85ACH         LINE#         597
  C:85ACH         LINE#         598
  C:85AFH         LINE#         599
  C:85AFH         LINE#         600
  C:85AFH         LINE#         601
  C:85AFH         LINE#         602
  C:85AFH         LINE#         603
  C:85AFH         LINE#         604
  C:85AFH         LINE#         606
  C:85B1H         LINE#         607
  -------         ENDPROC       SUB_FUNCTION
  -------         ENDMOD        IO_PWM

  -------         MODULE        MAIN
  C:0000H         SYMBOL        _ICE_DUMMY_
  D:0080H         PUBLIC        P0
  D:0090H         PUBLIC        P1
  D:00A0H         PUBLIC        P2
  D:00B0H         PUBLIC        P3
  X:0809H         PUBLIC        HID_report_KB_key_temp
BL51 BANKED LINKER/LOCATER V6.22                                                      07/12/2019  22:43:00  PAGE 23


  D:00A8H         PUBLIC        IE
  X:080AH         PUBLIC        xpresskeyVolup
  C:8B55H         PUBLIC        auth_data_wechat
  C:8B6FH         PUBLIC        init_data_wechat
  C:033AH         PUBLIC        MouseDemo
  D:00B8H         PUBLIC        IP
  X:080BH         PUBLIC        HID_report_MS_key_temp
  C:4E66H         PUBLIC        main
  C:8B82H         PUBLIC        send_test_data_wechat
  D:0098H         PUBLIC        SCON
  D:0088H         PUBLIC        TCON
  X:080CH         PUBLIC        mousedata
  X:080DH         PUBLIC        xpresskeyCapture
  D:00E8H         PUBLIC        EIE
  X:080EH         PUBLIC        xpresskeyVoldown
  D:00C8H         PUBLIC        T2CON
  X:080FH         PUBLIC        xpresskeyVideo
  X:0810H         PUBLIC        xpresskeyInvert
  C:8B35H         PUBLIC        HID_RPT_CS_KEY_DEMO
  D:00D0H         PUBLIC        PSW
  D:00BBH         PUBLIC        IOSEL
  C:92C6H         SYMBOL        Com0024
  C:92C6H         SYMBOL        L?0037
  C:92D7H         SYMBOL        L?0038
  -------         PROC          COM0024
  -------         ENDPROC       COM0024
  -------         PROC          MAIN
  -------         DO            
  X:0737H         SYMBOL        ADV_InitStructure
  B:0026H.3       SYMBOL        isUpdate
  B:0026H.4       SYMBOL        isUpdate1
  B:0026H.5       SYMBOL        isWorking
  X:0740H         SYMBOL        UpdateOTASpeed
  X:0741H         SYMBOL        DataLen
  X:0742H         SYMBOL        AdvFastSpeed
  X:0743H         SYMBOL        ptrChar
  X:0745H         SYMBOL        result
  X:0746H         SYMBOL        i
  X:0747H         SYMBOL        waitpacket_tmp
  X:0749H         SYMBOL        waitpacket_tmp1
  X:074BH         SYMBOL        waitpacket_tmp2
  -------         ENDDO         
  C:4E66H         LINE#         173
  C:4E66H         LINE#         174
  C:4E66H         LINE#         177
  C:4E68H         LINE#         178
  C:4E6AH         LINE#         179
  C:4E6CH         LINE#         183
  C:4E72H         LINE#         184
  C:4E77H         LINE#         186
  C:4E85H         LINE#         190
  C:4E88H         LINE#         193
  C:4E8BH         LINE#         194
  C:4E8DH         LINE#         196
  C:4E92H         LINE#         197
  C:4E95H         LINE#         198
  C:4E98H         LINE#         199
BL51 BANKED LINKER/LOCATER V6.22                                                      07/12/2019  22:43:00  PAGE 24


  C:4E9BH         LINE#         201
  C:4E9EH         LINE#         202
  C:4EA3H         LINE#         205
  C:4EA6H         LINE#         218
  C:4EA9H         LINE#         219
  C:4EADH         LINE#         220
  C:4EB1H         LINE#         221
  C:4EB6H         LINE#         223
  C:4EBBH         LINE#         224
  C:4EBFH         LINE#         230
  C:4EBFH         LINE#         231
  C:4EBFH         LINE#         235
  C:4EC5H         LINE#         236
  C:4EC5H         LINE#         238
  C:4EC8H         LINE#         239
  C:4ECAH         LINE#         242
  C:4ED4H         LINE#         243
  C:4EDCH         LINE#         244
  C:4EE2H         LINE#         245
  C:4EE5H         LINE#         246
  C:4EE9H         LINE#         247
  C:4EECH         LINE#         248
  C:4EEEH         LINE#         249
  C:4EF6H         LINE#         251
  C:4EFBH         LINE#         252
  C:4EFDH         LINE#         254
  C:4F02H         LINE#         255
  C:4F06H         LINE#         256
  C:4F0AH         LINE#         257
  C:4F0FH         LINE#         258
  C:4F13H         LINE#         259
  C:4F17H         LINE#         260
  C:4F1CH         LINE#         261
  C:4F21H         LINE#         267
  C:4F24H         LINE#         268
  C:4F2BH         LINE#         269
  C:4F2BH         LINE#         270
  C:4F31H         LINE#         272
  C:4F33H         LINE#         273
  C:4F35H         LINE#         274
  C:4F37H         LINE#         277
  C:4F3AH         LINE#         278
  C:4F3DH         LINE#         279
  C:4F48H         LINE#         280
  C:4F48H         LINE#         281
  C:4F4AH         LINE#         296
  C:4F50H         LINE#         297
  C:4F50H         LINE#         298
  C:4F5EH         LINE#         299
  C:4F66H         LINE#         302
  C:4F74H         LINE#         303
  C:4F74H         LINE#         304
  C:4F7EH         LINE#         305
  C:4F7EH         LINE#         306
  C:4F83H         LINE#         307
  C:4F83H         LINE#         308
  C:4F9BH         LINE#         309
BL51 BANKED LINKER/LOCATER V6.22                                                      07/12/2019  22:43:00  PAGE 25


  C:4FA1H         LINE#         310
  C:4FB4H         LINE#         312
  C:4FB4H         LINE#         313
  C:4FB4H         LINE#         314
  C:4FB4H         LINE#         316
  C:4FB4H         LINE#         318
  C:4FB4H         LINE#         319
  C:4FB5H         LINE#         321
  C:4FB5H         LINE#         322
  C:4FB5H         LINE#         324
  C:4FB7H         LINE#         325
  C:4FC5H         LINE#         326
  C:4FC5H         LINE#         327
  C:4FCCH         LINE#         328
  C:4FCCH         LINE#         329
  C:4FD1H         LINE#         330
  C:4FEFH         LINE#         332
  C:5002H         LINE#         334
  C:5002H         LINE#         335
  C:5002H         LINE#         336
  C:5002H         LINE#         338
  C:5002H         LINE#         340
  C:5002H         LINE#         341
  C:5003H         LINE#         343
  C:5003H         LINE#         344
  C:5003H         LINE#         346
  C:5003H         LINE#         350
  C:5003H         LINE#         530
  C:5003H         LINE#         532
  C:5009H         LINE#         533
  C:5009H         LINE#         534
  C:500FH         LINE#         535
  C:500FH         LINE#         536
  C:5016H         LINE#         537
  C:5017H         LINE#         538
  C:5017H         LINE#         540
  C:501CH         LINE#         541
  C:501CH         LINE#         544
  C:5021H         LINE#         545
  C:5021H         LINE#         546
  C:5023H         LINE#         547
  C:5028H         LINE#         548
  C:502BH         LINE#         549
  C:502EH         LINE#         550
  C:502EH         LINE#         552
  C:5031H         LINE#         553
  C:5031H         LINE#         554
  C:5033H         LINE#         555
  C:5036H         LINE#         556
  C:5039H         LINE#         558
  C:5039H         LINE#         559
  C:503FH         LINE#         560
  C:503FH         LINE#         561
  C:5044H         LINE#         562
  C:5047H         LINE#         563
  C:5047H         LINE#         564
  C:5047H         LINE#         565
BL51 BANKED LINKER/LOCATER V6.22                                                      07/12/2019  22:43:00  PAGE 26


  -------         ENDPROC       MAIN
  -------         PROC          MOUSEDEMO
  C:033AH         LINE#         570
  C:033AH         LINE#         571
  C:033AH         LINE#         633
  -------         ENDPROC       MOUSEDEMO
  -------         ENDMOD        MAIN

[...]
  C:06B7H         LINE#         414
  C:06B8H         LINE#         415
  C:06B9H         LINE#         417
  C:06BCH         LINE#         419
  C:06C2H         LINE#         420
  -------         ENDPROC       _IAP_WRITEDATA
  -------         ENDMOD        IAP

  -------         MODULE        FLASH_CHECK
  N:0000H         SYMBOL        FLASH_CHECK
  -------         ENDMOD        FLASH_CHECK

  -------         MODULE        INTERRUPT_OFFSET
  N:007BH         SYMBOL        IAP_PROCESS_ADDRESS
BL51 BANKED LINKER/LOCATER V6.22                                                      07/12/2019  22:43:00  PAGE 177


  N:0300H         SYMBOL        INTERRUPT_OFFSET
  C:000BH         LINE#         5
  C:0013H         LINE#         7
  C:001BH         LINE#         9
  C:0023H         LINE#         11
  C:002BH         LINE#         13
  C:0033H         LINE#         15
  C:003BH         LINE#         17
  C:0043H         LINE#         19
  C:004BH         LINE#         21
  C:0053H         LINE#         23
  C:005BH         LINE#         25
  C:0063H         LINE#         27
  C:006BH         LINE#         29
  C:0073H         LINE#         31
  -------         ENDMOD        INTERRUPT_OFFSET

  -------         MODULE        OTA_IAP
  D:00E0H         SYMBOL        ACC
  N:0038H         SYMBOL        BDCOUNTH
  N:0037H         SYMBOL        BDCOUNTL
  N:0040H         SYMBOL        BUFFER
  D:0094H         SYMBOL        CODEBANK
  D:0083H         SYMBOL        DPH
  D:0082H         SYMBOL        DPL
  D:00E8H         SYMBOL        EIE
  D:0091H         SYMBOL        EIF
  D:009AH         SYMBOL        FLASHCTRL
  D:009BH         SYMBOL        FLASHTMR
  C:01EAH         SYMBOL        F_BATTERYDETECT
  C:01E3H         SYMBOL        F_CLRPWE
  C:01AAH         SYMBOL        F_ERASESECTOR
  C:01D3H         SYMBOL        F_FLASHCONTROL
  C:01C9H         SYMBOL        F_FLASHSETTING
  C:0157H         SYMBOL        F_READ16BYTES
  C:01DCH         SYMBOL        F_SETPWE
  C:0207H         SYMBOL        F_SHORT_DELAY
  C:0125H         SYMBOL        F_UPDATE256BYTES
  C:0164H         SYMBOL        F_VERIFY16BYTES
  C:017DH         SYMBOL        F_WRITE16BYTES
  C:017AH         SYMBOL        F_WRITE_A_BYTES
  N:007BH         SYMBOL        IAP_PROCESS_ADDRESS
  D:00A8H         SYMBOL        IE
  N:0300H         SYMBOL        INTERRUPT_OFFSET
  C:007BH         SYMBOL        OTA_BEGIN
  C:0300H         SYMBOL        OTA_END
  D:00D1H         SYMBOL        P0OE
  D:00D2H         SYMBOL        P0PUN
  D:0087H         SYMBOL        PCON
  N:003AH         SYMBOL        READDATA
  D:00BAH         SYMBOL        RSFLAG
  N:0032H         SYMBOL        SOURCEBANK
  N:0030H         SYMBOL        SOURCEDPH
  N:0031H         SYMBOL        SOURCEDPL
  D:0081H         SYMBOL        SP
  D:00EBH         SYMBOL        TA
  N:0035H         SYMBOL        TARGETBANK
BL51 BANKED LINKER/LOCATER V6.22                                                      07/12/2019  22:43:00  PAGE 178


  N:0033H         SYMBOL        TARGETDPH
  N:0034H         SYMBOL        TARGETDPL
  N:0039H         SYMBOL        TRYCOUNT
  N:0036H         SYMBOL        UPDATEDPH
  D:00D8H         SYMBOL        WDCON
  C:0190H         SYMBOL        _CHECK_WDT2_
  C:01BDH         SYMBOL        _CHECK_WDT_
  C:01C5H         SYMBOL        _ERASESECTOR_START
  C:01F6H         SYMBOL        _F_BATTERYDETECTLOOP
  C:01FDH         SYMBOL        _F_BATTERYDETECT_BDF_0
  C:0202H         SYMBOL        _F_BATTERYDETECT_BDF_1
  C:01C6H         SYMBOL        _F_ERASESECTOR_END
  C:015BH         SYMBOL        _F_READ16BYTES_LOOP
  C:0209H         SYMBOL        _F_SHORT_DELAY_LOOP
  C:0154H         SYMBOL        _F_UPDATE256BYTES_FAIL
  C:0129H         SYMBOL        _F_UPDATE256BYTES_LOOP
  C:0151H         SYMBOL        _F_UPDATE256BYTES_PASS
  C:0177H         SYMBOL        _F_VERIFY16BYTES_FAIL
  C:0168H         SYMBOL        _F_VERIFY16BYTES_LOOP
  C:0174H         SYMBOL        _F_VERIFY16BYTES_PASS
  C:01A7H         SYMBOL        _F_WRITE16BYTES_END
  C:019CH         SYMBOL        _F_WRITE16BYTES_LOOP
  C:01A3H         SYMBOL        _F_WRITE16BYTES_NEXT
  C:01A2H         SYMBOL        _F_WRITE16BYTES_WRITE
  C:0198H         SYMBOL        _F_WRITE_A_BYTES_START
  C:0198H         SYMBOL        _F_WRITE_START
  C:008EH         SYMBOL        _OTA_BATTERYDETECT
  C:00B4H         SYMBOL        _OTA_PROCESS
  C:00A6H         SYMBOL        _OTA_PROCESS_CHECK_CODE_H
  C:00A1H         SYMBOL        _OTA_PROCESS_CHECK_CODE_L
  C:00AEH         SYMBOL        _OTA_PROCESS_END
  C:00C1H         SYMBOL        _OTA_PROCESS_ERASE
  C:0102H         SYMBOL        _OTA_PROCESS_FAIL
  C:00B2H         SYMBOL        _OTA_PROCESS_FINISH
  C:00B9H         SYMBOL        _OTA_PROCESS_LOOP
  C:00BCH         SYMBOL        _OTA_PROCESS_LOOP_RETRY
  C:00FEH         SYMBOL        _OTA_PROCESS_NEXT
  C:00B2H         SYMBOL        _OTA_PROCESS_RESET
  C:00EFH         SYMBOL        _OTA_PROCESS_UPDATE
  C:00E0H         SYMBOL        _OTA_PROCESS_UPDATE_0000_7F00
  C:00D2H         SYMBOL        _OTA_PROCESS_UPDATE_8000_FF00
  C:009EH         SYMBOL        _OTA_START
  C:007BH         LINE#         65
  C:007EH         LINE#         66
  C:0081H         LINE#         67
  C:0084H         LINE#         69
  C:0086H         LINE#         70
  C:0088H         LINE#         72
  C:008BH         LINE#         73
  C:008EH         LINE#         75
  C:0090H         LINE#         76
  C:0092H         LINE#         77
  C:0095H         LINE#         78
  C:0097H         LINE#         79
  C:0099H         LINE#         80
  C:009CH         LINE#         81
  C:009EH         LINE#         84
BL51 BANKED LINKER/LOCATER V6.22                                                      07/12/2019  22:43:00  PAGE 179


  C:00A1H         LINE#         86
  C:00A2H         LINE#         87
  C:00A3H         LINE#         88
  C:00A6H         LINE#         91
  C:00A8H         LINE#         92
  C:00A9H         LINE#         93
  C:00ACH         LINE#         94
  C:00AEH         LINE#         97
  C:00B0H         LINE#         98
  C:00B2H         LINE#         102
  C:00B4H         LINE#         105
  C:00B6H         LINE#         106
  C:00B9H         LINE#         109
  C:00BCH         LINE#         111
  C:00BFH         LINE#         112
  C:00C1H         LINE#         115
  C:00C4H         LINE#         116
  C:00C7H         LINE#         117
  C:00C9H         LINE#         118
  C:00CBH         LINE#         124
  C:00CDH         LINE#         125
  C:00CEH         LINE#         126
  C:00D0H         LINE#         127
  C:00D2H         LINE#         130
  C:00D5H         LINE#         131
  C:00D8H         LINE#         132
  C:00DBH         LINE#         133
  C:00DEH         LINE#         134
  C:00E0H         LINE#         137
  C:00E3H         LINE#         138
  C:00E5H         LINE#         139
  C:00E7H         LINE#         140
  C:00E9H         LINE#         141
  C:00ECH         LINE#         142
  C:00EFH         LINE#         145
  C:00F1H         LINE#         146
  C:00F3H         LINE#         148
  C:00F5H         LINE#         149
  C:00F8H         LINE#         150
  C:00FAH         LINE#         151
  C:00FCH         LINE#         152
  C:00FEH         LINE#         155
  C:0100H         LINE#         156
  C:0102H         LINE#         159
  C:0104H         LINE#         160
  C:0106H         LINE#         161
  C:0109H         LINE#         162
  C:010CH         LINE#         163
  C:010EH         LINE#         164
  C:010FH         LINE#         165
  C:0111H         LINE#         166
  C:0114H         LINE#         167
  C:0117H         LINE#         168
  C:011AH         LINE#         169
  C:011DH         LINE#         170
  C:011FH         LINE#         171
  C:0121H         LINE#         172
BL51 BANKED LINKER/LOCATER V6.22                                                      07/12/2019  22:43:00  PAGE 180


  C:0123H         LINE#         173
  C:0125H         LINE#         181
  C:0127H         LINE#         182
  C:0129H         LINE#         185
  C:012CH         LINE#         186
  C:012EH         LINE#         187
  C:0131H         LINE#         188
  C:0133H         LINE#         190
  C:0136H         LINE#         191
  C:0138H         LINE#         192
  C:013BH         LINE#         193
  C:013DH         LINE#         194
  C:013FH         LINE#         196
  C:0142H         LINE#         197
  C:0144H         LINE#         198
  C:0147H         LINE#         199
  C:0149H         LINE#         200
  C:014BH         LINE#         202
  C:014CH         LINE#         203
  C:014EH         LINE#         204
  C:014FH         LINE#         206
  C:0151H         LINE#         208
  C:0153H         LINE#         209
  C:0154H         LINE#         211
  C:0156H         LINE#         212
  C:0157H         LINE#         219
  C:0159H         LINE#         220
  C:015BH         LINE#         222
  C:015DH         LINE#         223
  C:015EH         LINE#         224
  C:015FH         LINE#         225
  C:0160H         LINE#         226
  C:0161H         LINE#         227
  C:0163H         LINE#         228
  C:0164H         LINE#         235
  C:0166H         LINE#         236
  C:0168H         LINE#         238
  C:016AH         LINE#         239
  C:016CH         LINE#         240
  C:016DH         LINE#         241
  C:0170H         LINE#         242
  C:0171H         LINE#         243
  C:0172H         LINE#         244
  C:0174H         LINE#         246
  C:0176H         LINE#         247
  C:0177H         LINE#         249
  C:0179H         LINE#         250
  C:017AH         LINE#         257
  C:017BH         LINE#         258
  C:017DH         LINE#         265
  C:017FH         LINE#         266
  C:0181H         LINE#         268
  C:0183H         LINE#         269
  C:0184H         LINE#         270
  C:0186H         LINE#         271
  C:0188H         LINE#         273
  C:018AH         LINE#         274
BL51 BANKED LINKER/LOCATER V6.22                                                      07/12/2019  22:43:00  PAGE 181


  C:018CH         LINE#         275
  C:018EH         LINE#         276
  C:0190H         LINE#         279
  C:0192H         LINE#         280
  C:0194H         LINE#         281
  C:0196H         LINE#         282
  C:0198H         LINE#         286
  C:019AH         LINE#         287
  C:019CH         LINE#         289
  C:019DH         LINE#         290
  C:01A0H         LINE#         291
  C:01A2H         LINE#         293
  C:01A3H         LINE#         295
  C:01A4H         LINE#         296
  C:01A5H         LINE#         297
  C:01A7H         LINE#         300
  C:01A9H         LINE#         302
  C:01AAH         LINE#         308
  C:01ACH         LINE#         309
  C:01AEH         LINE#         311
  C:01B0H         LINE#         312
  C:01B1H         LINE#         313
  C:01B3H         LINE#         314
  C:01B5H         LINE#         316
  C:01B7H         LINE#         317
  C:01B9H         LINE#         318
  C:01BBH         LINE#         319
  C:01BDH         LINE#         322
  C:01BFH         LINE#         323
  C:01C1H         LINE#         324
  C:01C3H         LINE#         325
  C:01C5H         LINE#         328
  C:01C6H         LINE#         330
  C:01C8H         LINE#         332
  C:01C9H         LINE#         338
  C:01CCH         LINE#         339
  C:01CFH         LINE#         340
  C:01D2H         LINE#         341
  C:01D3H         LINE#         347
  C:01D6H         LINE#         348
  C:01D9H         LINE#         349
  C:01DBH         LINE#         350
  C:01DCH         LINE#         356
  C:01DEH         LINE#         357
  C:01E0H         LINE#         358
  C:01E2H         LINE#         359
  C:01E3H         LINE#         365
  C:01E5H         LINE#         366
  C:01E7H         LINE#         367
  C:01E9H         LINE#         368
  C:01EAH         LINE#         380
  C:01EDH         LINE#         381
  C:01EFH         LINE#         382
  C:01F0H         LINE#         383
  C:01F3H         LINE#         384
  C:01F5H         LINE#         385
  C:01F6H         LINE#         387
BL51 BANKED LINKER/LOCATER V6.22                                                      07/12/2019  22:43:00  PAGE 182


  C:01F7H         LINE#         388
  C:01FAH         LINE#         389
  C:01FDH         LINE#         391
  C:01FFH         LINE#         392
  C:0201H         LINE#         393
  C:0202H         LINE#         396
  C:0204H         LINE#         397
  C:0206H         LINE#         398
  C:0207H         LINE#         401
  C:0209H         LINE#         403
  C:020BH         LINE#         404
  C:0300H         LINE#         411
  -------         ENDMOD        OTA_IAP

  -------         MODULE        ?C_STARTUP
  C:88CEH         SEGMENT       ?C_C51STARTUP
  I:0029H         SEGMENT       ?STACK
  C:0002H         PUBLIC        ?C_STARTUP
  C:88CEH         PUBLIC        STARTUP1
  D:00E0H         SYMBOL        ACC
  D:00F0H         SYMBOL        B
  D:0083H         SYMBOL        DPH
  D:0082H         SYMBOL        DPL
  N:007BH         SYMBOL        IAP_PROCESS_ADDRESS
  N:0000H         SYMBOL        IBPSTACK
  N:0100H         SYMBOL        IBPSTACKTOP
  N:0080H         SYMBOL        IDATALEN
  C:88D1H         SYMBOL        IDATALOOP
  N:0300H         SYMBOL        INTERRUPT_OFFSET
  N:0000H         SYMBOL        PBPSTACK
  N:0100H         SYMBOL        PBPSTACKTOP
  N:0000H         SYMBOL        PDATALEN
  N:0000H         SYMBOL        PDATASTART
  N:0000H         SYMBOL        PPAGE
  N:0000H         SYMBOL        PPAGEENABLE
  D:00A0H         SYMBOL        PPAGE_SFR
  D:0081H         SYMBOL        SP
  N:0000H         SYMBOL        XBPSTACK
  N:0000H         SYMBOL        XBPSTACKTOP
  N:0000H         SYMBOL        XDATALEN
  N:0000H         SYMBOL        XDATASTART
  C:0002H         LINE#         132
  C:88CEH         LINE#         139
  C:88D0H         LINE#         140
  C:88D1H         LINE#         141
  C:88D2H         LINE#         142
  C:88D4H         LINE#         191
  C:88D7H         LINE#         202
  -------         ENDMOD        ?C_STARTUP

  -------         MODULE        IEEEE_ADDRESS
  N:0000H         SYMBOL        IEEEE_ADDRESS
  -------         ENDMOD        IEEEE_ADDRESS

  -------         MODULE        OTA_DATA
  N:0000H         SYMBOL        OTA_DATA
  -------         ENDMOD        OTA_DATA
BL51 BANKED LINKER/LOCATER V6.22                                                      07/12/2019  22:43:00  PAGE 183



  -------         MODULE        ?C?FPMUL
  C:0E05H         PUBLIC        ?C?FPMUL
  -------         ENDMOD        ?C?FPMUL

  -------         MODULE        ?C?FPDIV
  C:0F0EH         PUBLIC        ?C?FPDIV
  -------         ENDMOD        ?C?FPDIV

  -------         MODULE        ?C?FCAST
  C:0FB5H         PUBLIC        ?C?FCASTC
  C:0FB0H         PUBLIC        ?C?FCASTI
  C:0FABH         PUBLIC        ?C?FCASTL
  -------         ENDMOD        ?C?FCAST

  -------         MODULE        ?C?CASTF
  C:0FE9H         PUBLIC        ?C?CASTF
  -------         ENDMOD        ?C?CASTF

  -------         MODULE        ?C?COPY
  C:113AH         PUBLIC        ?C?COPY
  -------         ENDMOD        ?C?COPY

  -------         MODULE        ?C?CLDPTR
  C:1160H         PUBLIC        ?C?CLDPTR
  -------         ENDMOD        ?C?CLDPTR

  -------         MODULE        ?C?CLDOPTR
  C:1179H         PUBLIC        ?C?CLDOPTR
  -------         ENDMOD        ?C?CLDOPTR

  -------         MODULE        ?C?CSTPTR
  C:11A6H         PUBLIC        ?C?CSTPTR
  -------         ENDMOD        ?C?CSTPTR

  -------         MODULE        ?C?CSTOPTR
  C:11B8H         PUBLIC        ?C?CSTOPTR
  -------         ENDMOD        ?C?CSTOPTR

  -------         MODULE        ?C?IMUL
  C:11DAH         PUBLIC        ?C?IMUL
  -------         ENDMOD        ?C?IMUL

  -------         MODULE        ?C?UIDIV
  C:11ECH         PUBLIC        ?C?UIDIV
  -------         ENDMOD        ?C?UIDIV

  -------         MODULE        ?C?IILDX
  C:1241H         PUBLIC        ?C?IILDX
  -------         ENDMOD        ?C?IILDX

  -------         MODULE        ?C?ILDOPTR
  C:1257H         PUBLIC        ?C?ILDOPTR
  -------         ENDMOD        ?C?ILDOPTR

  -------         MODULE        ?C?LADD
  C:128FH         PUBLIC        ?C?LADD
BL51 BANKED LINKER/LOCATER V6.22                                                      07/12/2019  22:43:00  PAGE 184


  -------         ENDMOD        ?C?LADD

  -------         MODULE        ?C?LMUL
  C:129CH         PUBLIC        ?C?LMUL
  -------         ENDMOD        ?C?LMUL

  -------         MODULE        ?C?ULDIV
  C:1327H         PUBLIC        ?C?ULDIV
  -------         ENDMOD        ?C?ULDIV

  -------         MODULE        ?C?LNEG
  C:13B9H         PUBLIC        ?C?LNEG
  -------         ENDMOD        ?C?LNEG

  -------         MODULE        ?C?SLCMP
  C:13C7H         PUBLIC        ?C?SLCMP
  -------         ENDMOD        ?C?SLCMP

  -------         MODULE        ?C?ULCMP
  C:13DDH         PUBLIC        ?C?ULCMP
  -------         ENDMOD        ?C?ULCMP

  -------         MODULE        ?C?ULSHR
  C:13EEH         PUBLIC        ?C?ULSHR
  -------         ENDMOD        ?C?ULSHR

  -------         MODULE        ?C?SLSHR
  C:1401H         PUBLIC        ?C?SLSHR
  -------         ENDMOD        ?C?SLSHR

  -------         MODULE        ?C?LSHL
  C:1415H         PUBLIC        ?C?LSHL
  -------         ENDMOD        ?C?LSHL

  -------         MODULE        ?C?LLDXDATA
  C:1428H         PUBLIC        ?C?LLDXDATA
  -------         ENDMOD        ?C?LLDXDATA

  -------         MODULE        ?C?LLDXDATA0
  C:1434H         PUBLIC        ?C?LLDXDATA0
  -------         ENDMOD        ?C?LLDXDATA0

  -------         MODULE        ?C?LSTXDATA
  C:1440H         PUBLIC        ?C?LSTXDATA
  -------         ENDMOD        ?C?LSTXDATA

  -------         MODULE        ?C?LSTKXDATA
  C:144CH         PUBLIC        ?C?LSTKXDATA
  -------         ENDMOD        ?C?LSTKXDATA

  -------         MODULE        ?C?OFFXADD
  C:147DH         PUBLIC        ?C?OFFXADD
  -------         ENDMOD        ?C?OFFXADD

  -------         MODULE        ?C?PLDXDATA
  C:1489H         PUBLIC        ?C?PLDXDATA
  -------         ENDMOD        ?C?PLDXDATA
BL51 BANKED LINKER/LOCATER V6.22                                                      07/12/2019  22:43:00  PAGE 185



  -------         MODULE        ?C?PSTXDATA
  C:1492H         PUBLIC        ?C?PSTXDATA
  -------         ENDMOD        ?C?PSTXDATA

  -------         MODULE        ?C?PLDCODE
  C:149BH         PUBLIC        ?C?PLDCODE
  -------         ENDMOD        ?C?PLDCODE

  -------         MODULE        ?C?CCASE
  C:14A7H         PUBLIC        ?C?CCASE
  -------         ENDMOD        ?C?CCASE

  -------         MODULE        ?C?ICALL
  C:14CDH         PUBLIC        ?C?ICALL
  C:14D1H         PUBLIC        ?C?ICALL2
  -------         ENDMOD        ?C?ICALL

  -------         MODULE        ?C?LIMUL
  C:14D3H         PUBLIC        ?C?LIMUL
  -------         ENDMOD        ?C?LIMUL

  -------         MODULE        ?C?MEMCMP
  C:1686H         PUBLIC        ?C?MEMCMP
  -------         ENDMOD        ?C?MEMCMP

  -------         MODULE        ?C?MEMSET
  C:16AAH         PUBLIC        ?C?MEMSET
  -------         ENDMOD        ?C?MEMSET

Program Size: data=34.6 xdata=2290 code=37742
LINK/LOCATE RUN COMPLETE.  0 WARNING(S),  0 ERROR(S)
