BL51 BANKED LINKER/LOCATER V6.22                                                        05/30/2019  12:42:22  PAGE 1


BL51 BANKED LINKER/LOCATER V6.22, INVOKED BY:
C:\KEIL\C51\BIN\BL51.EXE .\startup.obj, .\FlashChk.obj, .\INTERRUPT_OFFSET.obj, .\OTA_IAP.obj, ..\Library\A8107_BLE_LIB.
>> LIB, ..\OTA\OTA.LIB, ..\IAP\IAP.LIB, .\servicegen.obj, .\security.obj, .\application_check.obj, .\interrupt.obj, .\ma
>> in.obj, .\mcufunction.obj, .\IEEE.obj, .\OTA_Data.obj TO Project RAMSIZE (256) NOOVERLAY CODE (0X0300-0XFFFF, ?PR?*OT
>> A (0X400), ?C?LIB_CODE, ?PR?*IAP (0X2000), ?PR?_ERASE_START?IAP (0X5000), ?PR?_WRITEFLASH_START?IAP, ?PR?*INTERRUPT, 
>> ?PR?*MAIN) XDATA (0X0000-0X1FFF)


MEMORY MODEL: LARGE


INPUT MODULES INCLUDED:
  .\startup.obj (?C_STARTUP)
  .\FlashChk.obj (FLASH_CHECK)
  .\INTERRUPT_OFFSET.obj (INTERRUPT_OFFSET)
  .\OTA_IAP.obj (OTA_IAP)
  .\servicegen.obj (SERVICEGEN)
  .\security.obj (SECURITY)
  .\application_check.obj (APPLICATION_CHECK)
  .\interrupt.obj (INTERRUPT)
  .\main.obj (MAIN)
  .\mcufunction.obj (MCUFUNCTION)
  .\IEEE.obj (IEEEE_ADDRESS)
  .\OTA_Data.obj (OTA_DATA)
  ..\Library\A8107_BLE_LIB.LIB (HOST)
  ..\Library\A8107_BLE_LIB.LIB (LINKLAYER)
  ..\Library\A8107_BLE_LIB.LIB (RFA8107)
  ..\OTA\OTA.LIB (OTA)
  ..\IAP\IAP.LIB (IAP)
  C:\KEIL\C51\LIB\C51L.LIB (?C_INIT)
  C:\KEIL\C51\LIB\C51L.LIB (?C?COPY)
  C:\KEIL\C51\LIB\C51L.LIB (?C?CLDPTR)
  C:\KEIL\C51\LIB\C51L.LIB (?C?CLDOPTR)
  C:\KEIL\C51\LIB\C51L.LIB (?C?CSTPTR)
  C:\KEIL\C51\LIB\C51L.LIB (?C?CSTOPTR)
  C:\KEIL\C51\LIB\C51L.LIB (?C?IMUL)
  C:\KEIL\C51\LIB\C51L.LIB (?C?UIDIV)
  C:\KEIL\C51\LIB\C51L.LIB (?C?IILDX)
  C:\KEIL\C51\LIB\C51L.LIB (?C?ILDOPTR)
  C:\KEIL\C51\LIB\C51L.LIB (?C?LADD)
  C:\KEIL\C51\LIB\C51L.LIB (?C?LSUB)
  C:\KEIL\C51\LIB\C51L.LIB (?C?LMUL)
  C:\KEIL\C51\LIB\C51L.LIB (?C?ULDIV)
  C:\KEIL\C51\LIB\C51L.LIB (?C?LOR)
  C:\KEIL\C51\LIB\C51L.LIB (?C?SLCMP)
  C:\KEIL\C51\LIB\C51L.LIB (?C?ULCMP)
  C:\KEIL\C51\LIB\C51L.LIB (?C?ULSHR)
  C:\KEIL\C51\LIB\C51L.LIB (?C?SLSHR)
  C:\KEIL\C51\LIB\C51L.LIB (?C?LSHL)
  C:\KEIL\C51\LIB\C51L.LIB (?C?LLDXDATA)
  C:\KEIL\C51\LIB\C51L.LIB (?C?LLDCODE)
  C:\KEIL\C51\LIB\C51L.LIB (?C?LLDXDATA0)
  C:\KEIL\C51\LIB\C51L.LIB (?C?LSTXDATA)
  C:\KEIL\C51\LIB\C51L.LIB (?C?LSTKXDATA)
  C:\KEIL\C51\LIB\C51L.LIB (?C?OFFXADD)
  C:\KEIL\C51\LIB\C51L.LIB (?C?PLDXDATA)
  C:\KEIL\C51\LIB\C51L.LIB (?C?PSTXDATA)
  C:\KEIL\C51\LIB\C51L.LIB (?C?PLDCODE)
BL51 BANKED LINKER/LOCATER V6.22                                                      05/30/2019  12:42:22  PAGE 2


  C:\KEIL\C51\LIB\C51L.LIB (?C?CCASE)
  C:\KEIL\C51\LIB\C51L.LIB (?C?LIMUL)
  C:\KEIL\C51\LIB\C51L.LIB (?C?MEMCMP)
  C:\KEIL\C51\LIB\C51L.LIB (?C?MEMSET)


LINK MAP OF MODULE:  Project (?C_STARTUP)


            TYPE    BASE      LENGTH    RELOCATION   SEGMENT NAME
            -----------------------------------------------------

            * * * * * * *   D A T A   M E M O R Y   * * * * * * *
            REG     0000H     0008H     ABSOLUTE     "REG BANK 0"
            DATA    0008H     0003H     UNIT         ?DT?_WRITEFLASH_START?IAP
            DATA    000BH     0002H     UNIT         ?DT?_IAP_READDATA?IAP
            DATA    000DH     0001H     UNIT         ?DT?PRCSS_OPCODE_ATT_WRITE_REQUEST?HOST
            DATA    000EH     0001H     UNIT         ?DT?PRCSS_OPCODE_ATT_EXECUTE_WRITE_REQUEST?HOST
            DATA    000FH     0001H     UNIT         ?DT?PRCSS_OPCODE_ATT_WRITE_COMMAND?HOST
            DATA    0010H     0001H     UNIT         ?DT?PRCSS_BLE_CODE_SMP_IDENTITY_ADDRESS_INFORMATION?HOST
            DATA    0011H     0001H     UNIT         ?DT?_CMD_FLASHBOND?HOST
            DATA    0012H     0001H     UNIT         ?DT?_ERSDATA_FLASHBOND?HOST
            DATA    0013H     0001H     UNIT         ?DT?_ERSINFO_FLASHBOND?HOST
            DATA    0014H     0001H     UNIT         ?DT?_MARK_PID_INFO_FLASHBOND?HOST
            DATA    0015H     0001H     UNIT         ?DT?_MARK_PID_DATA_FLASHBOND?HOST
            DATA    0016H     0001H     UNIT         ?DT?FIL_INFO_FLASHBONDWEXST_PBID?HOST
            DATA    0017H     0001H     UNIT         ?DT?OTA_KEEPBONDING?OTA
            DATA    0018H     0001H     UNIT         ?DT?ERASECKCODE?OTA
            DATA    0019H     0001H     UNIT         ?DT?ERASEAREA?OTA
            DATA    001AH     0001H     UNIT         ?DT?_ENTRYDATA?OTA
            DATA    001BH     0001H     UNIT         ?DT?_ERASE_START?IAP
            DATA    001CH     0001H     UNIT         ?DT?_IAP_ERASE?IAP
            DATA    001DH     0001H     UNIT         ?DT?_IAP_WRITEDATA?IAP
            IDATA   001EH     0002H     UNIT         ?ID?INITMCU?MCUFUNCTION
            DATA    0020H     0001H     ABSOLUTE     
            BIT     0021H.0   0007H.3   UNIT         ?BI?LINKLAYER
            BIT     0028H.3   0000H.1   UNIT         ?BI?PRCSS_OPCODE_ATT_FIND_INFORMATION_REQUEST?HOST
            BIT     0028H.4   0000H.1   UNIT         ?BI?PRCSS_OPCODE_ATT_FIND_INFORMATION_RESPONSE?HOST
            BIT     0028H.5   0000H.1   UNIT         ?BI?PRCSS_OPCODE_ATT_READ_BY_TYPE_RESPONSE?HOST
            BIT     0028H.6   0000H.1   UNIT         ?BI?PRCSS_OPCODE_ATT_READ_BLOB_REQUEST?HOST
            BIT     0028H.7   0000H.1   UNIT         ?BI?PRCSS_OPCODE_ATT_HANDLE_VALUE_NOTIFICATION?HOST
            BIT     0029H.0   0000H.1   UNIT         ?BI?_BLE_SENDDATA?HOST
            BIT     0029H.1   0000H.1   UNIT         ?BI?ADVGO?LINKLAYER
            BIT     0029H.2   0000H.1   UNIT         ?BI?CONNECTESTABLISH?LINKLAYER
            BIT     0029H.3   0000H.1   UNIT         ?BI?MD_PROCEDURE?LINKLAYER
            BIT     0029H.4   0000H.1   UNIT         ?BI?A8107_RCSELECT?RFA8107
            BIT     0029H.5   0000H.1   UNIT         ?BI?OTA_PROCESS?OTA
                    0029H.6   0000H.2                *** GAP ***
            IDATA   002AH     0004H     UNIT         ?ID?_WRITEFLASH_START?IAP
            IDATA   002EH     0002H     UNIT         ?ID?_ERASE_START?IAP
            IDATA   0030H     0001H     UNIT         ?STACK

            * * * * * * *  X D A T A   M E M O R Y  * * * * * * *
            XDATA   0000H     006FH     ABSOLUTE     
            XDATA   006FH     0020H     ABSOLUTE     
            XDATA   008FH     0020H     ABSOLUTE     
            XDATA   00AFH     001EH     ABSOLUTE     
BL51 BANKED LINKER/LOCATER V6.22                                                      05/30/2019  12:42:22  PAGE 3


            XDATA   00CDH     0040H     ABSOLUTE     
            XDATA   010DH     0040H     ABSOLUTE     
            XDATA   014DH     0006H     ABSOLUTE     
            XDATA   0153H     0002H     ABSOLUTE     
            XDATA   0155H     0014H     ABSOLUTE     
            XDATA   0169H     0140H     ABSOLUTE     
            XDATA   02A9H     0020H     ABSOLUTE     
            XDATA   02C9H     0002H     ABSOLUTE     
            XDATA   02CBH     0002H     ABSOLUTE     
            XDATA   02CDH     0020H     ABSOLUTE     
            XDATA   02EDH     0008H     ABSOLUTE     
            XDATA   02F5H     0002H     ABSOLUTE     
            XDATA   02F7H     0008H     ABSOLUTE     
            XDATA   02FFH     0004H     ABSOLUTE     
            XDATA   0303H     0040H     ABSOLUTE     
            XDATA   0343H     0100H     ABSOLUTE     
            XDATA   0443H     0010H     ABSOLUTE     
            XDATA   0453H     0010H     ABSOLUTE     
            XDATA   0463H     0010H     ABSOLUTE     
            XDATA   0473H     0010H     ABSOLUTE     
            XDATA   0483H     0010H     ABSOLUTE     
            XDATA   0493H     0008H     ABSOLUTE     
            XDATA   049BH     0010H     ABSOLUTE     
            XDATA   04ABH     0010H     ABSOLUTE     
            XDATA   04BBH     0010H     ABSOLUTE     
            XDATA   04CBH     0010H     ABSOLUTE     
            XDATA   04DBH     0010H     ABSOLUTE     
            XDATA   04EBH     0020H     ABSOLUTE     
            XDATA   050BH     0020H     ABSOLUTE     
            XDATA   052BH     0008H     ABSOLUTE     
            XDATA   0533H     0010H     ABSOLUTE     
            XDATA   0543H     000AH     ABSOLUTE     
            XDATA   054DH     0001H     ABSOLUTE     
            XDATA   054EH     0001H     ABSOLUTE     
            XDATA   054FH     0001H     ABSOLUTE     
            XDATA   0550H     0001H     ABSOLUTE     
            XDATA   0551H     0001H     ABSOLUTE     
            XDATA   0552H     0001H     ABSOLUTE     
            XDATA   0553H     0001H     ABSOLUTE     
            XDATA   0554H     0001H     ABSOLUTE     
            XDATA   0555H     0001H     ABSOLUTE     
            XDATA   0556H     0001H     ABSOLUTE     
            XDATA   0557H     0001H     ABSOLUTE     
            XDATA   0558H     0001H     ABSOLUTE     
            XDATA   0559H     0001H     ABSOLUTE     
            XDATA   055AH     0001H     ABSOLUTE     
            XDATA   055BH     0001H     ABSOLUTE     
            XDATA   055CH     0001H     ABSOLUTE     
            XDATA   055DH     0001H     ABSOLUTE     
            XDATA   055EH     0001H     ABSOLUTE     
            XDATA   055FH     0001H     ABSOLUTE     
            XDATA   0560H     0001H     ABSOLUTE     
            XDATA   0561H     0001H     ABSOLUTE     
            XDATA   0562H     0001H     ABSOLUTE     
            XDATA   0563H     0001H     ABSOLUTE     
            XDATA   0564H     0001H     ABSOLUTE     
            XDATA   0565H     0001H     ABSOLUTE     
BL51 BANKED LINKER/LOCATER V6.22                                                      05/30/2019  12:42:22  PAGE 4


            XDATA   0566H     0001H     ABSOLUTE     
            XDATA   0567H     0001H     ABSOLUTE     
            XDATA   0568H     0001H     ABSOLUTE     
            XDATA   0569H     0001H     ABSOLUTE     
            XDATA   056AH     0001H     ABSOLUTE     
            XDATA   056BH     0001H     ABSOLUTE     
            XDATA   056CH     0001H     ABSOLUTE     
            XDATA   056DH     0001H     ABSOLUTE     
            XDATA   056EH     0001H     ABSOLUTE     
            XDATA   056FH     0001H     ABSOLUTE     
            XDATA   0570H     0001H     ABSOLUTE     
            XDATA   0571H     0001H     ABSOLUTE     
            XDATA   0572H     0001H     ABSOLUTE     
            XDATA   0573H     0001H     ABSOLUTE     
            XDATA   0574H     0001H     ABSOLUTE     
            XDATA   0575H     0001H     ABSOLUTE     
            XDATA   0576H     0001H     ABSOLUTE     
            XDATA   0577H     0001H     ABSOLUTE     
            XDATA   0578H     0001H     ABSOLUTE     
            XDATA   0579H     0001H     ABSOLUTE     
            XDATA   057AH     0001H     ABSOLUTE     
            XDATA   057BH     0001H     ABSOLUTE     
            XDATA   057CH     0001H     ABSOLUTE     
            XDATA   057DH     0001H     ABSOLUTE     
            XDATA   057EH     0001H     ABSOLUTE     
            XDATA   057FH     0001H     ABSOLUTE     
            XDATA   0580H     0001H     ABSOLUTE     
            XDATA   0581H     0001H     ABSOLUTE     
            XDATA   0582H     0001H     ABSOLUTE     
            XDATA   0583H     0001H     ABSOLUTE     
            XDATA   0584H     0001H     ABSOLUTE     
            XDATA   0585H     0001H     ABSOLUTE     
            XDATA   0586H     0001H     ABSOLUTE     
            XDATA   0587H     0002H     ABSOLUTE     
            XDATA   0589H     0002H     ABSOLUTE     
            XDATA   058BH     0002H     ABSOLUTE     
            XDATA   058DH     0002H     ABSOLUTE     
            XDATA   058FH     0002H     ABSOLUTE     
            XDATA   0591H     0002H     ABSOLUTE     
            XDATA   0593H     0002H     ABSOLUTE     
            XDATA   0595H     0002H     ABSOLUTE     
            XDATA   0597H     0002H     ABSOLUTE     
            XDATA   0599H     0002H     ABSOLUTE     
            XDATA   059BH     0002H     ABSOLUTE     
            XDATA   059DH     0002H     ABSOLUTE     
            XDATA   059FH     0002H     ABSOLUTE     
            XDATA   05A1H     0004H     ABSOLUTE     
            XDATA   05A5H     0004H     ABSOLUTE     
            XDATA   05A9H     0004H     ABSOLUTE     
            XDATA   05ADH     0004H     ABSOLUTE     
            XDATA   05B1H     0006H     ABSOLUTE     
            XDATA   05B7H     0004H     ABSOLUTE     
            XDATA   05BBH     0003H     ABSOLUTE     
            XDATA   05BEH     0001H     ABSOLUTE     
            XDATA   05BFH     0002H     ABSOLUTE     
            XDATA   05C1H     0002H     ABSOLUTE     
            XDATA   05C3H     0002H     ABSOLUTE     
BL51 BANKED LINKER/LOCATER V6.22                                                      05/30/2019  12:42:22  PAGE 5


            XDATA   05C5H     0002H     ABSOLUTE     
            XDATA   05C7H     0005H     ABSOLUTE     
            XDATA   05CCH     0001H     ABSOLUTE     
            XDATA   05CDH     0001H     ABSOLUTE     
            XDATA   05CEH     0001H     ABSOLUTE     
            XDATA   05CFH     0001H     ABSOLUTE     
            XDATA   05D0H     0002H     ABSOLUTE     
            XDATA   05D2H     0002H     ABSOLUTE     
            XDATA   05D4H     0002H     ABSOLUTE     
            XDATA   05D6H     0002H     ABSOLUTE     
            XDATA   05D8H     0002H     ABSOLUTE     
            XDATA   05DAH     0005H     ABSOLUTE     
            XDATA   05DFH     0002H     ABSOLUTE     
            XDATA   05E1H     0002H     ABSOLUTE     
            XDATA   05E3H     0001H     ABSOLUTE     
            XDATA   05E4H     0002H     ABSOLUTE     
            XDATA   05E6H     0005H     ABSOLUTE     
            XDATA   05EBH     0001H     ABSOLUTE     
            XDATA   05ECH     0001H     ABSOLUTE     
            XDATA   05EDH     0001H     ABSOLUTE     
            XDATA   05EEH     0001H     ABSOLUTE     
            XDATA   05EFH     0001H     ABSOLUTE     
            XDATA   05F0H     0006H     ABSOLUTE     
            XDATA   05F6H     0006H     ABSOLUTE     
            XDATA   05FCH     0001H     ABSOLUTE     
            XDATA   05FDH     0103H     UNIT         ?XD?ERASEAREA?OTA
            XDATA   0700H     00A6H     UNIT         ?XD?HOST
            XDATA   07A6H     0095H     UNIT         ?XD?SERVICEGEN
            XDATA   083BH     005FH     UNIT         ?XD?LINKLAYER
            XDATA   089AH     0026H     UNIT         ?XD?_SMPC1?LINKLAYER
            XDATA   08C0H     0025H     UNIT         ?XD?PRCSS_LL_ENC_REQ?LINKLAYER
            XDATA   08E5H     0019H     UNIT         ?XD?PRCSS_OPCODE_ATT_READ_BY_GROUP_TYPE_REQUEST?HOST
            XDATA   08FEH     0018H     UNIT         ?XD?PRCSS_OPCODE_ATT_READ_BY_TYPE_REQUEST?HOST
            XDATA   0916H     0016H     UNIT         ?XD?_SMPS1?LINKLAYER
            XDATA   092CH     0014H     UNIT         ?XD?PRCSS_BLE_CODE_SMP_IDENTITY_ADDRESS_INFORMATION?HOST
            XDATA   0940H     0012H     UNIT         ?XD?ADVGO?LINKLAYER
            XDATA   0952H     0011H     UNIT         ?XD?PRCSS_BLE_CODE_SMP_PAIRING_RANDOM?HOST
            XDATA   0963H     0011H     UNIT         ?XD?TXDATA_PROCESS?LINKLAYER
            XDATA   0974H     0010H     UNIT         ?XD?PRCSS_BLE_CODE_SMP_PAIRING_CONFIRM?HOST
            XDATA   0984H     0010H     UNIT         ?XD?SETBLE_TIMEINTERVAL_CONNECT?LINKLAYER
            XDATA   0994H     000FH     UNIT         ?XD?MAIN?MAIN
            XDATA   09A3H     000FH     UNIT         ?XD?OTA_PROCESS?OTA
            XDATA   09B2H     000DH     UNIT         ?XD?_SETBLE_CONNTXDATA_ATT_ERROR_RESPONSE?LINKLAYER
            XDATA   09BFH     000CH     UNIT         ?XD?_ENTRYCMD?OTA
            XDATA   09CBH     000CH     UNIT         ?XD?_ENTRYDATA?OTA
            XDATA   09D7H     000BH     UNIT         ?XD?_BLE_SENDDATA?HOST
            XDATA   09E2H     0009H     UNIT         ?XD?_CHKBLE_ATT_CHR_ACSSWR_BYUSER?APPLICATION_CHECK
            XDATA   09EBH     0009H     UNIT         ?XD?PRCSS_LL_FEATURE_REQ?LINKLAYER
            XDATA   09F4H     0008H     UNIT         ?XD?_CMD_FLASHBOND?HOST
            XDATA   09FCH     0008H     UNIT         ?XD?_BLE_SETCONNECTPARAMETERUPDATEREQUEST?LINKLAYER
            XDATA   0A04H     0007H     UNIT         ?XD?PRCSS_OPCODE_ATT_EXECUTE_WRITE_REQUEST?HOST
            XDATA   0A0BH     0007H     UNIT         ?XD?INITBLE_ATTSERVPARAMTER?LINKLAYER
            XDATA   0A12H     0007H     UNIT         ?XD?_WRITEFLASH_START?IAP
            XDATA   0A19H     0007H     UNIT         ?XD?_IAP_READDATA?IAP
            XDATA   0A20H     0007H     UNIT         ?XD?_IAP_WRITEDATA?IAP
            XDATA   0A27H     0006H     UNIT         ?XD?PRCSS_OPCODE_ATT_READ_BLOB_REQUEST?HOST
            XDATA   0A2DH     0006H     UNIT         ?XD?PRCSS_OPCODE_ATT_WRITE_REQUEST?HOST
BL51 BANKED LINKER/LOCATER V6.22                                                      05/30/2019  12:42:22  PAGE 6


            XDATA   0A33H     0006H     UNIT         ?XD?PRCSS_OPCODE_ATT_WRITE_COMMAND?HOST
            XDATA   0A39H     0006H     UNIT         ?XD?SETBLE_TIMEINTERVAL_WINOFFSET?LINKLAYER
            XDATA   0A3FH     0006H     UNIT         ?XD?_SETBLE_CONNTXDATA?LINKLAYER
            XDATA   0A45H     0006H     UNIT         ?XD?_SETBLE_CONNTXCTRL?LINKLAYER
            XDATA   0A4BH     0006H     UNIT         ?XD?PRCSS_LL_VERSION_IND?LINKLAYER
            XDATA   0A51H     0005H     UNIT         ?XD?PRCSS_OPCODE_ATT_FIND_INFORMATION_REQUEST?HOST
            XDATA   0A56H     0005H     UNIT         ?XD?PRCSS_OPCODE_ATT_FIND_BY_TYPE_VALUE_REQUEST?HOST
            XDATA   0A5BH     0005H     UNIT         ?XD?_MARK_PID_INFO_FLASHBOND?HOST
            XDATA   0A60H     0005H     UNIT         ?XD?_MARK_PID_DATA_FLASHBOND?HOST
            XDATA   0A65H     0005H     UNIT         ?XD?FIL_DATA_FLASHBONDWEXST_PBID?HOST
            XDATA   0A6AH     0005H     UNIT         ?XD?INITBLE?LINKLAYER
            XDATA   0A6FH     0005H     UNIT         ?XD?_BLE_ADV_CMD?LINKLAYER
            XDATA   0A74H     0004H     UNIT         ?XD?_KNL_MEMCPY?HOST
            XDATA   0A78H     0004H     UNIT         ?XD?_KNL_MEMCPYINV?HOST
            XDATA   0A7CH     0004H     UNIT         ?XD?_KNL_CODECPY?HOST
            XDATA   0A80H     0004H     UNIT         ?XD?_KNL_CODECPYINV?HOST
            XDATA   0A84H     0004H     UNIT         ?XD?_KNL_MEMCOMP?HOST
            XDATA   0A88H     0004H     UNIT         ?XD?PRCSS_OPCODE_ATT_READ_REQUEST?HOST
            XDATA   0A8CH     0004H     UNIT         ?XD?_ERSDATA_FLASHBOND?HOST
            XDATA   0A90H     0004H     UNIT         ?XD?_ERSINFO_FLASHBOND?HOST
            XDATA   0A94H     0004H     UNIT         ?XD?_BLE_PASSKEY_SET?HOST
            XDATA   0A98H     0004H     UNIT         ?XD?RXDATA_PROCESS?LINKLAYER
            XDATA   0A9CH     0004H     UNIT         ?XD?PRCSS_LL_CONNECTION_UPDATE_REQ?LINKLAYER
            XDATA   0AA0H     0004H     UNIT         ?XD?PRCSS_LL_START_ENC_RSP?LINKLAYER
            XDATA   0AA4H     0004H     UNIT         ?XD?SETRXWINDOWTIMING?RFA8107
            XDATA   0AA8H     0003H     UNIT         ?XD?_CHKBLE_ATT_CHR_ACSSRD_BYUSER?APPLICATION_CHECK
            XDATA   0AABH     0003H     UNIT         ?XD?PRCSS_OPCODE_ATT_PREPARE_WRITE_REQUEST?HOST
            XDATA   0AAEH     0003H     UNIT         ?XD?_SETADV_TO?LINKLAYER
            XDATA   0AB1H     0003H     UNIT         ?XD?PRCSS_LL_START_ENC_REQ?LINKLAYER
            XDATA   0AB4H     0003H     UNIT         ?XD?INITRF?RFA8107
            XDATA   0AB7H     0003H     UNIT         ?XD?PARTIAL_INITRF?RFA8107
            XDATA   0ABAH     0002H     UNIT         ?XD?PRCSS_OPCODE_ATT_READ_BY_TYPE_RESPONSE?HOST
            XDATA   0ABCH     0002H     UNIT         ?XD?PRCSS_OPCODE_ATT_HANDLE_VALUE_NOTIFICATION?HOST
            XDATA   0ABEH     0002H     UNIT         ?XD?_SETADV_RUN_CTRL?LINKLAYER
            XDATA   0AC0H     0002H     UNIT         ?XD?CHECKBLETIMER?LINKLAYER
            XDATA   0AC2H     0002H     UNIT         ?XD?A8107_CONFIG?RFA8107
            XDATA   0AC4H     0002H     UNIT         ?XD?A8107_CAL?RFA8107
            XDATA   0AC6H     0001H     UNIT         ?XD?MAIN
            XDATA   0AC7H     0001H     UNIT         ?XD?FIL_INFO_FLASHBONDWEXST_PBID?HOST
            XDATA   0AC8H     0001H     UNIT         ?XD?_BLE_INITIMMEDIATEALERTLEVEL?LINKLAYER
            XDATA   0AC9H     0001H     UNIT         ?XD?_BLE_INITLINKLOSSALERTLEVEL?LINKLAYER
            XDATA   0ACAH     0001H     UNIT         ?XD?MD_PROCEDURE?LINKLAYER
            XDATA   0ACBH     0001H     UNIT         ?XD?PRCSS_LL_PAUSE_ENC_REQ?LINKLAYER
            XDATA   0ACCH     0001H     UNIT         ?XD?SMPAES?LINKLAYER
            XDATA   0ACDH     0001H     UNIT         ?XD?CONSUMER_BONDINGRESULT_CLEAR?LINKLAYER
            XDATA   0ACEH     0001H     UNIT         ?XD?_BLE_SETTXPOWER?RFA8107
            XDATA   0ACFH     0001H     UNIT         ?XD?BATTERYDETECT?RFA8107
            XDATA   0AD0H     0001H     UNIT         ?XD?OTA_KEEPBONDING?OTA
            XDATA   0AD1H     0001H     UNIT         ?XD?OTA_UPDATASPEED?OTA
                    0AD2H     042EH                  *** GAP ***
            XDATA   0F00H     0001H     ABSOLUTE     
            XDATA   0F01H     0001H     ABSOLUTE     
            XDATA   0F02H     0001H     ABSOLUTE     
            XDATA   0F03H     0002H     ABSOLUTE     
            XDATA   0F05H     0002H     ABSOLUTE     
            XDATA   0F07H     0014H     ABSOLUTE     
            XDATA   0F1BH     0010H     ABSOLUTE     
BL51 BANKED LINKER/LOCATER V6.22                                                      05/30/2019  12:42:22  PAGE 7


            XDATA   0F2BH     0001H     ABSOLUTE     
            XDATA   0F2CH     0001H     ABSOLUTE     
            XDATA   0F2DH     0014H     ABSOLUTE     
            XDATA   0F41H     0001H     ABSOLUTE     
            XDATA   0F42H     0001H     ABSOLUTE     

            * * * * * * *   C O D E   M E M O R Y   * * * * * * *
            CODE    0000H     0004H     ABSOLUTE     
                    0004H     0007H                  *** GAP ***
            CODE    000BH     0003H     ABSOLUTE     
                    000EH     0005H                  *** GAP ***
            CODE    0013H     0003H     ABSOLUTE     
                    0016H     0005H                  *** GAP ***
            CODE    001BH     0003H     ABSOLUTE     
                    001EH     0005H                  *** GAP ***
            CODE    0023H     0003H     ABSOLUTE     
                    0026H     0005H                  *** GAP ***
            CODE    002BH     0003H     ABSOLUTE     
                    002EH     0005H                  *** GAP ***
            CODE    0033H     0003H     ABSOLUTE     
                    0036H     0005H                  *** GAP ***
            CODE    003BH     0003H     ABSOLUTE     
                    003EH     0005H                  *** GAP ***
            CODE    0043H     0003H     ABSOLUTE     
                    0046H     0005H                  *** GAP ***
            CODE    004BH     0003H     ABSOLUTE     
                    004EH     0005H                  *** GAP ***
            CODE    0053H     0003H     ABSOLUTE     
                    0056H     0005H                  *** GAP ***
            CODE    005BH     0003H     ABSOLUTE     
                    005EH     0005H                  *** GAP ***
            CODE    0063H     0003H     ABSOLUTE     
                    0066H     0005H                  *** GAP ***
            CODE    006BH     0003H     ABSOLUTE     
                    006EH     0005H                  *** GAP ***
            CODE    0073H     0003H     ABSOLUTE     
                    0076H     0005H                  *** GAP ***
            CODE    007BH     01C8H     ABSOLUTE     
                    0243H     00B5H                  *** GAP ***
            CODE    02F8H     0008H     ABSOLUTE     
            CODE    0300H     0003H     ABSOLUTE     
            CODE    0303H     0008H     UNIT         ?PR?BLE_GETIDENTIFICATIONRESULT?HOST
            CODE    030BH     0003H     ABSOLUTE     
            CODE    030EH     0005H     UNIT         ?PR?ENABLETIMER0?RFA8107
            CODE    0313H     0003H     ABSOLUTE     
            CODE    0316H     0003H     UNIT         ?PR?PRCSS_OPCODE_ATT_HANDLE_VALUE_CONFIRMATION?HOST
            CODE    0319H     0001H     UNIT         ?PR?PRCSS_L2CAP_CID_NULL_IDENTIFIER?HOST
            CODE    031AH     0001H     UNIT         ?PR?PRCSS_L2CAP_CID_L2CAP_SIGNALING_CHANNEL?HOST
            CODE    031BH     0003H     ABSOLUTE     
            CODE    031EH     0003H     UNIT         ?PR?PRCSS_LL_TERMINATE_IND?LINKLAYER
            CODE    0321H     0001H     UNIT         ?PR?PRCSS_L2CAP_CID_CONNECTIONLESS_CHANNEL?HOST
            CODE    0322H     0001H     UNIT         ?PR?PRCSS_L2CAP_CID_AMP_MANAGER_PROTOCOL?HOST
            CODE    0323H     0003H     ABSOLUTE     
            CODE    0326H     0003H     UNIT         ?PR?SETBLE_CONNDIS?LINKLAYER
            CODE    0329H     0001H     UNIT         ?PR?PRCSS_OPCODE_ATT_NULL?HOST
            CODE    032AH     0001H     UNIT         ?PR?PRCSS_OPCODE_ATT_EXCHANGE_MTU_RESPONSE?HOST
            CODE    032BH     0003H     ABSOLUTE     
BL51 BANKED LINKER/LOCATER V6.22                                                      05/30/2019  12:42:22  PAGE 8


            CODE    032EH     000DH     UNIT         ?PR?BLE_SETTERMINATE?LINKLAYER
            CODE    033BH     0003H     ABSOLUTE     
            CODE    033EH     0003H     UNIT         ?PR?BLE_AUTOPWRDOWN_DISABLE?LINKLAYER
            CODE    0341H     0001H     UNIT         ?PR?PRCSS_OPCODE_ATT_READ_RESPONSE?HOST
            CODE    0342H     0001H     UNIT         ?PR?PRCSS_OPCODE_ATT_READ_BLOB_RESPONSE?HOST
            CODE    0343H     0003H     ABSOLUTE     
            CODE    0346H     0003H     UNIT         ?PR?BLE_WHITELIST_ENABLE?LINKLAYER
            CODE    0349H     0001H     UNIT         ?PR?PRCSS_OPCODE_ATT_READ_MULTIPLE_RESPONSE?HOST
            CODE    034AH     0001H     UNIT         ?PR?PRCSS_OPCODE_ATT_READ_BY_GROUP_TYPE_RESPONSE?HOST
            CODE    034BH     0003H     ABSOLUTE     
            CODE    034EH     0003H     UNIT         ?PR?BLE_WHITELIST_DISABLE?LINKLAYER
            CODE    0351H     0001H     UNIT         ?PR?PRCSS_OPCODE_ATT_WRITE_RESPONSE?HOST
            CODE    0352H     0001H     UNIT         ?PR?PRCSS_OPCODE_ATT_PREPARE_WRITE_RESPONSE?HOST
            CODE    0353H     0003H     ABSOLUTE     
            CODE    0356H     0003H     UNIT         ?PR?CONSUMER_ENCRYPTION_STRUCT?LINKLAYER
            CODE    0359H     0001H     UNIT         ?PR?PRCSS_OPCODE_ATT_EXECUTE_WRITE_RESPONSE?HOST
            CODE    035AH     0001H     UNIT         ?PR?PRCSS_OPCODE_ATT_HANDLE_VALUE_INDICATION?HOST
            CODE    035BH     0003H     ABSOLUTE     
            CODE    035EH     00A2H     UNIT         ?PR?_SETBLE_CONNTXDATA?LINKLAYER
            CODE    0400H     00B5H     UNIT         ?PR?OTA_KEEPBONDING?OTA
            CODE    04B5H     0016H     UNIT         ?PR?RESET4OTA?OTA
            CODE    04CBH     0026H     UNIT         ?PR?ERASECKCODE?OTA
            CODE    04F1H     00D2H     UNIT         ?PR?ERASEAREA?OTA
            CODE    05C3H     019BH     UNIT         ?PR?_ENTRYCMD?OTA
            CODE    075EH     0229H     UNIT         ?PR?_ENTRYDATA?OTA
            CODE    0987H     0020H     UNIT         ?PR?OTA_INITIALIZE?OTA
            CODE    09A7H     00D7H     UNIT         ?PR?OTA_UPDATASPEED?OTA
            CODE    0A7EH     0034H     UNIT         ?PR?_OTA_SETRECEIVEDATA?OTA
            CODE    0AB2H     0323H     UNIT         ?PR?OTA_PROCESS?OTA
            CODE    0DD5H     0162H     UNIT         ?PR?OTA
            CODE    0F37H     0683H     UNIT         ?C?LIB_CODE
            CODE    15BAH     088BH     UNIT         ?PR?ADVGO?LINKLAYER
            CODE    1E45H     01A3H     UNIT         ?PR?PRCSS_OPCODE_ATT_FIND_INFORMATION_REQUEST?HOST
            CODE    1FE8H     0018H     UNIT         ?PR?_CONSUMER_SETBONDING_STATUS?LINKLAYER
            CODE    2000H     0004H     UNIT         ?PR?FLASH_INITIAL?IAP
            CODE    2004H     0004H     UNIT         ?PR?FLASH_RELEASE?IAP
            CODE    2008H     0023H     UNIT         ?PR?FLASH_PROTECT_BATTERY?IAP
            CODE    202BH     0004H     UNIT         ?PR?PWE_ENABLE?IAP
            CODE    202FH     0007H     UNIT         ?PR?IAP_INITIALIZE?IAP
            CODE    2036H     0007H     UNIT         ?PR?_IAP_BANKSWITCH?IAP
            CODE    203DH     0011H     UNIT         ?PR?_IAP_INIT?IAP
            CODE    204EH     008BH     UNIT         ?PR?_IAP_ERASE?IAP
            CODE    20D9H     0038H     UNIT         ?PR?_IAP_READDATA?IAP
            CODE    2111H     009CH     UNIT         ?PR?_IAP_WRITEDATA?IAP
            CODE    21ADH     0B3EH     UNIT         ?CO?HOST
            CODE    2CEBH     07DEH     UNIT         ?PR?LINKLAYER
            CODE    34C9H     07C9H     UNIT         ?PR?HOST
            CODE    3C92H     0752H     UNIT         ?PR?_CMD_FLASHBOND?HOST
            CODE    43E4H     0591H     UNIT         ?PR?PRCSS_LL_ENC_REQ?LINKLAYER
            CODE    4975H     0576H     UNIT         ?CO?SERVICEGEN
            CODE    4EEBH     0113H     UNIT         ?PR?FIL_DATA_FLASHBONDWEXST_PBID?HOST
            CODE    4FFEH     0001H     UNIT         ?PR?PRCSS_OPCODE_ATT_SIGNED_WRITE_COMMAND?HOST
            CODE    4FFFH     0001H     UNIT         ?PR?PRCSS_BLE_CODE_SMP_RESERVED?HOST
            CODE    5000H     009FH     UNIT         ?PR?_ERASE_START?IAP
            CODE    509FH     0121H     UNIT         ?PR?_WRITEFLASH_START?IAP
            CODE    51C0H     0002H     UNIT         ?PR?INT1_ISR?INTERRUPT
            CODE    51C2H     0002H     UNIT         ?PR?TIMER1_ISR?INTERRUPT
BL51 BANKED LINKER/LOCATER V6.22                                                      05/30/2019  12:42:22  PAGE 9


            CODE    51C4H     0002H     UNIT         ?PR?UART0ISR?INTERRUPT
            CODE    51C6H     0002H     UNIT         ?PR?TIMER2_ISR?INTERRUPT
            CODE    51C8H     0002H     UNIT         ?PR?INT2_ISR?INTERRUPT
            CODE    51CAH     0002H     UNIT         ?PR?SLEEPTIMER1_ISR?INTERRUPT
            CODE    51CCH     0002H     UNIT         ?PR?RTC_ISR?INTERRUPT
            CODE    51CEH     0068H     UNIT         ?PR?RFISR?INTERRUPT
            CODE    5236H     0002H     UNIT         ?PR?KEYINT_ISR?INTERRUPT
            CODE    5238H     0127H     UNIT         ?PR?MAIN?MAIN
            CODE    535FH     0011H     UNIT         ?PR?MAIN
            CODE    5370H     052AH     UNIT         ?PR?CONNECTESTABLISH?LINKLAYER
            CODE    589AH     03A0H     UNIT         ?PR?PRCSS_OPCODE_ATT_WRITE_COMMAND?HOST
            CODE    5C3AH     0391H     UNIT         ?PR?PRCSS_OPCODE_ATT_WRITE_REQUEST?HOST
            CODE    5FCBH     038EH     UNIT         ?PR?TXDATA_PROCESS?LINKLAYER
            CODE    6359H     038BH     UNIT         ?PR?PRCSS_OPCODE_ATT_READ_BY_GROUP_TYPE_REQUEST?HOST
            CODE    66E4H     0384H     UNIT         ?PR?PRCSS_OPCODE_ATT_EXECUTE_WRITE_REQUEST?HOST
            CODE    6A68H     0359H     UNIT         ?PR?PRCSS_OPCODE_ATT_READ_BY_TYPE_REQUEST?HOST
            CODE    6DC1H     033CH     UNIT         ?PR?INITBLE?LINKLAYER
            CODE    70FDH     028BH     UNIT         ?PR?BLE_SLAVE_PROCESS?LINKLAYER
            CODE    7388H     0255H     UNIT         ?PR?INITBLE_ATTSERVPARAMTER?LINKLAYER
            CODE    75DDH     0228H     UNIT         ?PR?PRCSS_OPCODE_ATT_READ_BY_TYPE_RESPONSE?HOST
            CODE    7805H     01EBH     UNIT         ?PR?RFA8107
            CODE    79F0H     0010H     UNIT         ?PR?PRCSS_PASSKEY_PAIRING_CONFIRM?HOST
            CODE    7A00H     0200H     ABSOLUTE     
            CODE    7C00H     0300H     ABSOLUTE     
            CODE    7F00H     00EAH     UNIT         ?PR?PRCSS_BLE_CODE_SMP_PAIRING_REQUEST?HOST
            CODE    7FEAH     000AH     UNIT         ?PR?_CONSUMER_SETBONDING_USE_OLDKEY?LINKLAYER
            CODE    7FF4H     000CH     ABSOLUTE     
            CODE    8000H     020AH     UNIT         ?PR?_BLE_SENDDATA?HOST
            CODE    820AH     0207H     UNIT         ?PR?SETBLE_TIMEINTERVAL_CONNECT?LINKLAYER
            CODE    8411H     0205H     UNIT         ?PR?ACKDATA_PROCESS?LINKLAYER
            CODE    8616H     01CFH     UNIT         ?PR?SETRXWINDOWTIMING?RFA8107
            CODE    87E5H     01CCH     UNIT         ?PR?PRCSS_BLE_CODE_SMP_IDENTITY_ADDRESS_INFORMATION?HOST
            CODE    89B1H     018EH     UNIT         ?PR?PRCSS_LL_START_ENC_RSP?LINKLAYER
            CODE    8B3FH     018DH     UNIT         ?C_INITSEG
            CODE    8CCCH     017BH     UNIT         ?PR?MD_PROCEDURE?LINKLAYER
            CODE    8E47H     016AH     UNIT         ?PR?PRCSS_OPCODE_ATT_FIND_BY_TYPE_VALUE_REQUEST?HOST
            CODE    8FB1H     016AH     UNIT         ?PR?PRCSS_OPCODE_ATT_READ_BLOB_REQUEST?HOST
            CODE    911BH     015DH     UNIT         ?PR?PRCSS_OPCODE_ATT_FIND_INFORMATION_RESPONSE?HOST
            CODE    9278H     014AH     UNIT         ?PR?BATTERYDETECT?RFA8107
            CODE    93C2H     0133H     UNIT         ?PR?PRCSS_OPCODE_ATT_PREPARE_WRITE_REQUEST?HOST
            CODE    94F5H     0124H     UNIT         ?PR?_SMPC1?LINKLAYER
            CODE    9619H     0120H     UNIT         ?PR?_BLE_SETTXPOWER?RFA8107
            CODE    9739H     00FAH     UNIT         ?PR?PRCSS_OPCODE_ATT_READ_REQUEST?HOST
            CODE    9833H     00F8H     UNIT         ?PR?PRCSS_BLE_CODE_SMP_PAIRING_RANDOM?HOST
            CODE    992BH     00D5H     UNIT         ?PR?FIL_INFO_FLASHBONDWEXST_PBID?HOST
            CODE    9A00H     00D3H     UNIT         ?PR?_BLE_SETCONNECTPARAMETERUPDATEREQUEST?LINKLAYER
            CODE    9AD3H     00CAH     UNIT         ?PR?_SETBLE_CONNTXCTRL?LINKLAYER
            CODE    9B9DH     00C3H     UNIT         ?PR?_ERSDATA_FLASHBOND?HOST
            CODE    9C60H     00C3H     UNIT         ?PR?_ERSINFO_FLASHBOND?HOST
            CODE    9D23H     00BEH     UNIT         ?PR?_SETADV_RUN_CTRL?LINKLAYER
            CODE    9DE1H     00BBH     UNIT         ?PR?INITBLESW?LINKLAYER
            CODE    9E9CH     00B9H     UNIT         ?PR?_PRCSS_BLE_OPCODE_ATT?HOST
            CODE    9F55H     00B6H     UNIT         ?PR?PARTIAL_INITRF?RFA8107
            CODE    A00BH     00ADH     UNIT         ?PR?RXDATA_PROCESS?LINKLAYER
            CODE    A0B8H     00A9H     UNIT         ?PR?A8107_CONFIG?RFA8107
            CODE    A161H     00A1H     UNIT         ?PR?RXPACKET?LINKLAYER
            CODE    A202H     00A0H     UNIT         ?PR?SETBLE_CHANNEL?LINKLAYER
BL51 BANKED LINKER/LOCATER V6.22                                                      05/30/2019  12:42:22  PAGE 10


            CODE    A2A2H     0099H     UNIT         ?PR?CHECKBLETIMER?LINKLAYER
            CODE    A33BH     0098H     UNIT         ?PR?A8107_CAL?RFA8107
            CODE    A3D3H     0094H     UNIT         ?PR?_BLE_ANCS_SEND_CONTROL_POINT?HOST
            CODE    A467H     008DH     UNIT         ?PR?_PRCSS_LL_CONTROL_PDU?LINKLAYER
            CODE    A4F4H     008CH     UNIT         ?C_C51STARTUP
            CODE    A580H     008CH     UNIT         ?PR?PRCSS_LL_CONNECTION_UPDATE_REQ?LINKLAYER
            CODE    A60CH     008BH     UNIT         ?PR?_BLE_ADV_CMD?LINKLAYER
            CODE    A697H     0088H     UNIT         ?PR?PRCSS_BLE_CODE_SMP_PAIRING_CONFIRM?HOST
            CODE    A71FH     0084H     UNIT         ?PR?PRCSS_OPCODE_ATT_HANDLE_VALUE_NOTIFICATION?HOST
            CODE    A7A3H     0081H     UNIT         ?CO?RFA8107
            CODE    A824H     007EH     UNIT         ?PR?CONSUMER_BONDINGRESULT_CLEAR?LINKLAYER
            CODE    A8A2H     007AH     UNIT         ?PR?PRCSS_LL_PAUSE_ENC_REQ?LINKLAYER
            CODE    A91CH     0079H     UNIT         ?PR?GETBLE_LINKMESSAGE?LINKLAYER
            CODE    A995H     006BH     UNIT         ?PR?SETBLE_TIMEINTERVAL_WINOFFSET?LINKLAYER
            CODE    AA00H     0067H     UNIT         ?PR?A8107_RCSELECT?RFA8107
            CODE    AA67H     0066H     UNIT         ?PR?PRCSS_LL_CHANNEL_MAP_REQ?LINKLAYER
            CODE    AACDH     0062H     UNIT         ?PR?INITMCU?MCUFUNCTION
            CODE    AB2FH     0062H     UNIT         ?PR?_BLE_INITIMMEDIATEALERTLEVEL?LINKLAYER
            CODE    AB91H     0062H     UNIT         ?PR?_BLE_INITLINKLOSSALERTLEVEL?LINKLAYER
            CODE    ABF3H     005BH     UNIT         ?PR?PRCSS_OPCODE_ATT_FIND_BY_TYPE_VALUE_RESPONSE?HOST
            CODE    AC4EH     005BH     UNIT         ?PR?_MARK_PID_DATA_FLASHBOND?HOST
            CODE    ACA9H     0057H     UNIT         ?PR?_MARK_PID_INFO_FLASHBOND?HOST
            CODE    AD00H     0057H     UNIT         ?PR?GENERATIONLTK?LINKLAYER
            CODE    AD57H     0057H     UNIT         ?PR?_CHGROUPCAL?RFA8107
            CODE    ADAEH     0054H     UNIT         ?PR?SETBLE_ANCS_NOTIFICATINOSOURCE?HOST
            CODE    AE02H     0054H     UNIT         ?PR?SETBLE_ANCS_DATASOURCE?HOST
            CODE    AE56H     0054H     UNIT         ?PR?INITBLESMP_RE?LINKLAYER
            CODE    AEAAH     0052H     UNIT         ?PR?SMPAES?LINKLAYER
            CODE    AEFCH     0051H     UNIT         ?PR?_PRCSS_BLE_CODE_SMP?HOST
            CODE    AF4DH     0051H     UNIT         ?PR?SETBLE_ANCS_DISCOVER?HOST
            CODE    AF9EH     0051H     UNIT         ?PR?DC_SHIFT?LINKLAYER
            CODE    AFEFH     0050H     UNIT         ?PR?TIMER0ISR?RFA8107
            CODE    B03FH     004FH     UNIT         ?PR?_CHKBLE_ATTRIBUTE_PERMISSION_READ?HOST
            CODE    B08EH     004FH     UNIT         ?PR?_CHKBLE_ATTRIBUTE_PERMISSION_WRITE?HOST
            CODE    B0DDH     004BH     UNIT         ?PR?_RF_TIMER500MS?RFA8107
            CODE    B128H     004AH     UNIT         ?PR?PRCSS_LL_START_ENC_REQ?LINKLAYER
            CODE    B172H     0049H     UNIT         ?PR?_SETBLE_SN_NESN?LINKLAYER
            CODE    B1BBH     0046H     UNIT         ?PR?SETBLE_CONNECTUPDATE?LINKLAYER
            CODE    B201H     0043H     UNIT         ?PR?_SETADV_TO?LINKLAYER
            CODE    B244H     0040H     UNIT         ?CO?LINKLAYER
            CODE    B284H     0040H     UNIT         ?PR?INITRF?RFA8107
            CODE    B2C4H     003EH     UNIT         ?PR?PRCSS_OPCODE_ATT_ERROR_RESPONSE?HOST
            CODE    B302H     003CH     UNIT         ?PR?PRCSS_L2CAP_CID_LE_L2CAP_SIGNALING_CHANNEL?HOST
            CODE    B33EH     003BH     UNIT         ?PR?PRCSS_BLE_CODE_SMP_MASTER_IDENTIFICATION?HOST
            CODE    B379H     003BH     UNIT         ?PR?_A8107_RX_PKT_NUM?LINKLAYER
            CODE    B3B4H     003BH     UNIT         ?PR?_A8107_TX_PKT_NUM?LINKLAYER
            CODE    B3EFH     003AH     UNIT         ?PR?_SMPS1?LINKLAYER
            CODE    B429H     0039H     UNIT         ?PR?_SETADV_TIMING?LINKLAYER
            CODE    B462H     0038H     UNIT         ?PR?_KNL_MEMCOMP?HOST
            CODE    B49AH     0037H     UNIT         ?PR?_KNL_CODECPYINV?HOST
            CODE    B4D1H     0036H     UNIT         ?PR?_KNL_MEMCPYINV?HOST
            CODE    B507H     0034H     UNIT         ?PR?_KNL_CODECPY?HOST
            CODE    B53BH     0033H     UNIT         ?PR?_PRCSS_L2CAP_CID?HOST
            CODE    B56EH     0033H     UNIT         ?PR?_KNL_MEMCPY?HOST
            CODE    B5A1H     0033H     UNIT         ?PR?PRCSS_LL_FEATURE_REQ?LINKLAYER
            CODE    B5D4H     002DH     UNIT         ?PR?BLE_AUTOPWRDOWN_ENABLE?LINKLAYER
            CODE    B601H     002CH     UNIT         ?PR?BLE_ANCS_DISCOVER?HOST
BL51 BANKED LINKER/LOCATER V6.22                                                      05/30/2019  12:42:22  PAGE 11


            CODE    B62DH     002BH     UNIT         ?PR?PRCSS_L2CAP_CID_ATTRIBUTE_PROTOCOL?HOST
            CODE    B658H     002BH     UNIT         ?PR?_SETBLE_CONNTXDATA_ATT_ERROR_RESPONSE?LINKLAYER
            CODE    B683H     002AH     UNIT         ?PR?PRCSS_LL_PAUSE_ENC_RSP?LINKLAYER
            CODE    B6ADH     0029H     UNIT         ?PR?PRCSS_LL_VERSION_IND?LINKLAYER
            CODE    B6D6H     0028H     UNIT         ?PR?BLE_ANCS_DATASOURCE_ENABLE?HOST
            CODE    B6FEH     0028H     UNIT         ?PR?BLE_ANCS_DATASOURCE_DISABLE?HOST
            CODE    B726H     0025H     UNIT         ?PR?SETBLE_LLTERMINATE?LINKLAYER
            CODE    B74BH     0023H     UNIT         ?PR?_BLE_PASSKEY_SET?HOST
            CODE    B76EH     0023H     UNIT         ?PR?_SETBLE_CHECK_SN_NESN?LINKLAYER
            CODE    B791H     0022H     UNIT         ?PR?CONSUMER_BONDING_SUCCESS?LINKLAYER
            CODE    B7B3H     0021H     UNIT         ?PR?PRCSS_BLE_CODE_SMP_SECURITY_REQUEST?HOST
            CODE    B7D4H     0020H     UNIT         ?PR?BLE_GETANCS_RESULT?HOST
            CODE    B7F4H     0020H     UNIT         ?PR?_SETADV_TYPE?LINKLAYER
            CODE    B814H     0020H     UNIT         ?PR?_BLE_SETWHITELIST?LINKLAYER
            CODE    B834H     001FH     UNIT         ?PR?BLE_ANCS_NOTIFICATIONSOURCE_ENABLE?HOST
            CODE    B853H     001FH     UNIT         ?PR?BLE_ANCS_NOTIFICATIONSOURCE_DISABLE?HOST
            CODE    B872H     001FH     UNIT         ?PR?INITTIMER0?RFA8107
            CODE    B891H     001EH     UNIT         ?PR?RANDNUMBERGENERATOR?LINKLAYER
            CODE    B8AFH     001DH     UNIT         ?PR?SETBLE_LLBUSY?LINKLAYER
            CODE    B8CCH     001CH     UNIT         ?PR?GETRSSI?RFA8107
            CODE    B8E8H     001BH     UNIT         ?PR?_GETBLE_ATTRIBUTE_VALUE_DYNMCLNGTH?HOST
            CODE    B903H     001BH     UNIT         ?PR?__DELAY5US?RFA8107
            CODE    B91EH     0019H     UNIT         ?PR?PRCSS_BLE_CODE_SMP_IDENTITY_INFORMATION?HOST
            CODE    B937H     0019H     UNIT         ?PR?PRCSS_BLE_CODE_SMP_SIGNING_INFORMATION?HOST
            CODE    B950H     0017H     UNIT         ?PR?_SETADV_CHANNEL?LINKLAYER
            CODE    B967H     0017H     UNIT         ?PR?_SETADV_RND_CTRL?LINKLAYER
            CODE    B97EH     0017H     UNIT         ?PR?_SETADV_TO_CTRL?LINKLAYER
            CODE    B995H     0017H     UNIT         ?PR?BLE_GETCONNECTUPDATERESULT?LINKLAYER
            CODE    B9ACH     0016H     UNIT         ?PR?PRCSS_OPCODE_ATT_EXCHANGE_MTU_REQUEST?HOST
            CODE    B9C2H     0015H     UNIT         ?PR?_CHKBLE_ATT_CHR_ACSSWR_BYUSER?APPLICATION_CHECK
            CODE    B9D7H     0015H     UNIT         ?PR?_GETBLE_ATTRIBUTE_TYPE_SIZE?HOST
            CODE    B9ECH     0015H     UNIT         ?PR?A8107_WRITEAESKEY?LINKLAYER
            CODE    BA01H     0015H     UNIT         ?PR?INIT_Q_ATT_HDL_PREWR?LINKLAYER
            CODE    BA16H     0015H     UNIT         ?PR?A8107_WRITEID?RFA8107
            CODE    BA2BH     0014H     UNIT         ?PR?PRCSS_BLE_CODE_SMP_PAIRING_FAILED?HOST
            CODE    BA3FH     0014H     UNIT         ?PR?A8107_READAESDATA?LINKLAYER
            CODE    BA53H     0014H     UNIT         ?PR?A8107_WRITEAESDATA?LINKLAYER
            CODE    BA67H     0012H     UNIT         ?PR?_CHKIFBLE_ATT_CHR_ACSS_BYUSER?HOST
            CODE    BA79H     0011H     UNIT         ?PR?CONSUMER_GETBONDING_RESULT?LINKLAYER
            CODE    BA8AH     0010H     UNIT         ?PR?INITCRC?RFA8107
            CODE    BA9AH     000FH     UNIT         ?PR?BLE_GETTERMINATERESULT?LINKLAYER
            CODE    BAA9H     000FH     UNIT         ?PR?RF_RC_DISABLE?RFA8107
            CODE    BAB8H     000EH     UNIT         ?PR?PRCSS_L2CAP_CID_SECURITY_MANAGER_PROTOCOL?HOST
            CODE    BAC6H     000DH     UNIT         ?PR?BLE_GETCONNECTPARAMETER?LINKLAYER
            CODE    BAD3H     000DH     UNIT         ?PR?BLE_GETCONNECTSERVERADDRESS?LINKLAYER
            CODE    BAE0H     000CH     UNIT         ?PR?PRCSS_BLE_CODE_SMP_ENCRYPTION_INFORMATION?HOST
            CODE    BAECH     000CH     UNIT         ?PR?INITBLESMP?LINKLAYER
            CODE    BAF8H     000CH     UNIT         ?PR?RANDOMSEEDCOUNT?LINKLAYER
            CODE    BB04H     000BH     UNIT         ?CO?SECURITY
            CODE    BB0FH     000BH     UNIT         ?PR?_SETBLE_ADVPDU?LINKLAYER
            CODE    BB1AH     000BH     UNIT         ?PR?CONNECT_ACK_ENABLE?LINKLAYER
            CODE    BB25H     000BH     UNIT         ?PR?TMR_INTERRUPT_DISABLE?LINKLAYER
            CODE    BB30H     000BH     UNIT         ?PR?CONNECT_ACK_DISABLE?LINKLAYER
            CODE    BB3BH     000BH     UNIT         ?PR?SETBLE_CONNDISSLV?LINKLAYER
            CODE    BB46H     000BH     UNIT         ?PR?SMPPASSKEY_INIT?LINKLAYER
            CODE    BB51H     000AH     UNIT         ?PR?DISABLETIMER0?RFA8107
            CODE    BB5BH     0009H     UNIT         ?PR?_CHKBLE_ATT_CHR_ACSSRD_BYUSER?APPLICATION_CHECK
BL51 BANKED LINKER/LOCATER V6.22                                                      05/30/2019  12:42:22  PAGE 12


            CODE    BB64H     0009H     UNIT         ?PR?BLE_GETWRITEEVENT?HOST
            CODE    BB6DH     0009H     UNIT         ?PR?BLE_GET_ANCS_NOFITICATION_ENVET?HOST
            CODE    BB76H     0009H     UNIT         ?PR?BLE_GETLINKLOSSCOUNT?LINKLAYER
            CODE    BB7FH     0009H     UNIT         ?PR?_CONSUMER_PAIRING_RULE_SELECT?LINKLAYER
            CODE    BB88H     0009H     UNIT         ?PR?RF_GETRSSIRESULT?RFA8107
            CODE    BB91H     0008H     UNIT         ?PR?_SETBLE_ADVLENGTH?LINKLAYER
            CODE    BB99H     0008H     UNIT         ?PR?TMR_INTERRUPT_ENABLE?LINKLAYER
            CODE    BBA1H     0008H     UNIT         ?PR?_INITCRYSTALCL?RFA8107
            CODE    BBA9H     0007H     UNIT         ?PR?BLE_GETEMPTYCOUNT?LINKLAYER
            CODE    BBB0H     0006H     UNIT         ?PR?PRCSS_OPCODE_ATT_READ_MULTIPLE_REQUEST?HOST
            CODE    BBB6H     0006H     UNIT         ?PR?BLE_GETWRITEEVENT_LENGTH?HOST
            CODE    BBBCH     0006H     UNIT         ?PR?BLE_GET_ANCS_NOTIFICATION_LENGTH?HOST
            CODE    BBC2H     0006H     UNIT         ?PR?ADV_ACK_ENABLE?LINKLAYER
            CODE    BBC8H     0006H     UNIT         ?PR?ADV_ACK_DISABLE?LINKLAYER
            CODE    BBCEH     0006H     UNIT         ?PR?BLE_GETPWRSTATE?LINKLAYER
            CODE    BBD4H     0006H     UNIT         ?PR?BLE_GETWHITELIST_STATUS?LINKLAYER
            CODE    BBDAH     0006H     UNIT         ?PR?BLE_GETDISCONNECTREASON?LINKLAYER
            CODE    BBE0H     0006H     UNIT         ?PR?_STROBECMD?RFA8107
            CODE    BBE6H     0006H     UNIT         ?PR?RF_GETBATTERYRESULT?RFA8107
            CODE    BBECH     0006H     UNIT         ?PR?RF_GET_PARTIAL_INITRF_RESULT?RFA8107
            CODE    BBF2H     0003H     UNIT         ?PR?INTERRUPTDISABLE?RFA8107
            CODE    BBF5H     0003H     UNIT         ?PR?INTERRUPTENABLE?RFA8107
            CODE    BBF8H     0001H     UNIT         ?PR?PRCSS_BLE_CODE_SMP_PAIRING_RESPONSE?HOST
            CODE    BBF9H     0001H     UNIT         ?PR?PRCSS_LL_ENC_RSP?LINKLAYER
            CODE    BBFAH     0001H     UNIT         ?PR?PRCSS_LL_UNKNOWN_RSP?LINKLAYER
            CODE    BBFBH     0001H     UNIT         ?PR?PRCSS_LL_FEATURE_RSP?LINKLAYER
            CODE    BBFCH     0001H     UNIT         ?PR?PRCSS_LL_REJECT_IND?LINKLAYER
            CODE    BBFDH     0001H     UNIT         ?PR?PRCSS_LL_SLAVE_FEATURE_REQ?LINKLAYER
            CODE    BBFEH     0001H     UNIT         ?PR?PRCSS_LL_CONNECT_PARAM_REQ?LINKLAYER
            CODE    BBFFH     0001H     UNIT         ?PR?PRCSS_LL_CONNECT_PARAM_RSP?LINKLAYER
            CODE    BC00H     0001H     UNIT         ?PR?PRCSS_LL_REJECT_IND_EXT?LINKLAYER
            CODE    BC01H     0001H     UNIT         ?PR?PRCSS_LL_PING_REQ?LINKLAYER
            CODE    BC02H     0001H     UNIT         ?PR?PRCSS_LL_PING_RSP?LINKLAYER
            CODE    BC03H     0001H     UNIT         ?PR?PRCSS_LL_LENGTH_REQ?LINKLAYER
            CODE    BC04H     0001H     UNIT         ?PR?PRCSS_LL_LENGTH_RSP?LINKLAYER
                    BC05H     43F9H                  *** GAP ***
            CODE    FFFEH     0002H     ABSOLUTE     



SYMBOL TABLE OF MODULE:  Project (?C_STARTUP)

  VALUE           TYPE          NAME
  ----------------------------------

  -------         MODULE        ?C_STARTUP
  C:A4F4H         SEGMENT       ?C_C51STARTUP
  I:0030H         SEGMENT       ?STACK
  C:0002H         PUBLIC        ?C_STARTUP
  C:A4F4H         PUBLIC        STARTUP1
  D:00E0H         SYMBOL        ACC
  D:00F0H         SYMBOL        B
  D:0083H         SYMBOL        DPH
  D:0082H         SYMBOL        DPL
  N:007BH         SYMBOL        IAP_PROCESS_ADDRESS
  N:0000H         SYMBOL        IBPSTACK
  N:0100H         SYMBOL        IBPSTACKTOP
BL51 BANKED LINKER/LOCATER V6.22                                                      05/30/2019  12:42:22  PAGE 13


  N:0080H         SYMBOL        IDATALEN
  C:A4F7H         SYMBOL        IDATALOOP
  N:0300H         SYMBOL        INTERRUPT_OFFSET
  N:0000H         SYMBOL        PBPSTACK
  N:0100H         SYMBOL        PBPSTACKTOP
  N:0000H         SYMBOL        PDATALEN
  N:0000H         SYMBOL        PDATASTART
  N:0000H         SYMBOL        PPAGE
  N:0000H         SYMBOL        PPAGEENABLE
  D:00A0H         SYMBOL        PPAGE_SFR
  D:0081H         SYMBOL        SP
  N:0000H         SYMBOL        XBPSTACK
  N:0000H         SYMBOL        XBPSTACKTOP
  N:0000H         SYMBOL        XDATALEN
  N:0000H         SYMBOL        XDATASTART
  C:0002H         LINE#         132
  C:A4F4H         LINE#         139
  C:A4F6H         LINE#         140
  C:A4F7H         LINE#         141
  C:A4F8H         LINE#         142
  C:A4FAH         LINE#         191
  C:A4FDH         LINE#         202
  -------         ENDMOD        ?C_STARTUP

  -------         MODULE        FLASH_CHECK
  N:0000H         SYMBOL        FLASH_CHECK
  -------         ENDMOD        FLASH_CHECK

  -------         MODULE        INTERRUPT_OFFSET
  N:007BH         SYMBOL        IAP_PROCESS_ADDRESS
  N:0300H         SYMBOL        INTERRUPT_OFFSET
  C:000BH         LINE#         5
  C:0013H         LINE#         7
  C:001BH         LINE#         9
  C:0023H         LINE#         11
  C:002BH         LINE#         13
  C:0033H         LINE#         15
  C:003BH         LINE#         17
  C:0043H         LINE#         19
  C:004BH         LINE#         21
  C:0053H         LINE#         23
  C:005BH         LINE#         25
  C:0063H         LINE#         27
  C:006BH         LINE#         29
  C:0073H         LINE#         31
  -------         ENDMOD        INTERRUPT_OFFSET

  -------         MODULE        OTA_IAP
  D:00E0H         SYMBOL        ACC
  N:0038H         SYMBOL        BDCOUNTH
  N:0037H         SYMBOL        BDCOUNTL
  N:0040H         SYMBOL        BUFFER
  D:0094H         SYMBOL        CODEBANK
  D:0083H         SYMBOL        DPH
  D:0082H         SYMBOL        DPL
  D:00E8H         SYMBOL        EIE
  D:0091H         SYMBOL        EIF
BL51 BANKED LINKER/LOCATER V6.22                                                      05/30/2019  12:42:22  PAGE 14


  D:009AH         SYMBOL        FLASHCTRL
  D:009BH         SYMBOL        FLASHTMR
  C:021BH         SYMBOL        F_BATTERYDETECT
  C:0221H         SYMBOL        F_BATTERYDETECT_RETRY
  C:0214H         SYMBOL        F_CLRPWE
  C:023CH         SYMBOL        F_DELAY_100US
  C:01D3H         SYMBOL        F_ERASESECTOR
  C:0204H         SYMBOL        F_FLASHCONTROL
  C:01FAH         SYMBOL        F_FLASHSETTING
  C:0178H         SYMBOL        F_READ16BYTES
  C:020DH         SYMBOL        F_SETPWE
  C:0146H         SYMBOL        F_UPDATE256BYTES
  C:0185H         SYMBOL        F_VERIFY16BYTES
  C:019EH         SYMBOL        F_WRITE16BYTES
  C:019BH         SYMBOL        F_WRITE_A_BYTES
  N:007BH         SYMBOL        IAP_PROCESS_ADDRESS
  D:00A8H         SYMBOL        IE
  N:0300H         SYMBOL        INTERRUPT_OFFSET
  C:007BH         SYMBOL        OTA_BEGIN
  C:0300H         SYMBOL        OTA_END
  D:00D1H         SYMBOL        P0OE
  D:00D2H         SYMBOL        P0PUN
  D:0087H         SYMBOL        PCON
  N:003AH         SYMBOL        READDATA
  D:00BAH         SYMBOL        RSFLAG
  N:0032H         SYMBOL        SOURCEBANK
  N:0030H         SYMBOL        SOURCEDPH
  N:0031H         SYMBOL        SOURCEDPL
  D:0081H         SYMBOL        SP
  D:00EBH         SYMBOL        TA
  N:0035H         SYMBOL        TARGETBANK
  N:0033H         SYMBOL        TARGETDPH
  N:0034H         SYMBOL        TARGETDPL
  N:0039H         SYMBOL        TRYCOUNT
  N:0036H         SYMBOL        UPDATEDPH
  D:00D8H         SYMBOL        WDCON
  C:01BBH         SYMBOL        _CHECK_R3_OTA_DATA2_
  C:01F0H         SYMBOL        _CHECK_R3_OTA_DATA_
  C:01B1H         SYMBOL        _CHECK_WDT2_
  C:01E6H         SYMBOL        _CHECK_WDT_
  C:01F6H         SYMBOL        _ERASESECTOR_START
  C:0236H         SYMBOL        _F_BATTERYDETECT_BDF_0
  C:0239H         SYMBOL        _F_BATTERYDETECT_BDF_1
  C:023EH         SYMBOL        _F_DELAY_100US_LOOP
  C:01F7H         SYMBOL        _F_ERASESECTOR_END
  C:01EEH         SYMBOL        _F_ERASESECTOR_STOP
  C:017CH         SYMBOL        _F_READ16BYTES_LOOP
  C:0175H         SYMBOL        _F_UPDATE256BYTES_FAIL
  C:014AH         SYMBOL        _F_UPDATE256BYTES_LOOP
  C:0172H         SYMBOL        _F_UPDATE256BYTES_PASS
  C:0198H         SYMBOL        _F_VERIFY16BYTES_FAIL
  C:0189H         SYMBOL        _F_VERIFY16BYTES_LOOP
  C:0195H         SYMBOL        _F_VERIFY16BYTES_PASS
  C:01D0H         SYMBOL        _F_WRITE16BYTES_END
  C:01C5H         SYMBOL        _F_WRITE16BYTES_LOOP
  C:01CCH         SYMBOL        _F_WRITE16BYTES_NEXT
  C:01B9H         SYMBOL        _F_WRITE16BYTES_STOP
BL51 BANKED LINKER/LOCATER V6.22                                                      05/30/2019  12:42:22  PAGE 15


  C:01CBH         SYMBOL        _F_WRITE16BYTES_WRITE
  C:01C1H         SYMBOL        _F_WRITE_A_BYTES_START
  C:01C1H         SYMBOL        _F_WRITE_START
  C:0099H         SYMBOL        _OTA_BATTERYDETECT
  C:00D5H         SYMBOL        _OTA_PROCESS
  C:00B7H         SYMBOL        _OTA_PROCESS_CHECK_BANK_CODE_LH
  C:00B1H         SYMBOL        _OTA_PROCESS_CHECK_CODE_H
  C:00ACH         SYMBOL        _OTA_PROCESS_CHECK_CODE_L
  C:00CFH         SYMBOL        _OTA_PROCESS_END
  C:00E2H         SYMBOL        _OTA_PROCESS_ERASE
  C:0123H         SYMBOL        _OTA_PROCESS_FAIL
  C:00D3H         SYMBOL        _OTA_PROCESS_FINISH
  C:00DAH         SYMBOL        _OTA_PROCESS_LOOP
  C:00DDH         SYMBOL        _OTA_PROCESS_LOOP_RETRY
  C:011FH         SYMBOL        _OTA_PROCESS_NEXT
  C:00D3H         SYMBOL        _OTA_PROCESS_RESET
  C:0110H         SYMBOL        _OTA_PROCESS_UPDATE
  C:0101H         SYMBOL        _OTA_PROCESS_UPDATE_0000_7F00
  C:00F3H         SYMBOL        _OTA_PROCESS_UPDATE_8000_FF00
  C:00A9H         SYMBOL        _OTA_START
  C:007BH         LINE#         67
  C:007EH         LINE#         68
  C:0081H         LINE#         69
  C:0084H         LINE#         70
  C:0086H         LINE#         72
  C:0088H         LINE#         73
  C:008AH         LINE#         76
  C:008DH         LINE#         77
  C:008FH         LINE#         78
  C:0090H         LINE#         79
  C:0092H         LINE#         80
  C:0093H         LINE#         83
  C:0096H         LINE#         84
  C:0099H         LINE#         86
  C:009BH         LINE#         87
  C:009DH         LINE#         88
  C:00A0H         LINE#         89
  C:00A2H         LINE#         90
  C:00A4H         LINE#         91
  C:00A7H         LINE#         92
  C:00A9H         LINE#         95
  C:00ACH         LINE#         97
  C:00ADH         LINE#         98
  C:00AEH         LINE#         99
  C:00B1H         LINE#         102
  C:00B3H         LINE#         103
  C:00B4H         LINE#         104
  C:00B7H         LINE#         107
  C:00BAH         LINE#         108
  C:00BDH         LINE#         109
  C:00BEH         LINE#         110
  C:00BFH         LINE#         111
  C:00C2H         LINE#         112
  C:00C4H         LINE#         113
  C:00C5H         LINE#         114
  C:00C8H         LINE#         115
  C:00CAH         LINE#         116
BL51 BANKED LINKER/LOCATER V6.22                                                      05/30/2019  12:42:22  PAGE 16


  C:00CDH         LINE#         118
  C:00CFH         LINE#         121
  C:00D1H         LINE#         122
  C:00D3H         LINE#         126
  C:00D5H         LINE#         129
  C:00D7H         LINE#         130
  C:00DAH         LINE#         133
  C:00DDH         LINE#         135
  C:00E0H         LINE#         136
  C:00E2H         LINE#         139
  C:00E5H         LINE#         140
  C:00E8H         LINE#         141
  C:00EAH         LINE#         142
  C:00ECH         LINE#         148
  C:00EEH         LINE#         149
  C:00EFH         LINE#         150
  C:00F1H         LINE#         151
  C:00F3H         LINE#         154
  C:00F6H         LINE#         155
  C:00F9H         LINE#         156
  C:00FCH         LINE#         157
  C:00FFH         LINE#         158
  C:0101H         LINE#         161
  C:0104H         LINE#         162
  C:0106H         LINE#         163
  C:0108H         LINE#         164
  C:010AH         LINE#         165
  C:010DH         LINE#         166
  C:0110H         LINE#         169
  C:0112H         LINE#         170
  C:0114H         LINE#         172
  C:0116H         LINE#         173
  C:0119H         LINE#         174
  C:011BH         LINE#         175
  C:011DH         LINE#         176
  C:011FH         LINE#         179
  C:0121H         LINE#         180
  C:0123H         LINE#         183
  C:0125H         LINE#         184
  C:0127H         LINE#         185
  C:012AH         LINE#         186
  C:012DH         LINE#         187
  C:012FH         LINE#         188
  C:0130H         LINE#         189
  C:0132H         LINE#         190
  C:0135H         LINE#         191
  C:0138H         LINE#         192
  C:013BH         LINE#         193
  C:013EH         LINE#         194
  C:0140H         LINE#         195
  C:0142H         LINE#         196
  C:0144H         LINE#         197
  C:0146H         LINE#         205
  C:0148H         LINE#         206
  C:014AH         LINE#         209
  C:014DH         LINE#         210
  C:014FH         LINE#         211
BL51 BANKED LINKER/LOCATER V6.22                                                      05/30/2019  12:42:22  PAGE 17


  C:0152H         LINE#         212
  C:0154H         LINE#         214
  C:0157H         LINE#         215
  C:0159H         LINE#         216
  C:015CH         LINE#         217
  C:015EH         LINE#         218
  C:0160H         LINE#         220
  C:0163H         LINE#         221
  C:0165H         LINE#         222
  C:0168H         LINE#         223
  C:016AH         LINE#         224
  C:016CH         LINE#         226
  C:016DH         LINE#         227
  C:016FH         LINE#         228
  C:0170H         LINE#         230
  C:0172H         LINE#         232
  C:0174H         LINE#         233
  C:0175H         LINE#         235
  C:0177H         LINE#         236
  C:0178H         LINE#         243
  C:017AH         LINE#         244
  C:017CH         LINE#         246
  C:017EH         LINE#         247
  C:017FH         LINE#         248
  C:0180H         LINE#         249
  C:0181H         LINE#         250
  C:0182H         LINE#         251
  C:0184H         LINE#         252
  C:0185H         LINE#         259
  C:0187H         LINE#         260
  C:0189H         LINE#         262
  C:018BH         LINE#         263
  C:018DH         LINE#         264
  C:018EH         LINE#         265
  C:0191H         LINE#         266
  C:0192H         LINE#         267
  C:0193H         LINE#         268
  C:0195H         LINE#         270
  C:0197H         LINE#         271
  C:0198H         LINE#         274
  C:019AH         LINE#         275
  C:019BH         LINE#         282
  C:019CH         LINE#         283
  C:019EH         LINE#         290
  C:01A0H         LINE#         291
  C:01A2H         LINE#         293
  C:01A4H         LINE#         294
  C:01A5H         LINE#         295
  C:01A7H         LINE#         296
  C:01A9H         LINE#         298
  C:01ABH         LINE#         299
  C:01ADH         LINE#         300
  C:01AFH         LINE#         302
  C:01B1H         LINE#         305
  C:01B3H         LINE#         306
  C:01B5H         LINE#         307
  C:01B7H         LINE#         308
BL51 BANKED LINKER/LOCATER V6.22                                                      05/30/2019  12:42:22  PAGE 18


  C:01B9H         LINE#         311
  C:01BBH         LINE#         314
  C:01BDH         LINE#         315
  C:01BEH         LINE#         316
  C:01BFH         LINE#         317
  C:01C1H         LINE#         321
  C:01C3H         LINE#         322
  C:01C5H         LINE#         324
  C:01C6H         LINE#         325
  C:01C9H         LINE#         326
  C:01CBH         LINE#         328
  C:01CCH         LINE#         330
  C:01CDH         LINE#         331
  C:01CEH         LINE#         332
  C:01D0H         LINE#         335
  C:01D2H         LINE#         336
  C:01D3H         LINE#         342
  C:01D5H         LINE#         343
  C:01D7H         LINE#         345
  C:01D9H         LINE#         346
  C:01DAH         LINE#         347
  C:01DCH         LINE#         348
  C:01DEH         LINE#         350
  C:01E0H         LINE#         351
  C:01E2H         LINE#         352
  C:01E4H         LINE#         353
  C:01E6H         LINE#         356
  C:01E8H         LINE#         357
  C:01EAH         LINE#         358
  C:01ECH         LINE#         359
  C:01EEH         LINE#         362
  C:01F0H         LINE#         365
  C:01F2H         LINE#         366
  C:01F3H         LINE#         367
  C:01F4H         LINE#         368
  C:01F6H         LINE#         371
  C:01F7H         LINE#         373
  C:01F9H         LINE#         374
  C:01FAH         LINE#         380
  C:01FDH         LINE#         381
  C:0200H         LINE#         382
  C:0203H         LINE#         383
  C:0204H         LINE#         389
  C:0207H         LINE#         390
  C:020AH         LINE#         391
  C:020CH         LINE#         392
  C:020DH         LINE#         398
  C:020FH         LINE#         399
  C:0211H         LINE#         400
  C:0213H         LINE#         401
  C:0214H         LINE#         407
  C:0216H         LINE#         408
  C:0218H         LINE#         409
  C:021AH         LINE#         410
  C:021BH         LINE#         423
  C:021EH         LINE#         424
  C:0220H         LINE#         425
BL51 BANKED LINKER/LOCATER V6.22                                                      05/30/2019  12:42:22  PAGE 19


  C:0221H         LINE#         427
  C:0224H         LINE#         428
  C:0226H         LINE#         429
  C:0227H         LINE#         431
  C:022AH         LINE#         432
  C:022CH         LINE#         433
  C:022DH         LINE#         435
  C:022FH         LINE#         436
  C:0230H         LINE#         437
  C:0233H         LINE#         438
  C:0236H         LINE#         440
  C:0238H         LINE#         441
  C:0239H         LINE#         443
  C:023BH         LINE#         444
  C:023CH         LINE#         453
  C:023EH         LINE#         455
  C:023FH         LINE#         456
  C:0240H         LINE#         457
  C:0242H         LINE#         458
  C:0300H         LINE#         466
  -------         ENDMOD        OTA_IAP

  -------         MODULE        SERVICEGEN
  C:0000H         SYMBOL        _ICE_DUMMY_
  C:4CC1H         PUBLIC        ATT_PERMISSION_HDL_GAP_APPEARANCE
  C:4CE1H         PUBLIC        ATT_PERMISSION_HDL_OTA_OTA_DATA_CLIENT_CHARACTERISTIC_CONFIGURATION_INIT
  C:4BBAH         PUBLIC        ATT_HDL_OTA_DATA_ERROR_STATUS_CLIENT_CHARACTERISTIC_CONFIGURATION_INIT
  C:49D9H         PUBLIC        ATT_HDL_GAP_CHARACTERISTIC_APPEARANCE
  C:4CD1H         PUBLIC        ATT_PERMISSION_HDL_DIS_MANUFACTURER_NAME_STRING
  C:4A6DH         PUBLIC        ATT_HDL_DIS_CHARACTERISTIC_MANUFACTURER_NAME_STRING
  C:49C8H         PUBLIC        ATT_HDL_GAP_DEVICE_NAME_INIT
  X:07A6H         PUBLIC        att_HDL_OTA_OTA_CMD_CONTROL_POINT_CLIENT_CHARACTERISTIC_CONFIGURATION
  C:4CD3H         PUBLIC        ATT_PERMISSION_HDL_DIS_SYSTEM_ID
  X:07A8H         PUBLIC        att_HDL_OTA_OTA_DATA
  C:4A95H         PUBLIC        ATT_HDL_DIS_CHARACTERISTIC_SYSTEM_ID
  C:4CCBH         PUBLIC        ATT_PERMISSION_HDL_GATT_CLIENT_CHARACTERISTIC_CONFIGURATION_INIT
  C:4CD7H         PUBLIC        ATT_PERMISSION_HDL_DIS_MODEL_NUMBER_STRING
  X:07BCH         PUBLIC        att_HDL_BAS_CLIENT_CHARACTERISTIC_CONFIGURATION
  C:4A37H         PUBLIC        ATT_HDL_GATT_SERVICE_CHANGED_INIT
  C:49B5H         PUBLIC        ATT_HDL_INVALID
  C:4ACBH         PUBLIC        ATT_HDL_DIS_CHARACTERISTIC_MODEL_NUMBER_STRING
  C:4CDDH         PUBLIC        ATT_PERMISSION_HDL_DIS_PNP_ID
  C:4BF5H         PUBLIC        ATT_HDL_USER_DEFINE_01_PRIMARY_SERVICE
  C:49E3H         PUBLIC        ATT_HDL_GAP_APPEARANCE
  C:4B69H         PUBLIC        ATT_HDL_OTA_OTA_DATA_CLIENT_CHARACTERISTIC_CONFIGURATION_INIT
  C:4B29H         PUBLIC        ATT_HDL_DIS_CHARACTERISTIC_PNP_ID
  C:4CD9H         PUBLIC        ATT_PERMISSION_HDL_DIS_HARDWARE_REVISION_STRING
  X:07BEH         PUBLIC        att_HDL_BAS_BATTERY_LEVEL
  X:07BFH         PUBLIC        att_HDL_GAP_RECONNECTION_ADDRESS
  C:4AECH         PUBLIC        ATT_HDL_DIS_CHARACTERISTIC_HARDWARE_REVISION_STRING
  C:4A77H         PUBLIC        ATT_HDL_DIS_MANUFACTURER_NAME_STRING
  C:4CC5H         PUBLIC        ATT_PERMISSION_HDL_GAP_PERIPHERAL_PRIVACY_FLAG
  C:4B46H         PUBLIC        ATT_HDL_OTA_CHARACTERISTIC_OTA_DATA
  C:4A9FH         PUBLIC        ATT_HDL_DIS_SYSTEM_ID
  C:49FFH         PUBLIC        ATT_HDL_GAP_CHARACTERISTIC_PERIPHERAL_PRIVACY_FLAG
  C:4CEBH         PUBLIC        ATT_PERMISSION_HDL_OTA_DATA_ERROR_STATUS_INIT
  C:4CE9H         PUBLIC        ATT_PERMISSION_HDL_OTA_OTA_CMD_USER_DESCRIPTION
BL51 BANKED LINKER/LOCATER V6.22                                                      05/30/2019  12:42:22  PAGE 20


  C:4A61H         PUBLIC        ATT_HDL_DIS_SERIAL_NUMBER_STRING_PRESENTATION_FORMAT
  C:4A40H         PUBLIC        ATT_HDL_GATT_CLIENT_CHARACTERISTIC_CONFIGURATION_INIT
  C:4AD5H         PUBLIC        ATT_HDL_DIS_MODEL_NUMBER_STRING
  X:07C5H         PUBLIC        att_HDL_USER_DEFINE_01_DATAN01
  C:4B33H         PUBLIC        ATT_HDL_DIS_PNP_ID
  X:07D9H         PUBLIC        att_HDL_USER_DEFINE_01_DATAN02
  C:4CD5H         PUBLIC        ATT_PERMISSION_HDL_DIS_FIRMWARE_REVISION_STRING
  C:4BDEH         PUBLIC        ATT_HDL_BAS_CHARACTERISTIC_BATTERY_LEVEL
  C:4AF6H         PUBLIC        ATT_HDL_DIS_HARDWARE_REVISION_STRING
  C:4AACH         PUBLIC        ATT_HDL_DIS_CHARACTERISTIC_FIRMWARE_REVISION_STRING
  C:49EAH         PUBLIC        ATT_HDL_GAP_CHARACTERISTIC_RECONNECTION_ADDRESS
  C:4C1FH         PUBLIC        ATT_HDL_USER_DEFINE_01_DATAN01_CLIENT_CHARACTERISTIC_CONFIGURATION_INIT
  C:4C6CH         PUBLIC        ATT_HDL_USER_DEFINE_01_DATAN02_CLIENT_CHARACTERISTIC_CONFIGURATION_INIT
  X:07EDH         PUBLIC        att_HDL_USER_DEFINE_01_DATAW01
  X:0801H         PUBLIC        att_HDL_USER_DEFINE_01_DATAW02
  C:4A09H         PUBLIC        ATT_HDL_GAP_PERIPHERAL_PRIVACY_FLAG
  C:4CE7H         PUBLIC        ATT_PERMISSION_HDL_OTA_OTA_CMD_CP_CLIENT_CHARACTERISTIC_CONFIGURATION_INIT
  C:4CDFH         PUBLIC        ATT_PERMISSION_HDL_OTA_OTA_DATA_INIT
  C:4B9BH         PUBLIC        ATT_HDL_OTA_OTA_CMD_USER_DESCRIPTION
  C:4BB1H         PUBLIC        ATT_HDL_OTA_DATA_ERROR_STATUS_INIT
  C:4CDBH         PUBLIC        ATT_PERMISSION_HDL_DIS_SOFTWARE_REVISION_STRING
  C:4BFCH         PUBLIC        ATT_HDL_USER_DEFINE_01_CHARACTERISTIC_DATAN01
  C:4CF3H         PUBLIC        ATT_PERMISSION_HDL_BAS_CLIENT_CHARACTERISTIC_CONFIGURATION_INIT
  C:4C49H         PUBLIC        ATT_HDL_USER_DEFINE_01_CHARACTERISTIC_DATAN02
  C:4A26H         PUBLIC        ATT_HDL_GATT_PRIMARY_SERVICE
  C:4D01H         PUBLIC        ATT_PERMISSION_HDL_USER_DEFINE_01_DATAR01
  C:4B0AH         PUBLIC        ATT_HDL_DIS_CHARACTERISTIC_SOFTWARE_REVISION_STRING
  C:4AB6H         PUBLIC        ATT_HDL_DIS_FIRMWARE_REVISION_STRING
  C:4C96H         PUBLIC        ATT_HDL_USER_DEFINE_01_CHARACTERISTIC_DATAR01
  X:0815H         PUBLIC        att_HDL_OTA_OTA_CMD_CONTROL_POINT
  C:4CF1H         PUBLIC        ATT_PERMISSION_HDL_BAS_BATTERY_LEVEL_INIT
  C:4CC3H         PUBLIC        ATT_PERMISSION_HDL_GAP_RECONNECTION_ADDRESS_INIT
  C:4C26H         PUBLIC        ATT_HDL_USER_DEFINE_01_CHARACTERISTIC_DATAW01
  C:4C73H         PUBLIC        ATT_HDL_USER_DEFINE_01_CHARACTERISTIC_DATAW02
  C:4B94H         PUBLIC        ATT_HDL_OTA_OTA_CMD_CONTROL_POINT_CLIENT_CHARACTERISTIC_CONFIGURATION_INIT
  C:4B50H         PUBLIC        ATT_HDL_OTA_OTA_DATA_INIT
  C:4B14H         PUBLIC        ATT_HDL_DIS_SOFTWARE_REVISION_STRING
  C:4CE3H         PUBLIC        ATT_PERMISSION_HDL_OTA_OTA_DATA_DESCRIPTION
  C:4BEEH         PUBLIC        ATT_HDL_BAS_CLIENT_CHARACTERISTIC_CONFIGURATION_INIT
  C:4CA0H         PUBLIC        ATT_HDL_USER_DEFINE_01_DATAR01
  C:4CF5H         PUBLIC        ATT_PERMISSION_HDL_USER_DEFINE_01_DATAN01_INIT
  C:4A89H         PUBLIC        ATT_HDL_DIS_MANUFACTURER_NAME_STRING_PRESENTATION_FORMAT
  C:4975H         PUBLIC        ADV_DATA_INITIAL
  C:4CFBH         PUBLIC        ATT_PERMISSION_HDL_USER_DEFINE_01_DATAN02_INIT
  C:4B7DH         PUBLIC        ATT_HDL_OTA_CHARACTERISTIC_OTA_CMD_CONTROL_POINT
  C:4CBDH         PUBLIC        ATT_PERMISSION_CHARACTERISTIC
  C:4BE8H         PUBLIC        ATT_HDL_BAS_BATTERY_LEVEL_INIT
  C:49F4H         PUBLIC        ATT_HDL_GAP_RECONNECTION_ADDRESS_INIT
  C:4EE8H         PUBLIC        ATTRIBUTE_SERVER_BOND_PARAM
  X:081DH         PUBLIC        att_HDL_OTA_DATA_ERROR_STATUS_CLIENT_CHARACTERISTIC_CONFIGURATION
  C:4CF9H         PUBLIC        ATT_PERMISSION_HDL_USER_DEFINE_01_DATAW01_INIT
  C:4AE0H         PUBLIC        ATT_HDL_DIS_MODEL_NUMBER_STRING_PRESENTATION_FORMAT
  C:4CFFH         PUBLIC        ATT_PERMISSION_HDL_USER_DEFINE_01_DATAW02_INIT
  C:4BA7H         PUBLIC        ATT_HDL_OTA_CHARACTERISTIC_OTA_DATA_ERROR_STATUS
  C:4CC7H         PUBLIC        ATT_PERMISSION_HDL_GAP_PERIPHERAL_PREFERRED_CONNECTION_PARAMETERS
  C:4A0FH         PUBLIC        ATT_HDL_GAP_CHARACTERISTIC_PERIPHERAL_PREFERRED_CONNECTION_PARAMETERS
  C:4CEFH         PUBLIC        ATT_PERMISSION_HDL_OTA_DATA_ERROR_STATUS_USER_DESCRIPTION
BL51 BANKED LINKER/LOCATER V6.22                                                      05/30/2019  12:42:22  PAGE 21


  X:081FH         PUBLIC        att_HDL_GAP_DEVICE_NAME
  C:4B70H         PUBLIC        ATT_HDL_OTA_OTA_DATA_DESCRIPTION
  C:4AFEH         PUBLIC        ATT_HDL_DIS_HARDWARE_REVISION_STRING_PRESENTATION_FORMAT
  C:4CBBH         PUBLIC        ATT_PERMISSION_PRIMARY_SERVICE
  C:4C06H         PUBLIC        ATT_HDL_USER_DEFINE_01_DATAN01_INIT
  C:4BD7H         PUBLIC        ATT_HDL_BAS_PRIMARY_SERVICE
  C:4C53H         PUBLIC        ATT_HDL_USER_DEFINE_01_DATAN02_INIT
  X:082BH         PUBLIC        att_HDL_GATT_SERVICE_CHANGED
  C:49B7H         PUBLIC        ATT_HDL_GAP_PRIMARY_SERVICE
  C:4CF7H         PUBLIC        ATT_PERMISSION_HDL_USER_DEFINE_01_DATAN01_CLIENT_CHARACT_CONFIG_INIT
  C:4CE5H         PUBLIC        ATT_PERMISSION_HDL_OTA_OTA_CMD_CONTROL_POINT_INIT
  C:4CFDH         PUBLIC        ATT_PERMISSION_HDL_USER_DEFINE_01_DATAN02_CLIENT_CHARACT_CONFIG_INIT
  C:4CCDH         PUBLIC        ATT_PERMISSION_HDL_DIS_SERIAL_NUMBER_STRING
  X:082FH         PUBLIC        att_HDL_OTA_OTA_DATA_CLIENT_CHARACTERISTIC_CONFIGURATION
  C:4C30H         PUBLIC        ATT_HDL_USER_DEFINE_01_DATAW01_INIT
  C:4A4EH         PUBLIC        ATT_HDL_DIS_CHARACTERISTIC_SERIAL_NUMBER_STRING
  C:4C7DH         PUBLIC        ATT_HDL_USER_DEFINE_01_DATAW02_INIT
  C:4A47H         PUBLIC        ATT_HDL_DIS_PRIMARY_SERVICE
  C:4A19H         PUBLIC        ATT_HDL_GAP_PERIPHERAL_PREFERRED_CONNECTION_PARAMETERS
  C:4E5CH         PUBLIC        ATTRIBUTE_SERVER_PERMISSION
  C:4ABFH         PUBLIC        ATT_HDL_DIS_FIRMWARE_REVISION_STRING_PRESENTATION_FORMAT
  C:49BEH         PUBLIC        ATT_HDL_GAP_CHARACTERISTIC_DEVICE_NAME
  C:4995H         PUBLIC        SCAN_RESPONSE_DATA_INITIAL
  C:4BC1H         PUBLIC        ATT_HDL_OTA_DATA_ERROR_STATUS_USER_DESCRIPTION
  C:4B3FH         PUBLIC        ATT_HDL_OTA_PRIMARY_SERVICE
  C:4D8DH         PUBLIC        ATTRIBUTE_SERVER_param
  X:0831H         PUBLIC        att_HDL_GATT_CLIENT_CHARACTERISTIC_CONFIGURATION
  C:4A2DH         PUBLIC        ATT_HDL_GATT_CHARACTERISTIC_SERVICE_CHANGED
  C:4B87H         PUBLIC        ATT_HDL_OTA_OTA_CMD_CONTROL_POINT_INIT
  C:4A58H         PUBLIC        ATT_HDL_DIS_SERIAL_NUMBER_STRING
  C:4CEDH         PUBLIC        ATT_PERMISSION_HDL_OTA_DATA_ERROR_STATUS_CLIENT_CHARACTERISTIC_CONFIGURATION_INIT
  C:4B1DH         PUBLIC        ATT_HDL_DIS_SOFTWARE_REVISION_STRING_PRESENTATION_FORMAT
  C:4D03H         PUBLIC        ATTRIBUTE_SERVER
  X:0833H         PUBLIC        att_HDL_USER_DEFINE_01_DATAN01_CLIENT_CHARACTERISTIC_CONFIGURATION
  X:0835H         PUBLIC        att_HDL_USER_DEFINE_01_DATAN02_CLIENT_CHARACTERISTIC_CONFIGURATION
  C:4CB9H         PUBLIC        ATT_PERMISSION_NULL
  C:4CBFH         PUBLIC        ATT_PERMISSION_HDL_GAP_DEVICE_NAME_INIT
  C:4EE6H         PUBLIC        ATTRIBUTE_SERVER_BOND
  C:4CCFH         PUBLIC        ATT_PERMISSION_CHARACTERISTIC_PRESENTATION_FORMAT
  X:0837H         PUBLIC        att_HDL_OTA_DATA_ERROR_STATUS
  C:4CC9H         PUBLIC        ATT_PERMISSION_HDL_GATT_SERVICE_CHANGED_INIT
  -------         ENDMOD        SERVICEGEN

  -------         MODULE        SECURITY
  C:0000H         SYMBOL        _ICE_DUMMY_
  C:BB04H         PUBLIC        RSP_PAIRING_REQUEST
  -------         ENDMOD        SECURITY

  -------         MODULE        APPLICATION_CHECK
  C:0000H         SYMBOL        _ICE_DUMMY_
  C:BB5BH         PUBLIC        _ChkBLE_ATT_Chr_AcssRd_ByUser
  C:B9C2H         PUBLIC        _ChkBLE_ATT_Chr_AcssWr_ByUser
  -------         PROC          _CHKBLE_ATT_CHR_ACSSRD_BYUSER
  D:0001H         SYMBOL        AddrAttHandle
  -------         DO            
  D:0007H         SYMBOL        Rsp_Error
  X:0AA8H         SYMBOL        p
BL51 BANKED LINKER/LOCATER V6.22                                                      05/30/2019  12:42:22  PAGE 22


  -------         ENDDO         
  C:BB5BH         LINE#         19
  C:BB5BH         LINE#         20
  C:BB5BH         LINE#         24
  C:BB5DH         LINE#         27
  C:BB63H         LINE#         44
  C:BB63H         LINE#         45
  -------         ENDPROC       _CHKBLE_ATT_CHR_ACSSRD_BYUSER
  -------         PROC          _CHKBLE_ATT_CHR_ACSSWR_BYUSER
  D:0001H         SYMBOL        AddrAttHandle
  X:09E5H         SYMBOL        wrDataBuf
  -------         DO            
  D:0007H         SYMBOL        Rsp_Error
  X:09E8H         SYMBOL        p
  -------         ENDDO         
  C:B9C2H         LINE#         53
  C:B9C2H         LINE#         54
  C:B9C2H         LINE#         58
  C:B9C4H         LINE#         61
  C:B9CAH         LINE#         62
  C:B9D6H         LINE#         78
  C:B9D6H         LINE#         79
  -------         ENDPROC       _CHKBLE_ATT_CHR_ACSSWR_BYUSER
  -------         ENDMOD        APPLICATION_CHECK

  -------         MODULE        INTERRUPT
  C:0000H         SYMBOL        _ICE_DUMMY_
  C:51C4H         PUBLIC        Uart0Isr
  D:0080H         PUBLIC        P0
  D:0090H         PUBLIC        P1
  C:51CAH         PUBLIC        SleepTimer1_ISR
  D:00A0H         PUBLIC        P2
  D:00B0H         PUBLIC        P3
  C:51C2H         PUBLIC        Timer1_ISR
  C:51C6H         PUBLIC        Timer2_ISR
  C:51CEH         PUBLIC        RFISR
  D:00A8H         PUBLIC        IE
  D:00B8H         PUBLIC        IP
  D:0087H         PUBLIC        PCON
  D:0098H         PUBLIC        SCON
  D:0088H         PUBLIC        TCON
  C:51CCH         PUBLIC        RTC_ISR
  D:00E8H         PUBLIC        EIE
  D:0091H         PUBLIC        EIF
  C:5236H         PUBLIC        KeyINT_ISR
  D:00C8H         PUBLIC        T2CON
  C:51C0H         PUBLIC        INT1_ISR
  C:51C8H         PUBLIC        INT2_ISR
  D:00D0H         PUBLIC        PSW
  -------         PROC          INT1_ISR
  C:51C0H         LINE#         17
  C:51C0H         LINE#         20
  C:51C1H         LINE#         21
  -------         ENDPROC       INT1_ISR
  -------         PROC          TIMER1_ISR
  C:51C2H         LINE#         26
  C:51C2H         LINE#         29
BL51 BANKED LINKER/LOCATER V6.22                                                      05/30/2019  12:42:22  PAGE 23


  C:51C3H         LINE#         30
  -------         ENDPROC       TIMER1_ISR
  -------         PROC          UART0ISR
  C:51C4H         LINE#         35
  C:51C4H         LINE#         38
  C:51C5H         LINE#         39
  -------         ENDPROC       UART0ISR
  -------         PROC          TIMER2_ISR
  C:51C6H         LINE#         44
  C:51C6H         LINE#         47
  C:51C7H         LINE#         48
  -------         ENDPROC       TIMER2_ISR
  -------         PROC          INT2_ISR
  C:51C8H         LINE#         53
  C:51C8H         LINE#         56
  C:51C9H         LINE#         57
  -------         ENDPROC       INT2_ISR
  -------         PROC          SLEEPTIMER1_ISR
  C:51CAH         LINE#         62
  C:51CAH         LINE#         65
  C:51CBH         LINE#         66
  -------         ENDPROC       SLEEPTIMER1_ISR
  -------         PROC          RTC_ISR
  C:51CCH         LINE#         71
  C:51CCH         LINE#         74
  C:51CDH         LINE#         75
  -------         ENDPROC       RTC_ISR
  -------         PROC          RFISR
  C:51CEH         LINE#         80
  C:51F0H         LINE#         82
  C:51F3H         LINE#         83
  C:51F6H         LINE#         85
  C:51FDH         LINE#         86
  C:51FDH         LINE#         87
  C:5200H         LINE#         88
  C:5200H         LINE#         91
  C:5207H         LINE#         92
  C:5207H         LINE#         93
  C:5211H         LINE#         94
  C:5213H         LINE#         95
  C:5213H         LINE#         97
[...]
  C:0D22H         LINE#         922
  C:0D22H         LINE#         923
  C:0D29H         LINE#         924
  C:0D29H         LINE#         925
  C:0D2FH         LINE#         926
  C:0D2FH         LINE#         927
  C:0D2FH         LINE#         928
  C:0D31H         LINE#         930
  C:0D31H         LINE#         931
  C:0D38H         LINE#         932
  C:0D38H         LINE#         933
  C:0D3EH         LINE#         934
  C:0D3EH         LINE#         935
  C:0D4DH         LINE#         936
  C:0D4DH         LINE#         937
  C:0D4DH         LINE#         938
  C:0D4DH         LINE#         939
  C:0D50H         LINE#         940
  C:0D50H         LINE#         941
  C:0D52H         LINE#         942
  C:0D53H         LINE#         943
  C:0D65H         LINE#         944
  C:0D65H         LINE#         945
  C:0D67H         LINE#         946
  C:0D7DH         LINE#         947
  C:0D99H         LINE#         949
  C:0D99H         LINE#         950
  C:0DA2H         LINE#         951
  C:0DA5H         LINE#         952
  C:0DA5H         LINE#         953
  C:0DA7H         LINE#         954
  C:0DA8H         LINE#         955
  C:0DB1H         LINE#         956
  C:0DB1H         LINE#         957
  C:0DB1H         LINE#         958
  C:0DC2H         LINE#         959
  C:0DC2H         LINE#         960
  C:0DC5H         LINE#         961
  C:0DC5H         LINE#         963
  C:0DC8H         LINE#         964
  C:0DC8H         LINE#         965
BL51 BANKED LINKER/LOCATER V6.22                                                      05/30/2019  12:42:22  PAGE 209


  C:0DC8H         LINE#         966
  -------         ENDPROC       OTA_PROCESS
  -------         ENDMOD        OTA

  -------         MODULE        IAP
  C:0000H         SYMBOL        _ICE_DUMMY_
  D:0080H         PUBLIC        P0
  D:0090H         PUBLIC        P1
  D:00A0H         PUBLIC        P2
  D:00B0H         PUBLIC        P3
  B:00A8H.7       PUBLIC        EA
  D:00A8H         PUBLIC        IE
  D:00EBH         PUBLIC        TA
  C:2004H         PUBLIC        Flash_Release
  D:00B8H         PUBLIC        IP
  C:2000H         PUBLIC        Flash_Initial
  D:009DH         PUBLIC        PROG_ID
  D:009AH         PUBLIC        FLASHCTRL
  C:204EH         PUBLIC        _IAP_Erase
  C:2036H         PUBLIC        _IAP_BankSwitch
  D:0087H         PUBLIC        PCON
  D:009BH         PUBLIC        TERASE_ID
  D:0098H         PUBLIC        SCON
  D:0088H         PUBLIC        TCON
  C:20D9H         PUBLIC        _IAP_ReadData
  D:0094H         PUBLIC        CODEBANK
  D:00BAH         PUBLIC        RSFLAG
  C:2111H         PUBLIC        _IAP_WriteData
  C:203DH         PUBLIC        _IAP_Init
  D:00E8H         PUBLIC        EIE
  C:202FH         PUBLIC        IAP_Initialize
  C:5000H         PUBLIC        _Erase_Start
  D:00C8H         PUBLIC        T2CON
  C:509FH         PUBLIC        _WriteFlash_Start
  C:202BH         PUBLIC        PWE_ENABLE
  C:2008H         PUBLIC        Flash_Protect_Battery
  D:00D0H         PUBLIC        PSW
  D:00D8H         PUBLIC        WDCON
  -------         PROC          FLASH_INITIAL
  C:2000H         LINE#         54
  C:2000H         LINE#         55
  C:2000H         LINE#         56
  C:2003H         LINE#         57
  -------         ENDPROC       FLASH_INITIAL
  -------         PROC          FLASH_RELEASE
  C:2004H         LINE#         59
  C:2004H         LINE#         60
  C:2004H         LINE#         61
  C:2007H         LINE#         62
  -------         ENDPROC       FLASH_RELEASE
  -------         PROC          FLASH_PROTECT_BATTERY
  -------         DO            
  D:0007H         SYMBOL        tmp
  -------         ENDDO         
  C:2008H         LINE#         64
  C:2008H         LINE#         65
  C:2008H         LINE#         68
BL51 BANKED LINKER/LOCATER V6.22                                                      05/30/2019  12:42:22  PAGE 210


  C:200EH         LINE#         69
  C:201AH         LINE#         70
  C:201AH         LINE#         71
  C:2021H         LINE#         72
  C:2023H         LINE#         74
  C:202AH         LINE#         76
  C:202AH         LINE#         77
  -------         ENDPROC       FLASH_PROTECT_BATTERY
  -------         PROC          PWE_ENABLE
  C:202BH         LINE#         79
  C:202BH         LINE#         80
  C:202BH         LINE#         81
  C:202EH         LINE#         82
  -------         ENDPROC       PWE_ENABLE
  -------         PROC          _ERASE_START
  D:0004H         SYMBOL        u16Address
  -------         DO            
  I:002EH         SYMBOL        ptr
  D:001BH         SYMBOL        BackCODEBANK
  -------         ENDDO         
  C:5000H         LINE#         84
  C:5006H         LINE#         85
  C:5006H         LINE#         87
  C:5009H         LINE#         89
  C:501FH         LINE#         90
  C:501FH         LINE#         91
  C:5022H         LINE#         93
  C:5025H         LINE#         95
  C:5033H         LINE#         96
  C:5033H         LINE#         97
  C:5036H         LINE#         99
  C:503AH         LINE#         100
  C:503AH         LINE#         101
  C:5040H         LINE#         102
  C:5040H         LINE#         103
  C:5047H         LINE#         105
  C:504BH         LINE#         107
  C:504BH         LINE#         108
  C:504BH         LINE#         109
  C:504DH         LINE#         111
  C:504DH         LINE#         112
  C:5080H         LINE#         113
  C:5080H         LINE#         114
  C:508DH         LINE#         116
  C:5093H         LINE#         118
  C:5096H         LINE#         119
  C:5096H         LINE#         120
  C:5096H         LINE#         121
  C:5098H         LINE#         123
  C:5098H         LINE#         124
  C:509BH         LINE#         125
  C:509BH         LINE#         126
  C:509BH         LINE#         128
  C:509EH         LINE#         129
  -------         ENDPROC       _ERASE_START
  -------         PROC          _WRITEFLASH_START
  X:0A12H         SYMBOL        u16Address
BL51 BANKED LINKER/LOCATER V6.22                                                      05/30/2019  12:42:22  PAGE 211


  D:0001H         SYMBOL        pu8Buf
  X:0A17H         SYMBOL        u16Length
  -------         DO            
  I:002AH         SYMBOL        ptr
  I:002CH         SYMBOL        buf_ptr
  D:0008H         SYMBOL        len
  D:000AH         SYMBOL        BackCODEBANK
  -------         ENDDO         
  C:509FH         LINE#         131
  C:50A7H         LINE#         132
  C:50A7H         LINE#         135
  C:50B1H         LINE#         136
  C:50B4H         LINE#         138
  C:50B7H         LINE#         140
  C:50D0H         LINE#         141
  C:50D0H         LINE#         142
  C:50D3H         LINE#         144
  C:50D6H         LINE#         146
  C:50EAH         LINE#         147
  C:50EAH         LINE#         148
  C:50EDH         LINE#         150
  C:50F1H         LINE#         151
  C:50F1H         LINE#         152
  C:5102H         LINE#         153
  C:5102H         LINE#         154
  C:5109H         LINE#         155
  C:5112H         LINE#         157
  C:511FH         LINE#         158
  C:511FH         LINE#         159
  C:5137H         LINE#         160
  C:513DH         LINE#         161
  C:5145H         LINE#         162
  C:5147H         LINE#         164
  C:5147H         LINE#         165
  C:5147H         LINE#         166
  C:5149H         LINE#         168
  C:5149H         LINE#         169
  C:516FH         LINE#         170
  C:516FH         LINE#         171
  C:5176H         LINE#         172
  C:517FH         LINE#         174
  C:518CH         LINE#         175
  C:518CH         LINE#         176
  C:51A4H         LINE#         177
  C:51AAH         LINE#         178
  C:51B2H         LINE#         179
  C:51B4H         LINE#         181
  C:51B7H         LINE#         182
  C:51B7H         LINE#         183
  C:51B7H         LINE#         184
  C:51B9H         LINE#         186
  C:51B9H         LINE#         187
  C:51BCH         LINE#         188
  C:51BCH         LINE#         189
  C:51BCH         LINE#         191
  C:51BFH         LINE#         192
  -------         ENDPROC       _WRITEFLASH_START
BL51 BANKED LINKER/LOCATER V6.22                                                      05/30/2019  12:42:22  PAGE 212


  -------         PROC          IAP_INITIALIZE
  C:202FH         LINE#         211
  C:202FH         LINE#         212
  C:202FH         LINE#         214
  C:2032H         LINE#         215
  C:2035H         LINE#         216
  -------         ENDPROC       IAP_INITIALIZE
  -------         PROC          _IAP_BANKSWITCH
  D:0007H         SYMBOL        u8Bank
  C:2036H         LINE#         224
  C:2036H         LINE#         225
  C:2036H         LINE#         226
  C:2039H         LINE#         227
  C:203AH         LINE#         229
  C:203CH         LINE#         230
  -------         ENDPROC       _IAP_BANKSWITCH
  -------         PROC          _IAP_INIT
  D:0007H         SYMBOL        teType
  C:203DH         LINE#         238
  C:203DH         LINE#         239
  C:203DH         LINE#         240
  C:2040H         LINE#         241
  C:2040H         LINE#         242
  C:2043H         LINE#         243
  C:2046H         LINE#         244
  C:2047H         LINE#         246
  C:2047H         LINE#         247
  C:204AH         LINE#         248
  C:204DH         LINE#         249
  C:204DH         LINE#         250
  -------         ENDPROC       _IAP_INIT
  -------         PROC          _IAP_ERASE
  D:0004H         SYMBOL        u16Address
  -------         DO            
  D:001CH         SYMBOL        BackupEA
  -------         ENDDO         
  C:204EH         LINE#         258
  C:2054H         LINE#         259
  C:2054H         LINE#         260
  C:205AH         LINE#         262
  C:205CH         LINE#         264
  C:205FH         LINE#         266
  C:2062H         LINE#         267
  C:2065H         LINE#         268
  C:2068H         LINE#         270
  C:2073H         LINE#         271
  C:2073H         LINE#         273
  C:2077H         LINE#         274
  C:2077H         LINE#         275
  C:207AH         LINE#         276
  C:207DH         LINE#         277
  C:2080H         LINE#         278
  C:2082H         LINE#         280
  C:2082H         LINE#         281
  C:2085H         LINE#         282
  C:2088H         LINE#         283
  C:208BH         LINE#         284
BL51 BANKED LINKER/LOCATER V6.22                                                      05/30/2019  12:42:22  PAGE 213


  C:208BH         LINE#         286
  C:2093H         LINE#         287
  C:2093H         LINE#         288
  C:209BH         LINE#         289
  C:209BH         LINE#         290
  C:20A1H         LINE#         291
  C:20A1H         LINE#         292
  C:20A7H         LINE#         293
  C:20A7H         LINE#         294
  C:20ADH         LINE#         295
  C:20ADH         LINE#         296
  C:20B9H         LINE#         297
  C:20B9H         LINE#         298
  C:20C2H         LINE#         299
  C:20C2H         LINE#         300
  C:20C2H         LINE#         301
  C:20C2H         LINE#         302
  C:20C2H         LINE#         303
  C:20C2H         LINE#         304
  C:20C2H         LINE#         305
  C:20C2H         LINE#         307
  C:20C3H         LINE#         308
  C:20C4H         LINE#         309
  C:20C7H         LINE#         310
  C:20CAH         LINE#         311
  C:20CDH         LINE#         312
  C:20CEH         LINE#         313
  C:20CFH         LINE#         315
  C:20D2H         LINE#         317
  C:20D8H         LINE#         318
  -------         ENDPROC       _IAP_ERASE
  -------         PROC          _IAP_READDATA
  D:0006H         SYMBOL        u16Address
  D:0001H         SYMBOL        pu8Buf
  X:0A1EH         SYMBOL        u16Length
  -------         DO            
  D:0006H         SYMBOL        ptr
  D:000BH         SYMBOL        len
  -------         ENDDO         
  C:20D9H         LINE#         328
  C:20D9H         LINE#         329
  C:20D9H         LINE#         331
  C:20E3H         LINE#         333
  C:20E6H         LINE#         334
  C:20E9H         LINE#         335
  C:20ECH         LINE#         337
  C:20ECH         LINE#         339
  C:20F9H         LINE#         340
  C:20F9H         LINE#         341
  C:2102H         LINE#         342
  C:2107H         LINE#         343
  C:210EH         LINE#         344
  C:2110H         LINE#         345
  -------         ENDPROC       _IAP_READDATA
  -------         PROC          _IAP_WRITEDATA
  D:0004H         SYMBOL        u16Address
  D:0001H         SYMBOL        pu8Buf
BL51 BANKED LINKER/LOCATER V6.22                                                      05/30/2019  12:42:22  PAGE 214


  X:0A25H         SYMBOL        u16Length
  -------         DO            
  D:001DH         SYMBOL        BackupEA
  -------         ENDDO         
  C:2111H         LINE#         356
  C:2117H         LINE#         357
  C:2117H         LINE#         358
  C:211DH         LINE#         360
  C:211FH         LINE#         362
  C:2122H         LINE#         364
  C:2125H         LINE#         365
  C:2128H         LINE#         366
  C:212BH         LINE#         368
  C:2136H         LINE#         369
  C:2136H         LINE#         370
  C:213AH         LINE#         371
  C:213AH         LINE#         373
  C:213DH         LINE#         374
  C:2140H         LINE#         375
  C:2143H         LINE#         376
  C:2145H         LINE#         378
  C:2145H         LINE#         379
  C:2148H         LINE#         380
  C:214BH         LINE#         381
  C:214EH         LINE#         382
  C:214EH         LINE#         384
  C:2156H         LINE#         385
  C:2156H         LINE#         386
  C:215EH         LINE#         387
  C:215EH         LINE#         388
  C:2166H         LINE#         389
  C:2166H         LINE#         390
  C:216CH         LINE#         391
  C:216CH         LINE#         392
  C:2172H         LINE#         393
  C:2172H         LINE#         394
  C:217EH         LINE#         395
  C:217EH         LINE#         396
  C:2196H         LINE#         397
  C:2196H         LINE#         398
  C:2196H         LINE#         399
  C:2196H         LINE#         400
  C:2196H         LINE#         401
  C:2196H         LINE#         402
  C:2196H         LINE#         403
  C:2196H         LINE#         405
  C:2197H         LINE#         406
  C:2198H         LINE#         407
  C:219BH         LINE#         408
  C:219EH         LINE#         409
  C:21A1H         LINE#         410
  C:21A2H         LINE#         411
  C:21A3H         LINE#         413
  C:21A6H         LINE#         415
  C:21ACH         LINE#         416
  -------         ENDPROC       _IAP_WRITEDATA
  -------         ENDMOD        IAP
BL51 BANKED LINKER/LOCATER V6.22                                                      05/30/2019  12:42:22  PAGE 215



  -------         MODULE        ?C?COPY
  C:1007H         PUBLIC        ?C?COPY
  -------         ENDMOD        ?C?COPY

  -------         MODULE        ?C?CLDPTR
  C:102DH         PUBLIC        ?C?CLDPTR
  -------         ENDMOD        ?C?CLDPTR

  -------         MODULE        ?C?CLDOPTR
  C:1046H         PUBLIC        ?C?CLDOPTR
  -------         ENDMOD        ?C?CLDOPTR

  -------         MODULE        ?C?CSTPTR
  C:1073H         PUBLIC        ?C?CSTPTR
  -------         ENDMOD        ?C?CSTPTR

  -------         MODULE        ?C?CSTOPTR
  C:1085H         PUBLIC        ?C?CSTOPTR
  -------         ENDMOD        ?C?CSTOPTR

  -------         MODULE        ?C?IMUL
  C:10A7H         PUBLIC        ?C?IMUL
  -------         ENDMOD        ?C?IMUL

  -------         MODULE        ?C?UIDIV
  C:10B9H         PUBLIC        ?C?UIDIV
  -------         ENDMOD        ?C?UIDIV

  -------         MODULE        ?C?IILDX
  C:110EH         PUBLIC        ?C?IILDX
  -------         ENDMOD        ?C?IILDX

  -------         MODULE        ?C?ILDOPTR
  C:1124H         PUBLIC        ?C?ILDOPTR
  -------         ENDMOD        ?C?ILDOPTR

  -------         MODULE        ?C?LADD
  C:115CH         PUBLIC        ?C?LADD
  -------         ENDMOD        ?C?LADD

  -------         MODULE        ?C?LSUB
  C:1169H         PUBLIC        ?C?LSUB
  -------         ENDMOD        ?C?LSUB

  -------         MODULE        ?C?LMUL
  C:1177H         PUBLIC        ?C?LMUL
  -------         ENDMOD        ?C?LMUL

  -------         MODULE        ?C?ULDIV
  C:1202H         PUBLIC        ?C?ULDIV
  -------         ENDMOD        ?C?ULDIV

  -------         MODULE        ?C?LOR
  C:1294H         PUBLIC        ?C?LOR
  -------         ENDMOD        ?C?LOR

BL51 BANKED LINKER/LOCATER V6.22                                                      05/30/2019  12:42:22  PAGE 216


  -------         MODULE        ?C?SLCMP
  C:12A1H         PUBLIC        ?C?SLCMP
  -------         ENDMOD        ?C?SLCMP

  -------         MODULE        ?C?ULCMP
  C:12B7H         PUBLIC        ?C?ULCMP
  -------         ENDMOD        ?C?ULCMP

  -------         MODULE        ?C?ULSHR
  C:12C8H         PUBLIC        ?C?ULSHR
  -------         ENDMOD        ?C?ULSHR

  -------         MODULE        ?C?SLSHR
  C:12DBH         PUBLIC        ?C?SLSHR
  -------         ENDMOD        ?C?SLSHR

  -------         MODULE        ?C?LSHL
  C:12EFH         PUBLIC        ?C?LSHL
  -------         ENDMOD        ?C?LSHL

  -------         MODULE        ?C?LLDXDATA
  C:1302H         PUBLIC        ?C?LLDXDATA
  -------         ENDMOD        ?C?LLDXDATA

  -------         MODULE        ?C?LLDCODE
  C:130EH         PUBLIC        ?C?LLDCODE
  -------         ENDMOD        ?C?LLDCODE

  -------         MODULE        ?C?LLDXDATA0
  C:131EH         PUBLIC        ?C?LLDXDATA0
  -------         ENDMOD        ?C?LLDXDATA0

  -------         MODULE        ?C?LSTXDATA
  C:132AH         PUBLIC        ?C?LSTXDATA
  -------         ENDMOD        ?C?LSTXDATA

  -------         MODULE        ?C?LSTKXDATA
  C:1336H         PUBLIC        ?C?LSTKXDATA
  -------         ENDMOD        ?C?LSTKXDATA

  -------         MODULE        ?C?OFFXADD
  C:1367H         PUBLIC        ?C?OFFXADD
  -------         ENDMOD        ?C?OFFXADD

  -------         MODULE        ?C?PLDXDATA
  C:1373H         PUBLIC        ?C?PLDXDATA
  -------         ENDMOD        ?C?PLDXDATA

  -------         MODULE        ?C?PSTXDATA
  C:137CH         PUBLIC        ?C?PSTXDATA
  -------         ENDMOD        ?C?PSTXDATA

  -------         MODULE        ?C?PLDCODE
  C:1385H         PUBLIC        ?C?PLDCODE
  -------         ENDMOD        ?C?PLDCODE

  -------         MODULE        ?C?CCASE
BL51 BANKED LINKER/LOCATER V6.22                                                      05/30/2019  12:42:22  PAGE 217


  C:1391H         PUBLIC        ?C?CCASE
  -------         ENDMOD        ?C?CCASE

  -------         MODULE        ?C?LIMUL
  C:13B7H         PUBLIC        ?C?LIMUL
  -------         ENDMOD        ?C?LIMUL

  -------         MODULE        ?C?MEMCMP
  C:156AH         PUBLIC        ?C?MEMCMP
  -------         ENDMOD        ?C?MEMCMP

  -------         MODULE        ?C?MEMSET
  C:158EH         PUBLIC        ?C?MEMSET
  -------         ENDMOD        ?C?MEMSET

Program Size: data=48.6 xdata=2837 code=47877
LINK/LOCATE RUN COMPLETE.  0 WARNING(S),  0 ERROR(S)
