BL51 BANKED LINKER/LOCATER V6.22                                                        05/30/2019  12:42:35  PAGE 1


BL51 BANKED LINKER/LOCATER V6.22, INVOKED BY:
C:\KEIL\C51\BIN\BL51.EXE .\startup.obj, .\FlashChk.obj, .\INTERRUPT_OFFSET.obj, .\OTA_IAP.obj, ..\Library\A8107_BLE_LIB.
>> LIB, ..\OTA\OTA.LIB, ..\IAP\IAP.LIB, ..\Proprietary\Proprietary.LIB, .\servicegen.obj, .\security.obj, .\application_
>> check.obj, .\interrupt_24G.obj, .\main_24G.obj, .\mcufunction.obj, .\IEEE.obj, .\OTA_Data.obj TO Proprietary RAMSIZE 
>> (256) NOOVERLAY CODE (0X0300-0XFFFF, ?PR?*OTA (0X400), ?C?LIB_CODE, ?PR?*IAP (0X2000), ?PR?_ERASE_START?IAP (0X5000),
>>  ?PR?_WRITEFLASH_START?IAP, ?PR?*INTERRUPT_24G, ?PR?*MAIN_24G) XDATA (0X0000-0X1FFF)


MEMORY MODEL: LARGE WITH FLOATING POINT ARITHMETIC


INPUT MODULES INCLUDED:
  .\startup.obj (?C_STARTUP)
  .\FlashChk.obj (FLASH_CHECK)
  .\INTERRUPT_OFFSET.obj (INTERRUPT_OFFSET)
  .\OTA_IAP.obj (OTA_IAP)
  .\servicegen.obj (SERVICEGEN)
  .\security.obj (SECURITY)
  .\application_check.obj (APPLICATION_CHECK)
  .\interrupt_24G.obj (INTERRUPT_24G)
  .\main_24G.obj (MAIN_24G)
  .\mcufunction.obj (MCUFUNCTION)
  .\IEEE.obj (IEEEE_ADDRESS)
  .\OTA_Data.obj (OTA_DATA)
  ..\Library\A8107_BLE_LIB.LIB (HOST)
  ..\Library\A8107_BLE_LIB.LIB (LINKLAYER)
  ..\Library\A8107_BLE_LIB.LIB (RFA8107)
  ..\OTA\OTA.LIB (OTA)
  ..\IAP\IAP.LIB (IAP)
  ..\Proprietary\Proprietary.LIB (PROPRIETARY)
  C:\KEIL\C51\LIB\C51FPL.LIB (?C?FPADD)
  C:\KEIL\C51\LIB\C51FPL.LIB (?C?FPMUL)
  C:\KEIL\C51\LIB\C51FPL.LIB (?C?FCAST)
  C:\KEIL\C51\LIB\C51FPL.LIB (?C?CASTF)
  C:\KEIL\C51\LIB\C51FPL.LIB (?C?FPGETOPN)
  C:\KEIL\C51\LIB\C51L.LIB (?C_INIT)
  C:\KEIL\C51\LIB\C51L.LIB (?C?COPY)
  C:\KEIL\C51\LIB\C51L.LIB (?C?CLDPTR)
  C:\KEIL\C51\LIB\C51L.LIB (?C?CLDOPTR)
  C:\KEIL\C51\LIB\C51L.LIB (?C?CSTPTR)
  C:\KEIL\C51\LIB\C51L.LIB (?C?CSTOPTR)
  C:\KEIL\C51\LIB\C51L.LIB (?C?IMUL)
  C:\KEIL\C51\LIB\C51L.LIB (?C?UIDIV)
  C:\KEIL\C51\LIB\C51L.LIB (?C?IILDX)
  C:\KEIL\C51\LIB\C51L.LIB (?C?ILDOPTR)
  C:\KEIL\C51\LIB\C51L.LIB (?C?LADD)
  C:\KEIL\C51\LIB\C51L.LIB (?C?LSUB)
  C:\KEIL\C51\LIB\C51L.LIB (?C?LMUL)
  C:\KEIL\C51\LIB\C51L.LIB (?C?ULDIV)
  C:\KEIL\C51\LIB\C51L.LIB (?C?LOR)
  C:\KEIL\C51\LIB\C51L.LIB (?C?LNEG)
  C:\KEIL\C51\LIB\C51L.LIB (?C?SLCMP)
  C:\KEIL\C51\LIB\C51L.LIB (?C?ULCMP)
  C:\KEIL\C51\LIB\C51L.LIB (?C?ULSHR)
  C:\KEIL\C51\LIB\C51L.LIB (?C?SLSHR)
  C:\KEIL\C51\LIB\C51L.LIB (?C?LSHL)
  C:\KEIL\C51\LIB\C51L.LIB (?C?LLDXDATA)
  C:\KEIL\C51\LIB\C51L.LIB (?C?LLDCODE)
BL51 BANKED LINKER/LOCATER V6.22                                                      05/30/2019  12:42:35  PAGE 2


  C:\KEIL\C51\LIB\C51L.LIB (?C?LLDXDATA0)
  C:\KEIL\C51\LIB\C51L.LIB (?C?LSTXDATA)
  C:\KEIL\C51\LIB\C51L.LIB (?C?LSTKXDATA)
  C:\KEIL\C51\LIB\C51L.LIB (?C?OFFXADD)
  C:\KEIL\C51\LIB\C51L.LIB (?C?PLDXDATA)
  C:\KEIL\C51\LIB\C51L.LIB (?C?PSTXDATA)
  C:\KEIL\C51\LIB\C51L.LIB (?C?PLDCODE)
  C:\KEIL\C51\LIB\C51L.LIB (?C?PLDPTR)
  C:\KEIL\C51\LIB\C51L.LIB (?C?PSTPTR)
  C:\KEIL\C51\LIB\C51L.LIB (?C?CCASE)
  C:\KEIL\C51\LIB\C51L.LIB (?C?LIMUL)
  C:\KEIL\C51\LIB\C51L.LIB (?C?MEMCMP)
  C:\KEIL\C51\LIB\C51L.LIB (?C?MEMSET)
  C:\KEIL\C51\LIB\C51L.LIB (?C?PLDIDATA)
  C:\KEIL\C51\LIB\C51L.LIB (?C?PSTIDATA)
  C:\KEIL\C51\LIB\C51L.LIB (?C?PLDPDATA)
  C:\KEIL\C51\LIB\C51L.LIB (?C?PSTPDATA)


LINK MAP OF MODULE:  Proprietary (?C_STARTUP)


            TYPE    BASE      LENGTH    RELOCATION   SEGMENT NAME
            -----------------------------------------------------

            * * * * * * *   D A T A   M E M O R Y   * * * * * * *
            REG     0000H     0008H     ABSOLUTE     "REG BANK 0"
            DATA    0008H     0003H     UNIT         ?DT?_WRITEFLASH_START?IAP
            DATA    000BH     0002H     UNIT         ?DT?_IAP_READDATA?IAP
            DATA    000DH     0001H     UNIT         ?DT?PRCSS_OPCODE_ATT_WRITE_REQUEST?HOST
            DATA    000EH     0001H     UNIT         ?DT?PRCSS_OPCODE_ATT_EXECUTE_WRITE_REQUEST?HOST
            DATA    000FH     0001H     UNIT         ?DT?PRCSS_OPCODE_ATT_WRITE_COMMAND?HOST
            DATA    0010H     0001H     UNIT         ?DT?PRCSS_BLE_CODE_SMP_IDENTITY_ADDRESS_INFORMATION?HOST
            DATA    0011H     0001H     UNIT         ?DT?_CMD_FLASHBOND?HOST
            DATA    0012H     0001H     UNIT         ?DT?_ERSDATA_FLASHBOND?HOST
            DATA    0013H     0001H     UNIT         ?DT?_ERSINFO_FLASHBOND?HOST
            DATA    0014H     0001H     UNIT         ?DT?_MARK_PID_INFO_FLASHBOND?HOST
            DATA    0015H     0001H     UNIT         ?DT?_MARK_PID_DATA_FLASHBOND?HOST
            DATA    0016H     0001H     UNIT         ?DT?FIL_INFO_FLASHBONDWEXST_PBID?HOST
            DATA    0017H     0001H     UNIT         ?DT?OTA_KEEPBONDING?OTA
            DATA    0018H     0001H     UNIT         ?DT?ERASECKCODE?OTA
            DATA    0019H     0001H     UNIT         ?DT?ERASEAREA?OTA
            DATA    001AH     0001H     UNIT         ?DT?_ENTRYDATA?OTA
            DATA    001BH     0001H     UNIT         ?DT?_ERASE_START?IAP
            DATA    001CH     0001H     UNIT         ?DT?_IAP_ERASE?IAP
            DATA    001DH     0001H     UNIT         ?DT?_IAP_WRITEDATA?IAP
            IDATA   001EH     0002H     UNIT         ?ID?INITMCU?MCUFUNCTION
            DATA    0020H     0001H     ABSOLUTE     
            BIT     0021H.0   0007H.3   UNIT         ?BI?LINKLAYER
            BIT     0028H.3   0000H.1   UNIT         ?BI?PRCSS_OPCODE_ATT_FIND_INFORMATION_REQUEST?HOST
            BIT     0028H.4   0000H.1   UNIT         ?BI?PRCSS_OPCODE_ATT_FIND_INFORMATION_RESPONSE?HOST
            BIT     0028H.5   0000H.1   UNIT         ?BI?PRCSS_OPCODE_ATT_READ_BY_TYPE_RESPONSE?HOST
            BIT     0028H.6   0000H.1   UNIT         ?BI?PRCSS_OPCODE_ATT_READ_BLOB_REQUEST?HOST
            BIT     0028H.7   0000H.1   UNIT         ?BI?PRCSS_OPCODE_ATT_HANDLE_VALUE_NOTIFICATION?HOST
            BIT     0029H.0   0000H.1   UNIT         ?BI?_BLE_SENDDATA?HOST
            BIT     0029H.1   0000H.1   UNIT         ?BI?ADVGO?LINKLAYER
            BIT     0029H.2   0000H.1   UNIT         ?BI?CONNECTESTABLISH?LINKLAYER
BL51 BANKED LINKER/LOCATER V6.22                                                      05/30/2019  12:42:35  PAGE 3


            BIT     0029H.3   0000H.1   UNIT         ?BI?MD_PROCEDURE?LINKLAYER
            BIT     0029H.4   0000H.1   UNIT         ?BI?A8107_RCSELECT?RFA8107
            BIT     0029H.5   0000H.1   UNIT         ?BI?OTA_PROCESS?OTA
                    0029H.6   0000H.2                *** GAP ***
            IDATA   002AH     0004H     UNIT         ?ID?_WRITEFLASH_START?IAP
            IDATA   002EH     0002H     UNIT         ?ID?_ERASE_START?IAP
            IDATA   0030H     0001H     UNIT         ?STACK

            * * * * * * *  X D A T A   M E M O R Y  * * * * * * *
            XDATA   0000H     006FH     ABSOLUTE     
            XDATA   006FH     0020H     ABSOLUTE     
            XDATA   008FH     0020H     ABSOLUTE     
            XDATA   00AFH     001EH     ABSOLUTE     
            XDATA   00CDH     0040H     ABSOLUTE     
            XDATA   010DH     0040H     ABSOLUTE     
            XDATA   014DH     0006H     ABSOLUTE     
            XDATA   0153H     0002H     ABSOLUTE     
            XDATA   0155H     0014H     ABSOLUTE     
            XDATA   0169H     0140H     ABSOLUTE     
            XDATA   02A9H     0020H     ABSOLUTE     
            XDATA   02C9H     0002H     ABSOLUTE     
            XDATA   02CBH     0002H     ABSOLUTE     
            XDATA   02CDH     0020H     ABSOLUTE     
            XDATA   02EDH     0008H     ABSOLUTE     
            XDATA   02F5H     0002H     ABSOLUTE     
            XDATA   02F7H     0008H     ABSOLUTE     
            XDATA   02FFH     0004H     ABSOLUTE     
            XDATA   0303H     0040H     ABSOLUTE     
            XDATA   0343H     0100H     ABSOLUTE     
            XDATA   0443H     0010H     ABSOLUTE     
            XDATA   0453H     0010H     ABSOLUTE     
            XDATA   0463H     0010H     ABSOLUTE     
            XDATA   0473H     0010H     ABSOLUTE     
            XDATA   0483H     0010H     ABSOLUTE     
            XDATA   0493H     0008H     ABSOLUTE     
            XDATA   049BH     0010H     ABSOLUTE     
            XDATA   04ABH     0010H     ABSOLUTE     
            XDATA   04BBH     0010H     ABSOLUTE     
            XDATA   04CBH     0010H     ABSOLUTE     
            XDATA   04DBH     0010H     ABSOLUTE     
            XDATA   04EBH     0020H     ABSOLUTE     
            XDATA   050BH     0020H     ABSOLUTE     
            XDATA   052BH     0008H     ABSOLUTE     
            XDATA   0533H     0010H     ABSOLUTE     
            XDATA   0543H     000AH     ABSOLUTE     
            XDATA   054DH     0001H     ABSOLUTE     
            XDATA   054EH     0001H     ABSOLUTE     
            XDATA   054FH     0001H     ABSOLUTE     
            XDATA   0550H     0001H     ABSOLUTE     
            XDATA   0551H     0001H     ABSOLUTE     
            XDATA   0552H     0001H     ABSOLUTE     
            XDATA   0553H     0001H     ABSOLUTE     
            XDATA   0554H     0001H     ABSOLUTE     
            XDATA   0555H     0001H     ABSOLUTE     
            XDATA   0556H     0001H     ABSOLUTE     
            XDATA   0557H     0001H     ABSOLUTE     
            XDATA   0558H     0001H     ABSOLUTE     
BL51 BANKED LINKER/LOCATER V6.22                                                      05/30/2019  12:42:35  PAGE 4


            XDATA   0559H     0001H     ABSOLUTE     
            XDATA   055AH     0001H     ABSOLUTE     
            XDATA   055BH     0001H     ABSOLUTE     
            XDATA   055CH     0001H     ABSOLUTE     
            XDATA   055DH     0001H     ABSOLUTE     
            XDATA   055EH     0001H     ABSOLUTE     
            XDATA   055FH     0001H     ABSOLUTE     
            XDATA   0560H     0001H     ABSOLUTE     
            XDATA   0561H     0001H     ABSOLUTE     
            XDATA   0562H     0001H     ABSOLUTE     
            XDATA   0563H     0001H     ABSOLUTE     
            XDATA   0564H     0001H     ABSOLUTE     
            XDATA   0565H     0001H     ABSOLUTE     
            XDATA   0566H     0001H     ABSOLUTE     
            XDATA   0567H     0001H     ABSOLUTE     
            XDATA   0568H     0001H     ABSOLUTE     
            XDATA   0569H     0001H     ABSOLUTE     
            XDATA   056AH     0001H     ABSOLUTE     
            XDATA   056BH     0001H     ABSOLUTE     
            XDATA   056CH     0001H     ABSOLUTE     
            XDATA   056DH     0001H     ABSOLUTE     
            XDATA   056EH     0001H     ABSOLUTE     
            XDATA   056FH     0001H     ABSOLUTE     
            XDATA   0570H     0001H     ABSOLUTE     
            XDATA   0571H     0001H     ABSOLUTE     
            XDATA   0572H     0001H     ABSOLUTE     
            XDATA   0573H     0001H     ABSOLUTE     
            XDATA   0574H     0001H     ABSOLUTE     
            XDATA   0575H     0001H     ABSOLUTE     
            XDATA   0576H     0001H     ABSOLUTE     
            XDATA   0577H     0001H     ABSOLUTE     
            XDATA   0578H     0001H     ABSOLUTE     
            XDATA   0579H     0001H     ABSOLUTE     
            XDATA   057AH     0001H     ABSOLUTE     
            XDATA   057BH     0001H     ABSOLUTE     
            XDATA   057CH     0001H     ABSOLUTE     
            XDATA   057DH     0001H     ABSOLUTE     
            XDATA   057EH     0001H     ABSOLUTE     
            XDATA   057FH     0001H     ABSOLUTE     
            XDATA   0580H     0001H     ABSOLUTE     
            XDATA   0581H     0001H     ABSOLUTE     
            XDATA   0582H     0001H     ABSOLUTE     
            XDATA   0583H     0001H     ABSOLUTE     
            XDATA   0584H     0001H     ABSOLUTE     
            XDATA   0585H     0001H     ABSOLUTE     
            XDATA   0586H     0001H     ABSOLUTE     
            XDATA   0587H     0002H     ABSOLUTE     
            XDATA   0589H     0002H     ABSOLUTE     
            XDATA   058BH     0002H     ABSOLUTE     
            XDATA   058DH     0002H     ABSOLUTE     
            XDATA   058FH     0002H     ABSOLUTE     
            XDATA   0591H     0002H     ABSOLUTE     
            XDATA   0593H     0002H     ABSOLUTE     
            XDATA   0595H     0002H     ABSOLUTE     
            XDATA   0597H     0002H     ABSOLUTE     
            XDATA   0599H     0002H     ABSOLUTE     
            XDATA   059BH     0002H     ABSOLUTE     
BL51 BANKED LINKER/LOCATER V6.22                                                      05/30/2019  12:42:35  PAGE 5


            XDATA   059DH     0002H     ABSOLUTE     
            XDATA   059FH     0002H     ABSOLUTE     
            XDATA   05A1H     0004H     ABSOLUTE     
            XDATA   05A5H     0004H     ABSOLUTE     
            XDATA   05A9H     0004H     ABSOLUTE     
            XDATA   05ADH     0004H     ABSOLUTE     
            XDATA   05B1H     0006H     ABSOLUTE     
            XDATA   05B7H     0004H     ABSOLUTE     
            XDATA   05BBH     0003H     ABSOLUTE     
            XDATA   05BEH     0001H     ABSOLUTE     
            XDATA   05BFH     0002H     ABSOLUTE     
            XDATA   05C1H     0002H     ABSOLUTE     
            XDATA   05C3H     0002H     ABSOLUTE     
            XDATA   05C5H     0002H     ABSOLUTE     
            XDATA   05C7H     0005H     ABSOLUTE     
            XDATA   05CCH     0001H     ABSOLUTE     
            XDATA   05CDH     0001H     ABSOLUTE     
            XDATA   05CEH     0001H     ABSOLUTE     
            XDATA   05CFH     0001H     ABSOLUTE     
            XDATA   05D0H     0002H     ABSOLUTE     
            XDATA   05D2H     0002H     ABSOLUTE     
            XDATA   05D4H     0002H     ABSOLUTE     
            XDATA   05D6H     0002H     ABSOLUTE     
            XDATA   05D8H     0002H     ABSOLUTE     
            XDATA   05DAH     0005H     ABSOLUTE     
            XDATA   05DFH     0002H     ABSOLUTE     
            XDATA   05E1H     0002H     ABSOLUTE     
            XDATA   05E3H     0001H     ABSOLUTE     
            XDATA   05E4H     0002H     ABSOLUTE     
            XDATA   05E6H     0005H     ABSOLUTE     
            XDATA   05EBH     0001H     ABSOLUTE     
            XDATA   05ECH     0001H     ABSOLUTE     
            XDATA   05EDH     0001H     ABSOLUTE     
            XDATA   05EEH     0001H     ABSOLUTE     
            XDATA   05EFH     0001H     ABSOLUTE     
            XDATA   05F0H     0006H     ABSOLUTE     
            XDATA   05F6H     0006H     ABSOLUTE     
            XDATA   05FCH     0001H     ABSOLUTE     
            XDATA   05FDH     0103H     UNIT         ?XD?ERASEAREA?OTA
            XDATA   0700H     00A6H     UNIT         ?XD?HOST
            XDATA   07A6H     0095H     UNIT         ?XD?SERVICEGEN
            XDATA   083BH     005FH     UNIT         ?XD?LINKLAYER
            XDATA   089AH     0049H     UNIT         ?XD?MAIN?MAIN_24G
            XDATA   08E3H     0026H     UNIT         ?XD?_SMPC1?LINKLAYER
            XDATA   0909H     0025H     UNIT         ?XD?PRCSS_LL_ENC_REQ?LINKLAYER
            XDATA   092EH     0019H     UNIT         ?XD?PRCSS_OPCODE_ATT_READ_BY_GROUP_TYPE_REQUEST?HOST
            XDATA   0947H     0018H     UNIT         ?XD?PRCSS_OPCODE_ATT_READ_BY_TYPE_REQUEST?HOST
            XDATA   095FH     0018H     UNIT         ?XD?PROPRIETARY
            XDATA   0977H     0016H     UNIT         ?XD?_SMPS1?LINKLAYER
            XDATA   098DH     0014H     UNIT         ?XD?PRCSS_BLE_CODE_SMP_IDENTITY_ADDRESS_INFORMATION?HOST
            XDATA   09A1H     0012H     UNIT         ?XD?ADVGO?LINKLAYER
            XDATA   09B3H     0011H     UNIT         ?XD?PRCSS_BLE_CODE_SMP_PAIRING_RANDOM?HOST
            XDATA   09C4H     0011H     UNIT         ?XD?TXDATA_PROCESS?LINKLAYER
            XDATA   09D5H     0010H     UNIT         ?XD?PRCSS_BLE_CODE_SMP_PAIRING_CONFIRM?HOST
            XDATA   09E5H     0010H     UNIT         ?XD?SETBLE_TIMEINTERVAL_CONNECT?LINKLAYER
            XDATA   09F5H     000FH     UNIT         ?XD?OTA_PROCESS?OTA
            XDATA   0A04H     000FH     UNIT         ?XD?_PROP_RUNRX?PROPRIETARY
BL51 BANKED LINKER/LOCATER V6.22                                                      05/30/2019  12:42:35  PAGE 6


            XDATA   0A13H     000DH     UNIT         ?XD?_SETBLE_CONNTXDATA_ATT_ERROR_RESPONSE?LINKLAYER
            XDATA   0A20H     000DH     UNIT         ?XD?_PROP_RUNTX?PROPRIETARY
            XDATA   0A2DH     000CH     UNIT         ?XD?_ENTRYCMD?OTA
            XDATA   0A39H     000CH     UNIT         ?XD?_ENTRYDATA?OTA
            XDATA   0A45H     000BH     UNIT         ?XD?_BLE_SENDDATA?HOST
            XDATA   0A50H     0009H     UNIT         ?XD?_CHKBLE_ATT_CHR_ACSSWR_BYUSER?APPLICATION_CHECK
            XDATA   0A59H     0009H     UNIT         ?XD?PRCSS_LL_FEATURE_REQ?LINKLAYER
            XDATA   0A62H     0008H     UNIT         ?XD?_CMD_FLASHBOND?HOST
            XDATA   0A6AH     0008H     UNIT         ?XD?_BLE_SETCONNECTPARAMETERUPDATEREQUEST?LINKLAYER
            XDATA   0A72H     0007H     UNIT         ?XD?PRCSS_OPCODE_ATT_EXECUTE_WRITE_REQUEST?HOST
            XDATA   0A79H     0007H     UNIT         ?XD?INITBLE_ATTSERVPARAMTER?LINKLAYER
            XDATA   0A80H     0007H     UNIT         ?XD?_WRITEFLASH_START?IAP
            XDATA   0A87H     0007H     UNIT         ?XD?_IAP_READDATA?IAP
            XDATA   0A8EH     0007H     UNIT         ?XD?_IAP_WRITEDATA?IAP
            XDATA   0A95H     0006H     UNIT         ?XD?PRCSS_OPCODE_ATT_READ_BLOB_REQUEST?HOST
            XDATA   0A9BH     0006H     UNIT         ?XD?PRCSS_OPCODE_ATT_WRITE_REQUEST?HOST
            XDATA   0AA1H     0006H     UNIT         ?XD?PRCSS_OPCODE_ATT_WRITE_COMMAND?HOST
            XDATA   0AA7H     0006H     UNIT         ?XD?SETBLE_TIMEINTERVAL_WINOFFSET?LINKLAYER
            XDATA   0AADH     0006H     UNIT         ?XD?_SETBLE_CONNTXDATA?LINKLAYER
            XDATA   0AB3H     0006H     UNIT         ?XD?_SETBLE_CONNTXCTRL?LINKLAYER
            XDATA   0AB9H     0006H     UNIT         ?XD?PRCSS_LL_VERSION_IND?LINKLAYER
            XDATA   0ABFH     0006H     UNIT         ?XD?_PROP_CREATE?PROPRIETARY
            XDATA   0AC5H     0005H     UNIT         ?XD?MAIN_24G
            XDATA   0ACAH     0005H     UNIT         ?XD?PRCSS_OPCODE_ATT_FIND_INFORMATION_REQUEST?HOST
            XDATA   0ACFH     0005H     UNIT         ?XD?PRCSS_OPCODE_ATT_FIND_BY_TYPE_VALUE_REQUEST?HOST
            XDATA   0AD4H     0005H     UNIT         ?XD?_MARK_PID_INFO_FLASHBOND?HOST
            XDATA   0AD9H     0005H     UNIT         ?XD?_MARK_PID_DATA_FLASHBOND?HOST
            XDATA   0ADEH     0005H     UNIT         ?XD?FIL_DATA_FLASHBONDWEXST_PBID?HOST
            XDATA   0AE3H     0005H     UNIT         ?XD?INITBLE?LINKLAYER
            XDATA   0AE8H     0005H     UNIT         ?XD?_BLE_ADV_CMD?LINKLAYER
            XDATA   0AEDH     0004H     UNIT         ?XD?_SET_TIMER1_N_MS?MAIN_24G
            XDATA   0AF1H     0004H     UNIT         ?XD?_KNL_MEMCPY?HOST
            XDATA   0AF5H     0004H     UNIT         ?XD?_KNL_MEMCPYINV?HOST
            XDATA   0AF9H     0004H     UNIT         ?XD?_KNL_CODECPY?HOST
            XDATA   0AFDH     0004H     UNIT         ?XD?_KNL_CODECPYINV?HOST
            XDATA   0B01H     0004H     UNIT         ?XD?_KNL_MEMCOMP?HOST
            XDATA   0B05H     0004H     UNIT         ?XD?PRCSS_OPCODE_ATT_READ_REQUEST?HOST
            XDATA   0B09H     0004H     UNIT         ?XD?_ERSDATA_FLASHBOND?HOST
            XDATA   0B0DH     0004H     UNIT         ?XD?_ERSINFO_FLASHBOND?HOST
            XDATA   0B11H     0004H     UNIT         ?XD?_BLE_PASSKEY_SET?HOST
            XDATA   0B15H     0004H     UNIT         ?XD?RXDATA_PROCESS?LINKLAYER
            XDATA   0B19H     0004H     UNIT         ?XD?PRCSS_LL_CONNECTION_UPDATE_REQ?LINKLAYER
            XDATA   0B1DH     0004H     UNIT         ?XD?PRCSS_LL_START_ENC_RSP?LINKLAYER
            XDATA   0B21H     0004H     UNIT         ?XD?SETRXWINDOWTIMING?RFA8107
            XDATA   0B25H     0003H     UNIT         ?XD?_CHKBLE_ATT_CHR_ACSSRD_BYUSER?APPLICATION_CHECK
            XDATA   0B28H     0003H     UNIT         ?XD?_WRITETXFIFO?MAIN_24G
            XDATA   0B2BH     0003H     UNIT         ?XD?_READRXFIFO?MAIN_24G
            XDATA   0B2EH     0003H     UNIT         ?XD?PRCSS_OPCODE_ATT_PREPARE_WRITE_REQUEST?HOST
            XDATA   0B31H     0003H     UNIT         ?XD?_SETADV_TO?LINKLAYER
            XDATA   0B34H     0003H     UNIT         ?XD?PRCSS_LL_START_ENC_REQ?LINKLAYER
            XDATA   0B37H     0003H     UNIT         ?XD?INITRF?RFA8107
            XDATA   0B3AH     0003H     UNIT         ?XD?PARTIAL_INITRF?RFA8107
            XDATA   0B3DH     0003H     UNIT         ?XD?_WRITEHWFIFO?PROPRIETARY
            XDATA   0B40H     0003H     UNIT         ?XD?_PROP_DELETE?PROPRIETARY
            XDATA   0B43H     0003H     UNIT         ?XD?_PROP_START?PROPRIETARY
            XDATA   0B46H     0002H     UNIT         ?XD?PRCSS_OPCODE_ATT_READ_BY_TYPE_RESPONSE?HOST
            XDATA   0B48H     0002H     UNIT         ?XD?PRCSS_OPCODE_ATT_HANDLE_VALUE_NOTIFICATION?HOST
BL51 BANKED LINKER/LOCATER V6.22                                                      05/30/2019  12:42:35  PAGE 7


            XDATA   0B4AH     0002H     UNIT         ?XD?_SETADV_RUN_CTRL?LINKLAYER
            XDATA   0B4CH     0002H     UNIT         ?XD?CHECKBLETIMER?LINKLAYER
            XDATA   0B4EH     0002H     UNIT         ?XD?A8107_CONFIG?RFA8107
            XDATA   0B50H     0002H     UNIT         ?XD?A8107_CAL?RFA8107
            XDATA   0B52H     0002H     UNIT         ?XD?GET_INTERVAL_TIME_LEFT?PROPRIETARY
            XDATA   0B54H     0001H     UNIT         ?XD?FIL_INFO_FLASHBONDWEXST_PBID?HOST
            XDATA   0B55H     0001H     UNIT         ?XD?_BLE_INITIMMEDIATEALERTLEVEL?LINKLAYER
            XDATA   0B56H     0001H     UNIT         ?XD?_BLE_INITLINKLOSSALERTLEVEL?LINKLAYER
            XDATA   0B57H     0001H     UNIT         ?XD?MD_PROCEDURE?LINKLAYER
            XDATA   0B58H     0001H     UNIT         ?XD?PRCSS_LL_PAUSE_ENC_REQ?LINKLAYER
            XDATA   0B59H     0001H     UNIT         ?XD?SMPAES?LINKLAYER
            XDATA   0B5AH     0001H     UNIT         ?XD?CONSUMER_BONDINGRESULT_CLEAR?LINKLAYER
            XDATA   0B5BH     0001H     UNIT         ?XD?_BLE_SETTXPOWER?RFA8107
            XDATA   0B5CH     0001H     UNIT         ?XD?BATTERYDETECT?RFA8107
            XDATA   0B5DH     0001H     UNIT         ?XD?OTA_KEEPBONDING?OTA
            XDATA   0B5EH     0001H     UNIT         ?XD?OTA_UPDATASPEED?OTA
                    0B5FH     03A1H                  *** GAP ***
            XDATA   0F00H     0001H     ABSOLUTE     
            XDATA   0F01H     0001H     ABSOLUTE     
            XDATA   0F02H     0001H     ABSOLUTE     
            XDATA   0F03H     0002H     ABSOLUTE     
            XDATA   0F05H     0002H     ABSOLUTE     
            XDATA   0F07H     0014H     ABSOLUTE     
            XDATA   0F1BH     0010H     ABSOLUTE     
            XDATA   0F2BH     0001H     ABSOLUTE     
            XDATA   0F2CH     0001H     ABSOLUTE     
            XDATA   0F2DH     0014H     ABSOLUTE     
            XDATA   0F41H     0001H     ABSOLUTE     
            XDATA   0F42H     0001H     ABSOLUTE     

            * * * * * * *   C O D E   M E M O R Y   * * * * * * *
            CODE    0000H     0004H     ABSOLUTE     
                    0004H     0007H                  *** GAP ***
            CODE    000BH     0003H     ABSOLUTE     
                    000EH     0005H                  *** GAP ***
            CODE    0013H     0003H     ABSOLUTE     
                    0016H     0005H                  *** GAP ***
            CODE    001BH     0003H     ABSOLUTE     
                    001EH     0005H                  *** GAP ***
            CODE    0023H     0003H     ABSOLUTE     
                    0026H     0005H                  *** GAP ***
            CODE    002BH     0003H     ABSOLUTE     
                    002EH     0005H                  *** GAP ***
            CODE    0033H     0003H     ABSOLUTE     
                    0036H     0005H                  *** GAP ***
            CODE    003BH     0003H     ABSOLUTE     
                    003EH     0005H                  *** GAP ***
            CODE    0043H     0003H     ABSOLUTE     
                    0046H     0005H                  *** GAP ***
            CODE    004BH     0003H     ABSOLUTE     
                    004EH     0005H                  *** GAP ***
            CODE    0053H     0003H     ABSOLUTE     
                    0056H     0005H                  *** GAP ***
            CODE    005BH     0003H     ABSOLUTE     
                    005EH     0005H                  *** GAP ***
            CODE    0063H     0003H     ABSOLUTE     
                    0066H     0005H                  *** GAP ***
BL51 BANKED LINKER/LOCATER V6.22                                                      05/30/2019  12:42:35  PAGE 8


            CODE    006BH     0003H     ABSOLUTE     
                    006EH     0005H                  *** GAP ***
            CODE    0073H     0003H     ABSOLUTE     
                    0076H     0005H                  *** GAP ***
            CODE    007BH     01C8H     ABSOLUTE     
                    0243H     00B5H                  *** GAP ***
            CODE    02F8H     0008H     ABSOLUTE     
            CODE    0300H     0003H     ABSOLUTE     
            CODE    0303H     0008H     UNIT         ?PR?BLE_GETIDENTIFICATIONRESULT?HOST
            CODE    030BH     0003H     ABSOLUTE     
            CODE    030EH     0005H     UNIT         ?PR?ENABLETIMER0?RFA8107
            CODE    0313H     0003H     ABSOLUTE     
            CODE    0316H     0003H     UNIT         ?PR?PRCSS_OPCODE_ATT_HANDLE_VALUE_CONFIRMATION?HOST
            CODE    0319H     0001H     UNIT         ?PR?PRCSS_L2CAP_CID_NULL_IDENTIFIER?HOST
            CODE    031AH     0001H     UNIT         ?PR?PRCSS_L2CAP_CID_L2CAP_SIGNALING_CHANNEL?HOST
            CODE    031BH     0003H     ABSOLUTE     
            CODE    031EH     0003H     UNIT         ?PR?PRCSS_LL_TERMINATE_IND?LINKLAYER
            CODE    0321H     0001H     UNIT         ?PR?PRCSS_L2CAP_CID_CONNECTIONLESS_CHANNEL?HOST
            CODE    0322H     0001H     UNIT         ?PR?PRCSS_L2CAP_CID_AMP_MANAGER_PROTOCOL?HOST
            CODE    0323H     0003H     ABSOLUTE     
            CODE    0326H     0003H     UNIT         ?PR?SETBLE_CONNDIS?LINKLAYER
            CODE    0329H     0001H     UNIT         ?PR?PRCSS_OPCODE_ATT_NULL?HOST
            CODE    032AH     0001H     UNIT         ?PR?PRCSS_OPCODE_ATT_EXCHANGE_MTU_RESPONSE?HOST
            CODE    032BH     0003H     ABSOLUTE     
            CODE    032EH     000DH     UNIT         ?PR?BLE_SETTERMINATE?LINKLAYER
            CODE    033BH     0003H     ABSOLUTE     
            CODE    033EH     0003H     UNIT         ?PR?BLE_AUTOPWRDOWN_DISABLE?LINKLAYER
            CODE    0341H     0001H     UNIT         ?PR?PRCSS_OPCODE_ATT_READ_RESPONSE?HOST
            CODE    0342H     0001H     UNIT         ?PR?PRCSS_OPCODE_ATT_READ_BLOB_RESPONSE?HOST
            CODE    0343H     0003H     ABSOLUTE     
            CODE    0346H     0003H     UNIT         ?PR?BLE_WHITELIST_ENABLE?LINKLAYER
            CODE    0349H     0001H     UNIT         ?PR?PRCSS_OPCODE_ATT_READ_MULTIPLE_RESPONSE?HOST
            CODE    034AH     0001H     UNIT         ?PR?PRCSS_OPCODE_ATT_READ_BY_GROUP_TYPE_RESPONSE?HOST
            CODE    034BH     0003H     ABSOLUTE     
            CODE    034EH     0003H     UNIT         ?PR?BLE_WHITELIST_DISABLE?LINKLAYER
            CODE    0351H     0001H     UNIT         ?PR?PRCSS_OPCODE_ATT_WRITE_RESPONSE?HOST
            CODE    0352H     0001H     UNIT         ?PR?PRCSS_OPCODE_ATT_PREPARE_WRITE_RESPONSE?HOST
            CODE    0353H     0003H     ABSOLUTE     
            CODE    0356H     0003H     UNIT         ?PR?CONSUMER_ENCRYPTION_STRUCT?LINKLAYER
            CODE    0359H     0001H     UNIT         ?PR?PRCSS_OPCODE_ATT_EXECUTE_WRITE_RESPONSE?HOST
            CODE    035AH     0001H     UNIT         ?PR?PRCSS_OPCODE_ATT_HANDLE_VALUE_INDICATION?HOST
            CODE    035BH     0003H     ABSOLUTE     
            CODE    035EH     00A2H     UNIT         ?PR?_SETBLE_CONNTXDATA?LINKLAYER
            CODE    0400H     00B5H     UNIT         ?PR?OTA_KEEPBONDING?OTA
            CODE    04B5H     0016H     UNIT         ?PR?RESET4OTA?OTA
            CODE    04CBH     0026H     UNIT         ?PR?ERASECKCODE?OTA
            CODE    04F1H     00D2H     UNIT         ?PR?ERASEAREA?OTA
            CODE    05C3H     019BH     UNIT         ?PR?_ENTRYCMD?OTA
            CODE    075EH     0229H     UNIT         ?PR?_ENTRYDATA?OTA
            CODE    0987H     0020H     UNIT         ?PR?OTA_INITIALIZE?OTA
            CODE    09A7H     00D7H     UNIT         ?PR?OTA_UPDATASPEED?OTA
            CODE    0A7EH     0034H     UNIT         ?PR?_OTA_SETRECEIVEDATA?OTA
            CODE    0AB2H     0323H     UNIT         ?PR?OTA_PROCESS?OTA
            CODE    0DD5H     0162H     UNIT         ?PR?OTA
            CODE    0F37H     09E1H     UNIT         ?C?LIB_CODE
            CODE    1918H     0591H     UNIT         ?PR?PRCSS_LL_ENC_REQ?LINKLAYER
            CODE    1EA9H     014AH     UNIT         ?PR?BATTERYDETECT?RFA8107
BL51 BANKED LINKER/LOCATER V6.22                                                      05/30/2019  12:42:35  PAGE 9


            CODE    1FF3H     000DH     UNIT         ?PR?BLE_GETCONNECTPARAMETER?LINKLAYER
            CODE    2000H     0004H     UNIT         ?PR?FLASH_INITIAL?IAP
            CODE    2004H     0004H     UNIT         ?PR?FLASH_RELEASE?IAP
            CODE    2008H     0023H     UNIT         ?PR?FLASH_PROTECT_BATTERY?IAP
            CODE    202BH     0004H     UNIT         ?PR?PWE_ENABLE?IAP
            CODE    202FH     0007H     UNIT         ?PR?IAP_INITIALIZE?IAP
            CODE    2036H     0007H     UNIT         ?PR?_IAP_BANKSWITCH?IAP
            CODE    203DH     0011H     UNIT         ?PR?_IAP_INIT?IAP
            CODE    204EH     008BH     UNIT         ?PR?_IAP_ERASE?IAP
            CODE    20D9H     0038H     UNIT         ?PR?_IAP_READDATA?IAP
            CODE    2111H     009CH     UNIT         ?PR?_IAP_WRITEDATA?IAP
            CODE    21ADH     0B3EH     UNIT         ?CO?HOST
            CODE    2CEBH     088BH     UNIT         ?PR?ADVGO?LINKLAYER
            CODE    3576H     07DEH     UNIT         ?PR?LINKLAYER
            CODE    3D54H     07C9H     UNIT         ?PR?HOST
            CODE    451DH     0752H     UNIT         ?PR?_CMD_FLASHBOND?HOST
            CODE    4C6FH     0391H     UNIT         ?PR?PRCSS_OPCODE_ATT_WRITE_REQUEST?HOST
            CODE    5000H     009FH     UNIT         ?PR?_ERASE_START?IAP
            CODE    509FH     0121H     UNIT         ?PR?_WRITEFLASH_START?IAP
            CODE    51C0H     0002H     UNIT         ?PR?INT1_ISR?INTERRUPT_24G
            CODE    51C2H     0073H     UNIT         ?PR?TIMER1_ISR?INTERRUPT_24G
            CODE    5235H     0002H     UNIT         ?PR?UART0ISR?INTERRUPT_24G
            CODE    5237H     0002H     UNIT         ?PR?TIMER2_ISR?INTERRUPT_24G
            CODE    5239H     0002H     UNIT         ?PR?INT2_ISR?INTERRUPT_24G
            CODE    523BH     0002H     UNIT         ?PR?SLEEPTIMER1_ISR?INTERRUPT_24G
            CODE    523DH     0002H     UNIT         ?PR?RTC_ISR?INTERRUPT_24G
            CODE    523FH     0068H     UNIT         ?PR?RFISR?INTERRUPT_24G
            CODE    52A7H     0002H     UNIT         ?PR?KEYINT_ISR?INTERRUPT_24G
            CODE    52A9H     002BH     UNIT         ?PR?_WRITETXFIFO?MAIN_24G
            CODE    52D4H     002CH     UNIT         ?PR?_READRXFIFO?MAIN_24G
            CODE    5300H     000AH     UNIT         ?PR?DISABLETIMER1?MAIN_24G
            CODE    530AH     000BH     UNIT         ?PR?ENABLETIMER1?MAIN_24G
            CODE    5315H     0039H     UNIT         ?PR?_SET_TIMER1_N_MS?MAIN_24G
            CODE    534EH     044AH     UNIT         ?PR?MAIN?MAIN_24G
            CODE    5798H     0048H     UNIT         ?PR?MAIN_24G
            CODE    57E0H     0576H     UNIT         ?CO?SERVICEGEN
            CODE    5D56H     052AH     UNIT         ?PR?CONNECTESTABLISH?LINKLAYER
            CODE    6280H     03A0H     UNIT         ?PR?PRCSS_OPCODE_ATT_WRITE_COMMAND?HOST
            CODE    6620H     038EH     UNIT         ?PR?TXDATA_PROCESS?LINKLAYER
            CODE    69AEH     038BH     UNIT         ?PR?PRCSS_OPCODE_ATT_READ_BY_GROUP_TYPE_REQUEST?HOST
            CODE    6D39H     0384H     UNIT         ?PR?PRCSS_OPCODE_ATT_EXECUTE_WRITE_REQUEST?HOST
            CODE    70BDH     0359H     UNIT         ?PR?PRCSS_OPCODE_ATT_READ_BY_TYPE_REQUEST?HOST
            CODE    7416H     033CH     UNIT         ?PR?INITBLE?LINKLAYER
            CODE    7752H     028BH     UNIT         ?PR?BLE_SLAVE_PROCESS?LINKLAYER
            CODE    79DDH     0023H     UNIT         ?PR?_BLE_PASSKEY_SET?HOST
            CODE    7A00H     0200H     ABSOLUTE     
            CODE    7C00H     0300H     ABSOLUTE     
            CODE    7F00H     00EAH     UNIT         ?PR?PRCSS_BLE_CODE_SMP_PAIRING_REQUEST?HOST
            CODE    7FEAH     000AH     UNIT         ?PR?_CONSUMER_SETBONDING_USE_OLDKEY?LINKLAYER
            CODE    7FF4H     000CH     ABSOLUTE     
            CODE    8000H     0255H     UNIT         ?PR?INITBLE_ATTSERVPARAMTER?LINKLAYER
            CODE    8255H     0228H     UNIT         ?PR?PRCSS_OPCODE_ATT_READ_BY_TYPE_RESPONSE?HOST
            CODE    847DH     020AH     UNIT         ?PR?_BLE_SENDDATA?HOST
            CODE    8687H     0207H     UNIT         ?PR?SETBLE_TIMEINTERVAL_CONNECT?LINKLAYER
            CODE    888EH     0205H     UNIT         ?PR?ACKDATA_PROCESS?LINKLAYER
            CODE    8A93H     01EBH     UNIT         ?PR?RFA8107
            CODE    8C7EH     01CFH     UNIT         ?PR?SETRXWINDOWTIMING?RFA8107
BL51 BANKED LINKER/LOCATER V6.22                                                      05/30/2019  12:42:35  PAGE 10


            CODE    8E4DH     01CCH     UNIT         ?PR?PRCSS_BLE_CODE_SMP_IDENTITY_ADDRESS_INFORMATION?HOST
            CODE    9019H     01C1H     UNIT         ?PR?_PROP_RUNRX?PROPRIETARY
            CODE    91DAH     01A3H     UNIT         ?PR?PRCSS_OPCODE_ATT_FIND_INFORMATION_REQUEST?HOST
            CODE    937DH     018EH     UNIT         ?PR?PRCSS_LL_START_ENC_RSP?LINKLAYER
            CODE    950BH     018DH     UNIT         ?C_INITSEG
            CODE    9698H     017BH     UNIT         ?PR?MD_PROCEDURE?LINKLAYER
            CODE    9813H     016AH     UNIT         ?PR?PRCSS_OPCODE_ATT_FIND_BY_TYPE_VALUE_REQUEST?HOST
            CODE    997DH     016AH     UNIT         ?PR?PRCSS_OPCODE_ATT_READ_BLOB_REQUEST?HOST
            CODE    9AE7H     015DH     UNIT         ?PR?PRCSS_OPCODE_ATT_FIND_INFORMATION_RESPONSE?HOST
            CODE    9C44H     015BH     UNIT         ?PR?_PROP_RUNTX?PROPRIETARY
            CODE    9D9FH     013BH     UNIT         ?PR?_PROP_START?PROPRIETARY
            CODE    9EDAH     0133H     UNIT         ?PR?PRCSS_OPCODE_ATT_PREPARE_WRITE_REQUEST?HOST
            CODE    A00DH     0124H     UNIT         ?PR?_SMPC1?LINKLAYER
            CODE    A131H     0120H     UNIT         ?PR?_BLE_SETTXPOWER?RFA8107
            CODE    A251H     0113H     UNIT         ?PR?FIL_DATA_FLASHBONDWEXST_PBID?HOST
            CODE    A364H     0106H     UNIT         ?PR?_PROP_CREATE?PROPRIETARY
            CODE    A46AH     00FAH     UNIT         ?PR?PRCSS_OPCODE_ATT_READ_REQUEST?HOST
            CODE    A564H     00F8H     UNIT         ?PR?PRCSS_BLE_CODE_SMP_PAIRING_RANDOM?HOST
            CODE    A65CH     00EAH     UNIT         ?PR?PROPRIETARY
            CODE    A746H     00D5H     UNIT         ?PR?FIL_INFO_FLASHBONDWEXST_PBID?HOST
            CODE    A81BH     00D3H     UNIT         ?PR?_BLE_SETCONNECTPARAMETERUPDATEREQUEST?LINKLAYER
            CODE    A8EEH     00CAH     UNIT         ?PR?_SETBLE_CONNTXCTRL?LINKLAYER
            CODE    A9B8H     00C3H     UNIT         ?PR?_ERSDATA_FLASHBOND?HOST
            CODE    AA7BH     00C3H     UNIT         ?PR?_ERSINFO_FLASHBOND?HOST
            CODE    AB3EH     00BEH     UNIT         ?PR?_SETADV_RUN_CTRL?LINKLAYER
            CODE    ABFCH     00BEH     UNIT         ?PR?_PROP_STOP?PROPRIETARY
            CODE    ACBAH     00BBH     UNIT         ?PR?INITBLESW?LINKLAYER
            CODE    AD75H     00B9H     UNIT         ?PR?_PRCSS_BLE_OPCODE_ATT?HOST
            CODE    AE2EH     00B6H     UNIT         ?PR?PARTIAL_INITRF?RFA8107
            CODE    AEE4H     00ADH     UNIT         ?PR?RXDATA_PROCESS?LINKLAYER
            CODE    AF91H     00A9H     UNIT         ?PR?A8107_CONFIG?RFA8107
            CODE    B03AH     00A1H     UNIT         ?PR?RXPACKET?LINKLAYER
            CODE    B0DBH     00A0H     UNIT         ?PR?SETBLE_CHANNEL?LINKLAYER
            CODE    B17BH     0099H     UNIT         ?PR?CHECKBLETIMER?LINKLAYER
            CODE    B214H     0098H     UNIT         ?PR?A8107_CAL?RFA8107
            CODE    B2ACH     0094H     UNIT         ?PR?_BLE_ANCS_SEND_CONTROL_POINT?HOST
            CODE    B340H     008DH     UNIT         ?PR?_PRCSS_LL_CONTROL_PDU?LINKLAYER
            CODE    B3CDH     008CH     UNIT         ?C_C51STARTUP
            CODE    B459H     008CH     UNIT         ?PR?PRCSS_LL_CONNECTION_UPDATE_REQ?LINKLAYER
            CODE    B4E5H     008BH     UNIT         ?PR?_BLE_ADV_CMD?LINKLAYER
            CODE    B570H     0088H     UNIT         ?PR?PRCSS_BLE_CODE_SMP_PAIRING_CONFIRM?HOST
            CODE    B5F8H     0084H     UNIT         ?PR?PRCSS_OPCODE_ATT_HANDLE_VALUE_NOTIFICATION?HOST
            CODE    B67CH     0081H     UNIT         ?CO?RFA8107
            CODE    B6FDH     007EH     UNIT         ?PR?CONSUMER_BONDINGRESULT_CLEAR?LINKLAYER
            CODE    B77BH     007AH     UNIT         ?PR?PRCSS_LL_PAUSE_ENC_REQ?LINKLAYER
            CODE    B7F5H     0079H     UNIT         ?PR?GETBLE_LINKMESSAGE?LINKLAYER
            CODE    B86EH     006BH     UNIT         ?PR?SETBLE_TIMEINTERVAL_WINOFFSET?LINKLAYER
            CODE    B8D9H     0067H     UNIT         ?PR?A8107_RCSELECT?RFA8107
            CODE    B940H     0066H     UNIT         ?PR?PRCSS_LL_CHANNEL_MAP_REQ?LINKLAYER
            CODE    B9A6H     0062H     UNIT         ?PR?INITMCU?MCUFUNCTION
            CODE    BA08H     0062H     UNIT         ?PR?_BLE_INITIMMEDIATEALERTLEVEL?LINKLAYER
            CODE    BA6AH     0062H     UNIT         ?PR?_BLE_INITLINKLOSSALERTLEVEL?LINKLAYER
            CODE    BACCH     005BH     UNIT         ?PR?PRCSS_OPCODE_ATT_FIND_BY_TYPE_VALUE_RESPONSE?HOST
            CODE    BB27H     005BH     UNIT         ?PR?_MARK_PID_DATA_FLASHBOND?HOST
            CODE    BB82H     0057H     UNIT         ?PR?_MARK_PID_INFO_FLASHBOND?HOST
            CODE    BBD9H     0057H     UNIT         ?PR?GENERATIONLTK?LINKLAYER
            CODE    BC30H     0057H     UNIT         ?PR?_CHGROUPCAL?RFA8107
BL51 BANKED LINKER/LOCATER V6.22                                                      05/30/2019  12:42:35  PAGE 11


            CODE    BC87H     0054H     UNIT         ?PR?SETBLE_ANCS_NOTIFICATINOSOURCE?HOST
            CODE    BCDBH     0054H     UNIT         ?PR?SETBLE_ANCS_DATASOURCE?HOST
            CODE    BD2FH     0054H     UNIT         ?PR?INITBLESMP_RE?LINKLAYER
            CODE    BD83H     0052H     UNIT         ?PR?SMPAES?LINKLAYER
            CODE    BDD5H     0051H     UNIT         ?PR?_PRCSS_BLE_CODE_SMP?HOST
            CODE    BE26H     0051H     UNIT         ?PR?SETBLE_ANCS_DISCOVER?HOST
            CODE    BE77H     0051H     UNIT         ?PR?DC_SHIFT?LINKLAYER
            CODE    BEC8H     0050H     UNIT         ?PR?TIMER0ISR?RFA8107
            CODE    BF18H     0050H     UNIT         ?PR?_PROP_DELETE?PROPRIETARY
            CODE    BF68H     004FH     UNIT         ?PR?_CHKBLE_ATTRIBUTE_PERMISSION_READ?HOST
            CODE    BFB7H     004FH     UNIT         ?PR?_CHKBLE_ATTRIBUTE_PERMISSION_WRITE?HOST
            CODE    C006H     004BH     UNIT         ?PR?_RF_TIMER500MS?RFA8107
            CODE    C051H     004AH     UNIT         ?PR?PRCSS_LL_START_ENC_REQ?LINKLAYER
            CODE    C09BH     0049H     UNIT         ?PR?_SETBLE_SN_NESN?LINKLAYER
            CODE    C0E4H     0046H     UNIT         ?PR?SETBLE_CONNECTUPDATE?LINKLAYER
            CODE    C12AH     0043H     UNIT         ?PR?_SETADV_TO?LINKLAYER
            CODE    C16DH     0040H     UNIT         ?CO?LINKLAYER
            CODE    C1ADH     0040H     UNIT         ?PR?INITRF?RFA8107
            CODE    C1EDH     003EH     UNIT         ?PR?PRCSS_OPCODE_ATT_ERROR_RESPONSE?HOST
            CODE    C22BH     003CH     UNIT         ?PR?PRCSS_L2CAP_CID_LE_L2CAP_SIGNALING_CHANNEL?HOST
            CODE    C267H     003BH     UNIT         ?PR?PRCSS_BLE_CODE_SMP_MASTER_IDENTIFICATION?HOST
            CODE    C2A2H     003BH     UNIT         ?PR?_A8107_RX_PKT_NUM?LINKLAYER
            CODE    C2DDH     003BH     UNIT         ?PR?_A8107_TX_PKT_NUM?LINKLAYER
            CODE    C318H     003BH     UNIT         ?PR?GET_INTERVAL_TIME_LEFT?PROPRIETARY
            CODE    C353H     003AH     UNIT         ?PR?_SMPS1?LINKLAYER
            CODE    C38DH     0039H     UNIT         ?PR?_SETADV_TIMING?LINKLAYER
            CODE    C3C6H     0038H     UNIT         ?PR?_KNL_MEMCOMP?HOST
            CODE    C3FEH     0037H     UNIT         ?PR?_KNL_CODECPYINV?HOST
            CODE    C435H     0036H     UNIT         ?PR?_KNL_MEMCPYINV?HOST
            CODE    C46BH     0034H     UNIT         ?PR?_KNL_CODECPY?HOST
            CODE    C49FH     0033H     UNIT         ?PR?_PRCSS_L2CAP_CID?HOST
            CODE    C4D2H     0033H     UNIT         ?PR?_KNL_MEMCPY?HOST
            CODE    C505H     0033H     UNIT         ?PR?PRCSS_LL_FEATURE_REQ?LINKLAYER
            CODE    C538H     002DH     UNIT         ?PR?BLE_AUTOPWRDOWN_ENABLE?LINKLAYER
            CODE    C565H     002CH     UNIT         ?PR?BLE_ANCS_DISCOVER?HOST
            CODE    C591H     002BH     UNIT         ?PR?PRCSS_L2CAP_CID_ATTRIBUTE_PROTOCOL?HOST
            CODE    C5BCH     002BH     UNIT         ?PR?_SETBLE_CONNTXDATA_ATT_ERROR_RESPONSE?LINKLAYER
            CODE    C5E7H     002BH     UNIT         ?PR?_WRITEHWFIFO?PROPRIETARY
            CODE    C612H     002AH     UNIT         ?PR?PRCSS_LL_PAUSE_ENC_RSP?LINKLAYER
            CODE    C63CH     0029H     UNIT         ?PR?PRCSS_LL_VERSION_IND?LINKLAYER
            CODE    C665H     0028H     UNIT         ?PR?BLE_ANCS_DATASOURCE_ENABLE?HOST
            CODE    C68DH     0028H     UNIT         ?PR?BLE_ANCS_DATASOURCE_DISABLE?HOST
            CODE    C6B5H     0025H     UNIT         ?PR?SETBLE_LLTERMINATE?LINKLAYER
            CODE    C6DAH     0023H     UNIT         ?PR?_SETBLE_CHECK_SN_NESN?LINKLAYER
            CODE    C6FDH     0022H     UNIT         ?PR?CONSUMER_BONDING_SUCCESS?LINKLAYER
            CODE    C71FH     0021H     UNIT         ?PR?PRCSS_BLE_CODE_SMP_SECURITY_REQUEST?HOST
            CODE    C740H     0020H     UNIT         ?PR?BLE_GETANCS_RESULT?HOST
            CODE    C760H     0020H     UNIT         ?PR?_SETADV_TYPE?LINKLAYER
            CODE    C780H     0020H     UNIT         ?PR?_BLE_SETWHITELIST?LINKLAYER
            CODE    C7A0H     001FH     UNIT         ?PR?BLE_ANCS_NOTIFICATIONSOURCE_ENABLE?HOST
            CODE    C7BFH     001FH     UNIT         ?PR?BLE_ANCS_NOTIFICATIONSOURCE_DISABLE?HOST
            CODE    C7DEH     001FH     UNIT         ?PR?INITTIMER0?RFA8107
            CODE    C7FDH     001FH     UNIT         ?PR?GET_INTERVAL_TIME?PROPRIETARY
            CODE    C81CH     001EH     UNIT         ?PR?RANDNUMBERGENERATOR?LINKLAYER
            CODE    C83AH     001DH     UNIT         ?PR?SETBLE_LLBUSY?LINKLAYER
            CODE    C857H     001CH     UNIT         ?PR?GETRSSI?RFA8107
            CODE    C873H     001BH     UNIT         ?PR?_GETBLE_ATTRIBUTE_VALUE_DYNMCLNGTH?HOST
BL51 BANKED LINKER/LOCATER V6.22                                                      05/30/2019  12:42:35  PAGE 12


            CODE    C88EH     001BH     UNIT         ?PR?__DELAY5US?RFA8107
            CODE    C8A9H     0019H     UNIT         ?PR?PRCSS_BLE_CODE_SMP_IDENTITY_INFORMATION?HOST
            CODE    C8C2H     0019H     UNIT         ?PR?PRCSS_BLE_CODE_SMP_SIGNING_INFORMATION?HOST
            CODE    C8DBH     0018H     UNIT         ?CO?MAIN_24G
            CODE    C8F3H     0018H     UNIT         ?PR?_CONSUMER_SETBONDING_STATUS?LINKLAYER
            CODE    C90BH     0018H     UNIT         ?PR?ENABLEPRTIMER1?PROPRIETARY
            CODE    C923H     0017H     UNIT         ?PR?_SETADV_CHANNEL?LINKLAYER
            CODE    C93AH     0017H     UNIT         ?PR?_SETADV_RND_CTRL?LINKLAYER
            CODE    C951H     0017H     UNIT         ?PR?_SETADV_TO_CTRL?LINKLAYER
            CODE    C968H     0017H     UNIT         ?PR?BLE_GETCONNECTUPDATERESULT?LINKLAYER
            CODE    C97FH     0016H     UNIT         ?PR?PRCSS_OPCODE_ATT_EXCHANGE_MTU_REQUEST?HOST
            CODE    C995H     0015H     UNIT         ?PR?_CHKBLE_ATT_CHR_ACSSWR_BYUSER?APPLICATION_CHECK
            CODE    C9AAH     0015H     UNIT         ?PR?_GETBLE_ATTRIBUTE_TYPE_SIZE?HOST
            CODE    C9BFH     0015H     UNIT         ?PR?A8107_WRITEAESKEY?LINKLAYER
            CODE    C9D4H     0015H     UNIT         ?PR?INIT_Q_ATT_HDL_PREWR?LINKLAYER
            CODE    C9E9H     0015H     UNIT         ?PR?A8107_WRITEID?RFA8107
            CODE    C9FEH     0014H     UNIT         ?PR?PRCSS_BLE_CODE_SMP_PAIRING_FAILED?HOST
            CODE    CA12H     0014H     UNIT         ?PR?A8107_READAESDATA?LINKLAYER
            CODE    CA26H     0014H     UNIT         ?PR?A8107_WRITEAESDATA?LINKLAYER
            CODE    CA3AH     0012H     UNIT         ?PR?_CHKIFBLE_ATT_CHR_ACSS_BYUSER?HOST
            CODE    CA4CH     0011H     UNIT         ?PR?CONSUMER_GETBONDING_RESULT?LINKLAYER
            CODE    CA5DH     0010H     UNIT         ?PR?PRCSS_PASSKEY_PAIRING_CONFIRM?HOST
            CODE    CA6DH     0010H     UNIT         ?PR?INITCRC?RFA8107
            CODE    CA7DH     000FH     UNIT         ?PR?BLE_GETTERMINATERESULT?LINKLAYER
            CODE    CA8CH     000FH     UNIT         ?PR?RF_RC_DISABLE?RFA8107
            CODE    CA9BH     000FH     UNIT         ?PR?PROP_INITIALIZE?PROPRIETARY
            CODE    CAAAH     000EH     UNIT         ?PR?PRCSS_L2CAP_CID_SECURITY_MANAGER_PROTOCOL?HOST
            CODE    CAB8H     000EH     UNIT         ?PR?TIMER1PRINIT?PROPRIETARY
            CODE    CAC6H     000DH     UNIT         ?PR?BLE_GETCONNECTSERVERADDRESS?LINKLAYER
            CODE    CAD3H     000CH     UNIT         ?PR?PRCSS_BLE_CODE_SMP_ENCRYPTION_INFORMATION?HOST
            CODE    CADFH     000CH     UNIT         ?PR?INITBLESMP?LINKLAYER
            CODE    CAEBH     000CH     UNIT         ?PR?RANDOMSEEDCOUNT?LINKLAYER
            CODE    CAF7H     000BH     UNIT         ?CO?SECURITY
            CODE    CB02H     000BH     UNIT         ?PR?_SETBLE_ADVPDU?LINKLAYER
            CODE    CB0DH     000BH     UNIT         ?PR?CONNECT_ACK_ENABLE?LINKLAYER
            CODE    CB18H     000BH     UNIT         ?PR?TMR_INTERRUPT_DISABLE?LINKLAYER
            CODE    CB23H     000BH     UNIT         ?PR?CONNECT_ACK_DISABLE?LINKLAYER
            CODE    CB2EH     000BH     UNIT         ?PR?SETBLE_CONNDISSLV?LINKLAYER
            CODE    CB39H     000BH     UNIT         ?PR?SMPPASSKEY_INIT?LINKLAYER
            CODE    CB44H     000AH     UNIT         ?PR?DISABLETIMER0?RFA8107
            CODE    CB4EH     000AH     UNIT         ?PR?DISABLEPRTIMER1?PROPRIETARY
            CODE    CB58H     0009H     UNIT         ?PR?_CHKBLE_ATT_CHR_ACSSRD_BYUSER?APPLICATION_CHECK
            CODE    CB61H     0009H     UNIT         ?PR?BLE_GETWRITEEVENT?HOST
            CODE    CB6AH     0009H     UNIT         ?PR?BLE_GET_ANCS_NOFITICATION_ENVET?HOST
            CODE    CB73H     0009H     UNIT         ?PR?BLE_GETLINKLOSSCOUNT?LINKLAYER
            CODE    CB7CH     0009H     UNIT         ?PR?_CONSUMER_PAIRING_RULE_SELECT?LINKLAYER
            CODE    CB85H     0009H     UNIT         ?PR?RF_GETRSSIRESULT?RFA8107
            CODE    CB8EH     0008H     UNIT         ?PR?_SETBLE_ADVLENGTH?LINKLAYER
            CODE    CB96H     0008H     UNIT         ?PR?TMR_INTERRUPT_ENABLE?LINKLAYER
            CODE    CB9EH     0008H     UNIT         ?PR?_INITCRYSTALCL?RFA8107
            CODE    CBA6H     0007H     UNIT         ?PR?BLE_GETEMPTYCOUNT?LINKLAYER
            CODE    CBADH     0006H     UNIT         ?PR?PRCSS_OPCODE_ATT_READ_MULTIPLE_REQUEST?HOST
            CODE    CBB3H     0006H     UNIT         ?PR?BLE_GETWRITEEVENT_LENGTH?HOST
            CODE    CBB9H     0006H     UNIT         ?PR?BLE_GET_ANCS_NOTIFICATION_LENGTH?HOST
            CODE    CBBFH     0006H     UNIT         ?PR?ADV_ACK_ENABLE?LINKLAYER
            CODE    CBC5H     0006H     UNIT         ?PR?ADV_ACK_DISABLE?LINKLAYER
            CODE    CBCBH     0006H     UNIT         ?PR?BLE_GETPWRSTATE?LINKLAYER
BL51 BANKED LINKER/LOCATER V6.22                                                      05/30/2019  12:42:35  PAGE 13


            CODE    CBD1H     0006H     UNIT         ?PR?BLE_GETWHITELIST_STATUS?LINKLAYER
            CODE    CBD7H     0006H     UNIT         ?PR?BLE_GETDISCONNECTREASON?LINKLAYER
            CODE    CBDDH     0006H     UNIT         ?PR?_STROBECMD?RFA8107
            CODE    CBE3H     0006H     UNIT         ?PR?RF_GETBATTERYRESULT?RFA8107
            CODE    CBE9H     0006H     UNIT         ?PR?RF_GET_PARTIAL_INITRF_RESULT?RFA8107
            CODE    CBEFH     0006H     UNIT         ?PR?PROP_GETRFMODE?PROPRIETARY
            CODE    CBF5H     0003H     UNIT         ?PR?INTERRUPTDISABLE?RFA8107
            CODE    CBF8H     0003H     UNIT         ?PR?INTERRUPTENABLE?RFA8107
            CODE    CBFBH     0003H     UNIT         ?PR?DISABLERXWINS?PROPRIETARY
            CODE    CBFEH     0001H     UNIT         ?PR?PRCSS_OPCODE_ATT_SIGNED_WRITE_COMMAND?HOST
            CODE    CBFFH     0001H     UNIT         ?PR?PRCSS_BLE_CODE_SMP_RESERVED?HOST
            CODE    CC00H     0001H     UNIT         ?PR?PRCSS_BLE_CODE_SMP_PAIRING_RESPONSE?HOST
            CODE    CC01H     0001H     UNIT         ?PR?PRCSS_LL_ENC_RSP?LINKLAYER
            CODE    CC02H     0001H     UNIT         ?PR?PRCSS_LL_UNKNOWN_RSP?LINKLAYER
            CODE    CC03H     0001H     UNIT         ?PR?PRCSS_LL_FEATURE_RSP?LINKLAYER
            CODE    CC04H     0001H     UNIT         ?PR?PRCSS_LL_REJECT_IND?LINKLAYER
            CODE    CC05H     0001H     UNIT         ?PR?PRCSS_LL_SLAVE_FEATURE_REQ?LINKLAYER
            CODE    CC06H     0001H     UNIT         ?PR?PRCSS_LL_CONNECT_PARAM_REQ?LINKLAYER
            CODE    CC07H     0001H     UNIT         ?PR?PRCSS_LL_CONNECT_PARAM_RSP?LINKLAYER
            CODE    CC08H     0001H     UNIT         ?PR?PRCSS_LL_REJECT_IND_EXT?LINKLAYER
            CODE    CC09H     0001H     UNIT         ?PR?PRCSS_LL_PING_REQ?LINKLAYER
            CODE    CC0AH     0001H     UNIT         ?PR?PRCSS_LL_PING_RSP?LINKLAYER
            CODE    CC0BH     0001H     UNIT         ?PR?PRCSS_LL_LENGTH_REQ?LINKLAYER
            CODE    CC0CH     0001H     UNIT         ?PR?PRCSS_LL_LENGTH_RSP?LINKLAYER
                    CC0DH     33F1H                  *** GAP ***
            CODE    FFFEH     0002H     ABSOLUTE     



SYMBOL TABLE OF MODULE:  Proprietary (?C_STARTUP)

  VALUE           TYPE          NAME
  ----------------------------------

  -------         MODULE        ?C_STARTUP
  C:B3CDH         SEGMENT       ?C_C51STARTUP
  I:0030H         SEGMENT       ?STACK
  C:0002H         PUBLIC        ?C_STARTUP
  C:B3CDH         PUBLIC        STARTUP1
  D:00E0H         SYMBOL        ACC
  D:00F0H         SYMBOL        B
  D:0083H         SYMBOL        DPH
  D:0082H         SYMBOL        DPL
  N:007BH         SYMBOL        IAP_PROCESS_ADDRESS
  N:0000H         SYMBOL        IBPSTACK
  N:0100H         SYMBOL        IBPSTACKTOP
  N:0080H         SYMBOL        IDATALEN
  C:B3D0H         SYMBOL        IDATALOOP
  N:0300H         SYMBOL        INTERRUPT_OFFSET
  N:0000H         SYMBOL        PBPSTACK
  N:0100H         SYMBOL        PBPSTACKTOP
  N:0000H         SYMBOL        PDATALEN
  N:0000H         SYMBOL        PDATASTART
  N:0000H         SYMBOL        PPAGE
  N:0000H         SYMBOL        PPAGEENABLE
  D:00A0H         SYMBOL        PPAGE_SFR
  D:0081H         SYMBOL        SP
BL51 BANKED LINKER/LOCATER V6.22                                                      05/30/2019  12:42:35  PAGE 14


  N:0000H         SYMBOL        XBPSTACK
  N:0000H         SYMBOL        XBPSTACKTOP
  N:0000H         SYMBOL        XDATALEN
  N:0000H         SYMBOL        XDATASTART
  C:0002H         LINE#         132
  C:B3CDH         LINE#         139
  C:B3CFH         LINE#         140
  C:B3D0H         LINE#         141
  C:B3D1H         LINE#         142
  C:B3D3H         LINE#         191
  C:B3D6H         LINE#         202
  -------         ENDMOD        ?C_STARTUP

  -------         MODULE        FLASH_CHECK
  N:0000H         SYMBOL        FLASH_CHECK
  -------         ENDMOD        FLASH_CHECK

  -------         MODULE        INTERRUPT_OFFSET
  N:007BH         SYMBOL        IAP_PROCESS_ADDRESS
  N:0300H         SYMBOL        INTERRUPT_OFFSET
  C:000BH         LINE#         5
  C:0013H         LINE#         7
  C:001BH         LINE#         9
  C:0023H         LINE#         11
  C:002BH         LINE#         13
  C:0033H         LINE#         15
  C:003BH         LINE#         17
  C:0043H         LINE#         19
  C:004BH         LINE#         21
  C:0053H         LINE#         23
  C:005BH         LINE#         25
  C:0063H         LINE#         27
  C:006BH         LINE#         29
  C:0073H         LINE#         31
  -------         ENDMOD        INTERRUPT_OFFSET

  -------         MODULE        OTA_IAP
  D:00E0H         SYMBOL        ACC
  N:0038H         SYMBOL        BDCOUNTH
  N:0037H         SYMBOL        BDCOUNTL
  N:0040H         SYMBOL        BUFFER
  D:0094H         SYMBOL        CODEBANK
  D:0083H         SYMBOL        DPH
  D:0082H         SYMBOL        DPL
  D:00E8H         SYMBOL        EIE
  D:0091H         SYMBOL        EIF
  D:009AH         SYMBOL        FLASHCTRL
  D:009BH         SYMBOL        FLASHTMR
  C:021BH         SYMBOL        F_BATTERYDETECT
  C:0221H         SYMBOL        F_BATTERYDETECT_RETRY
  C:0214H         SYMBOL        F_CLRPWE
  C:023CH         SYMBOL        F_DELAY_100US
  C:01D3H         SYMBOL        F_ERASESECTOR
  C:0204H         SYMBOL        F_FLASHCONTROL
  C:01FAH         SYMBOL        F_FLASHSETTING
  C:0178H         SYMBOL        F_READ16BYTES
  C:020DH         SYMBOL        F_SETPWE
BL51 BANKED LINKER/LOCATER V6.22                                                      05/30/2019  12:42:35  PAGE 15


  C:0146H         SYMBOL        F_UPDATE256BYTES
  C:0185H         SYMBOL        F_VERIFY16BYTES
  C:019EH         SYMBOL        F_WRITE16BYTES
  C:019BH         SYMBOL        F_WRITE_A_BYTES
  N:007BH         SYMBOL        IAP_PROCESS_ADDRESS
  D:00A8H         SYMBOL        IE
  N:0300H         SYMBOL        INTERRUPT_OFFSET
  C:007BH         SYMBOL        OTA_BEGIN
  C:0300H         SYMBOL        OTA_END
  D:00D1H         SYMBOL        P0OE
  D:00D2H         SYMBOL        P0PUN
  D:0087H         SYMBOL        PCON
  N:003AH         SYMBOL        READDATA
  D:00BAH         SYMBOL        RSFLAG
  N:0032H         SYMBOL        SOURCEBANK
  N:0030H         SYMBOL        SOURCEDPH
  N:0031H         SYMBOL        SOURCEDPL
  D:0081H         SYMBOL        SP
  D:00EBH         SYMBOL        TA
  N:0035H         SYMBOL        TARGETBANK
  N:0033H         SYMBOL        TARGETDPH
  N:0034H         SYMBOL        TARGETDPL
  N:0039H         SYMBOL        TRYCOUNT
  N:0036H         SYMBOL        UPDATEDPH
  D:00D8H         SYMBOL        WDCON
  C:01BBH         SYMBOL        _CHECK_R3_OTA_DATA2_
  C:01F0H         SYMBOL        _CHECK_R3_OTA_DATA_
  C:01B1H         SYMBOL        _CHECK_WDT2_
  C:01E6H         SYMBOL        _CHECK_WDT_
  C:01F6H         SYMBOL        _ERASESECTOR_START
  C:0236H         SYMBOL        _F_BATTERYDETECT_BDF_0
  C:0239H         SYMBOL        _F_BATTERYDETECT_BDF_1
  C:023EH         SYMBOL        _F_DELAY_100US_LOOP
  C:01F7H         SYMBOL        _F_ERASESECTOR_END
  C:01EEH         SYMBOL        _F_ERASESECTOR_STOP
  C:017CH         SYMBOL        _F_READ16BYTES_LOOP
  C:0175H         SYMBOL        _F_UPDATE256BYTES_FAIL
  C:014AH         SYMBOL        _F_UPDATE256BYTES_LOOP
  C:0172H         SYMBOL        _F_UPDATE256BYTES_PASS
  C:0198H         SYMBOL        _F_VERIFY16BYTES_FAIL
  C:0189H         SYMBOL        _F_VERIFY16BYTES_LOOP
  C:0195H         SYMBOL        _F_VERIFY16BYTES_PASS
  C:01D0H         SYMBOL        _F_WRITE16BYTES_END
  C:01C5H         SYMBOL        _F_WRITE16BYTES_LOOP
  C:01CCH         SYMBOL        _F_WRITE16BYTES_NEXT
  C:01B9H         SYMBOL        _F_WRITE16BYTES_STOP
  C:01CBH         SYMBOL        _F_WRITE16BYTES_WRITE
  C:01C1H         SYMBOL        _F_WRITE_A_BYTES_START
  C:01C1H         SYMBOL        _F_WRITE_START
  C:0099H         SYMBOL        _OTA_BATTERYDETECT
  C:00D5H         SYMBOL        _OTA_PROCESS
  C:00B7H         SYMBOL        _OTA_PROCESS_CHECK_BANK_CODE_LH
  C:00B1H         SYMBOL        _OTA_PROCESS_CHECK_CODE_H
  C:00ACH         SYMBOL        _OTA_PROCESS_CHECK_CODE_L
  C:00CFH         SYMBOL        _OTA_PROCESS_END
  C:00E2H         SYMBOL        _OTA_PROCESS_ERASE
  C:0123H         SYMBOL        _OTA_PROCESS_FAIL
BL51 BANKED LINKER/LOCATER V6.22                                                      05/30/2019  12:42:35  PAGE 16


  C:00D3H         SYMBOL        _OTA_PROCESS_FINISH
  C:00DAH         SYMBOL        _OTA_PROCESS_LOOP
  C:00DDH         SYMBOL        _OTA_PROCESS_LOOP_RETRY
  C:011FH         SYMBOL        _OTA_PROCESS_NEXT
  C:00D3H         SYMBOL        _OTA_PROCESS_RESET
  C:0110H         SYMBOL        _OTA_PROCESS_UPDATE
  C:0101H         SYMBOL        _OTA_PROCESS_UPDATE_0000_7F00
  C:00F3H         SYMBOL        _OTA_PROCESS_UPDATE_8000_FF00
  C:00A9H         SYMBOL        _OTA_START
  C:007BH         LINE#         67
  C:007EH         LINE#         68
  C:0081H         LINE#         69
  C:0084H         LINE#         70
  C:0086H         LINE#         72
  C:0088H         LINE#         73
  C:008AH         LINE#         76
  C:008DH         LINE#         77
  C:008FH         LINE#         78
  C:0090H         LINE#         79
  C:0092H         LINE#         80
  C:0093H         LINE#         83
  C:0096H         LINE#         84
  C:0099H         LINE#         86
  C:009BH         LINE#         87
  C:009DH         LINE#         88
  C:00A0H         LINE#         89
  C:00A2H         LINE#         90
  C:00A4H         LINE#         91
  C:00A7H         LINE#         92
  C:00A9H         LINE#         95
  C:00ACH         LINE#         97
  C:00ADH         LINE#         98
  C:00AEH         LINE#         99
  C:00B1H         LINE#         102
  C:00B3H         LINE#         103
  C:00B4H         LINE#         104
  C:00B7H         LINE#         107
  C:00BAH         LINE#         108
  C:00BDH         LINE#         109
  C:00BEH         LINE#         110
  C:00BFH         LINE#         111
  C:00C2H         LINE#         112
  C:00C4H         LINE#         113
  C:00C5H         LINE#         114
  C:00C8H         LINE#         115
  C:00CAH         LINE#         116
  C:00CDH         LINE#         118
  C:00CFH         LINE#         121
  C:00D1H         LINE#         122
  C:00D3H         LINE#         126
  C:00D5H         LINE#         129
  C:00D7H         LINE#         130
  C:00DAH         LINE#         133
  C:00DDH         LINE#         135
  C:00E0H         LINE#         136
  C:00E2H         LINE#         139
  C:00E5H         LINE#         140
BL51 BANKED LINKER/LOCATER V6.22                                                      05/30/2019  12:42:35  PAGE 17


  C:00E8H         LINE#         141
  C:00EAH         LINE#         142
  C:00ECH         LINE#         148
  C:00EEH         LINE#         149
  C:00EFH         LINE#         150
  C:00F1H         LINE#         151
  C:00F3H         LINE#         154
  C:00F6H         LINE#         155
  C:00F9H         LINE#         156
  C:00FCH         LINE#         157
  C:00FFH         LINE#         158
  C:0101H         LINE#         161
  C:0104H         LINE#         162
  C:0106H         LINE#         163
  C:0108H         LINE#         164
  C:010AH         LINE#         165
  C:010DH         LINE#         166
  C:0110H         LINE#         169
  C:0112H         LINE#         170
  C:0114H         LINE#         172
  C:0116H         LINE#         173
  C:0119H         LINE#         174
  C:011BH         LINE#         175
  C:011DH         LINE#         176
  C:011FH         LINE#         179
  C:0121H         LINE#         180
  C:0123H         LINE#         183
  C:0125H         LINE#         184
  C:0127H         LINE#         185
  C:012AH         LINE#         186
  C:012DH         LINE#         187
  C:012FH         LINE#         188
  C:0130H         LINE#         189
  C:0132H         LINE#         190
  C:0135H         LINE#         191
  C:0138H         LINE#         192
  C:013BH         LINE#         193
  C:013EH         LINE#         194
  C:0140H         LINE#         195
  C:0142H         LINE#         196
  C:0144H         LINE#         197
  C:0146H         LINE#         205
  C:0148H         LINE#         206
  C:014AH         LINE#         209
  C:014DH         LINE#         210
  C:014FH         LINE#         211
  C:0152H         LINE#         212
  C:0154H         LINE#         214
  C:0157H         LINE#         215
  C:0159H         LINE#         216
  C:015CH         LINE#         217
  C:015EH         LINE#         218
  C:0160H         LINE#         220
  C:0163H         LINE#         221
  C:0165H         LINE#         222
  C:0168H         LINE#         223
  C:016AH         LINE#         224
BL51 BANKED LINKER/LOCATER V6.22                                                      05/30/2019  12:42:35  PAGE 18


  C:016CH         LINE#         226
  C:016DH         LINE#         227
  C:016FH         LINE#         228
  C:0170H         LINE#         230
  C:0172H         LINE#         232
  C:0174H         LINE#         233
  C:0175H         LINE#         235
  C:0177H         LINE#         236
  C:0178H         LINE#         243
  C:017AH         LINE#         244
  C:017CH         LINE#         246
  C:017EH         LINE#         247
  C:017FH         LINE#         248
  C:0180H         LINE#         249
  C:0181H         LINE#         250
  C:0182H         LINE#         251
  C:0184H         LINE#         252
  C:0185H         LINE#         259
  C:0187H         LINE#         260
  C:0189H         LINE#         262
  C:018BH         LINE#         263
  C:018DH         LINE#         264
  C:018EH         LINE#         265
  C:0191H         LINE#         266
  C:0192H         LINE#         267
  C:0193H         LINE#         268
  C:0195H         LINE#         270
  C:0197H         LINE#         271
  C:0198H         LINE#         274
  C:019AH         LINE#         275
  C:019BH         LINE#         282
  C:019CH         LINE#         283
  C:019EH         LINE#         290
  C:01A0H         LINE#         291
  C:01A2H         LINE#         293
  C:01A4H         LINE#         294
  C:01A5H         LINE#         295
  C:01A7H         LINE#         296
  C:01A9H         LINE#         298
  C:01ABH         LINE#         299
  C:01ADH         LINE#         300
  C:01AFH         LINE#         302
  C:01B1H         LINE#         305
  C:01B3H         LINE#         306
  C:01B5H         LINE#         307
  C:01B7H         LINE#         308
  C:01B9H         LINE#         311
  C:01BBH         LINE#         314
  C:01BDH         LINE#         315
  C:01BEH         LINE#         316
  C:01BFH         LINE#         317
  C:01C1H         LINE#         321
  C:01C3H         LINE#         322
  C:01C5H         LINE#         324
  C:01C6H         LINE#         325
  C:01C9H         LINE#         326
  C:01CBH         LINE#         328
BL51 BANKED LINKER/LOCATER V6.22                                                      05/30/2019  12:42:35  PAGE 19


  C:01CCH         LINE#         330
  C:01CDH         LINE#         331
  C:01CEH         LINE#         332
  C:01D0H         LINE#         335
  C:01D2H         LINE#         336
  C:01D3H         LINE#         342
  C:01D5H         LINE#         343
  C:01D7H         LINE#         345
  C:01D9H         LINE#         346
  C:01DAH         LINE#         347
  C:01DCH         LINE#         348
  C:01DEH         LINE#         350
  C:01E0H         LINE#         351
  C:01E2H         LINE#         352
  C:01E4H         LINE#         353
  C:01E6H         LINE#         356
  C:01E8H         LINE#         357
  C:01EAH         LINE#         358
  C:01ECH         LINE#         359
  C:01EEH         LINE#         362
  C:01F0H         LINE#         365
  C:01F2H         LINE#         366
  C:01F3H         LINE#         367
  C:01F4H         LINE#         368
  C:01F6H         LINE#         371
  C:01F7H         LINE#         373
  C:01F9H         LINE#         374
  C:01FAH         LINE#         380
  C:01FDH         LINE#         381
  C:0200H         LINE#         382
  C:0203H         LINE#         383
  C:0204H         LINE#         389
  C:0207H         LINE#         390
  C:020AH         LINE#         391
  C:020CH         LINE#         392
  C:020DH         LINE#         398
  C:020FH         LINE#         399
  C:0211H         LINE#         400
  C:0213H         LINE#         401
  C:0214H         LINE#         407
  C:0216H         LINE#         408
  C:0218H         LINE#         409
  C:021AH         LINE#         410
  C:021BH         LINE#         423
  C:021EH         LINE#         424
  C:0220H         LINE#         425
  C:0221H         LINE#         427
  C:0224H         LINE#         428
  C:0226H         LINE#         429
  C:0227H         LINE#         431
  C:022AH         LINE#         432
  C:022CH         LINE#         433
  C:022DH         LINE#         435
  C:022FH         LINE#         436
  C:0230H         LINE#         437
  C:0233H         LINE#         438
  C:0236H         LINE#         440
BL51 BANKED LINKER/LOCATER V6.22                                                      05/30/2019  12:42:35  PAGE 20


  C:0238H         LINE#         441
  C:0239H         LINE#         443
  C:023BH         LINE#         444
  C:023CH         LINE#         453
  C:023EH         LINE#         455
  C:023FH         LINE#         456
  C:0240H         LINE#         457
  C:0242H         LINE#         458
  C:0300H         LINE#         466
  -------         ENDMOD        OTA_IAP

  -------         MODULE        SERVICEGEN
  C:0000H         SYMBOL        _ICE_DUMMY_
  C:5B2CH         PUBLIC        ATT_PERMISSION_HDL_GAP_APPEARANCE
  C:5B4CH         PUBLIC        ATT_PERMISSION_HDL_OTA_OTA_DATA_CLIENT_CHARACTERISTIC_CONFIGURATION_INIT
  C:5A25H         PUBLIC        ATT_HDL_OTA_DATA_ERROR_STATUS_CLIENT_CHARACTERISTIC_CONFIGURATION_INIT
  C:5844H         PUBLIC        ATT_HDL_GAP_CHARACTERISTIC_APPEARANCE
  C:5B3CH         PUBLIC        ATT_PERMISSION_HDL_DIS_MANUFACTURER_NAME_STRING
  C:58D8H         PUBLIC        ATT_HDL_DIS_CHARACTERISTIC_MANUFACTURER_NAME_STRING
  C:5833H         PUBLIC        ATT_HDL_GAP_DEVICE_NAME_INIT
  X:07A6H         PUBLIC        att_HDL_OTA_OTA_CMD_CONTROL_POINT_CLIENT_CHARACTERISTIC_CONFIGURATION
  C:5B3EH         PUBLIC        ATT_PERMISSION_HDL_DIS_SYSTEM_ID
  X:07A8H         PUBLIC        att_HDL_OTA_OTA_DATA
  C:5900H         PUBLIC        ATT_HDL_DIS_CHARACTERISTIC_SYSTEM_ID
  C:5B36H         PUBLIC        ATT_PERMISSION_HDL_GATT_CLIENT_CHARACTERISTIC_CONFIGURATION_INIT
  C:5B42H         PUBLIC        ATT_PERMISSION_HDL_DIS_MODEL_NUMBER_STRING
  X:07BCH         PUBLIC        att_HDL_BAS_CLIENT_CHARACTERISTIC_CONFIGURATION
  C:58A2H         PUBLIC        ATT_HDL_GATT_SERVICE_CHANGED_INIT
  C:5820H         PUBLIC        ATT_HDL_INVALID
  C:5936H         PUBLIC        ATT_HDL_DIS_CHARACTERISTIC_MODEL_NUMBER_STRING
  C:5B48H         PUBLIC        ATT_PERMISSION_HDL_DIS_PNP_ID
  C:5A60H         PUBLIC        ATT_HDL_USER_DEFINE_01_PRIMARY_SERVICE
  C:584EH         PUBLIC        ATT_HDL_GAP_APPEARANCE
  C:59D4H         PUBLIC        ATT_HDL_OTA_OTA_DATA_CLIENT_CHARACTERISTIC_CONFIGURATION_INIT
  C:5994H         PUBLIC        ATT_HDL_DIS_CHARACTERISTIC_PNP_ID
  C:5B44H         PUBLIC        ATT_PERMISSION_HDL_DIS_HARDWARE_REVISION_STRING
  X:07BEH         PUBLIC        att_HDL_BAS_BATTERY_LEVEL
  X:07BFH         PUBLIC        att_HDL_GAP_RECONNECTION_ADDRESS
  C:5957H         PUBLIC        ATT_HDL_DIS_CHARACTERISTIC_HARDWARE_REVISION_STRING
  C:58E2H         PUBLIC        ATT_HDL_DIS_MANUFACTURER_NAME_STRING
  C:5B30H         PUBLIC        ATT_PERMISSION_HDL_GAP_PERIPHERAL_PRIVACY_FLAG
  C:59B1H         PUBLIC        ATT_HDL_OTA_CHARACTERISTIC_OTA_DATA
  C:590AH         PUBLIC        ATT_HDL_DIS_SYSTEM_ID
  C:586AH         PUBLIC        ATT_HDL_GAP_CHARACTERISTIC_PERIPHERAL_PRIVACY_FLAG
  C:5B56H         PUBLIC        ATT_PERMISSION_HDL_OTA_DATA_ERROR_STATUS_INIT
  C:5B54H         PUBLIC        ATT_PERMISSION_HDL_OTA_OTA_CMD_USER_DESCRIPTION
  C:58CCH         PUBLIC        ATT_HDL_DIS_SERIAL_NUMBER_STRING_PRESENTATION_FORMAT
  C:58ABH         PUBLIC        ATT_HDL_GATT_CLIENT_CHARACTERISTIC_CONFIGURATION_INIT
  C:5940H         PUBLIC        ATT_HDL_DIS_MODEL_NUMBER_STRING
  X:07C5H         PUBLIC        att_HDL_USER_DEFINE_01_DATAN01
  C:599EH         PUBLIC        ATT_HDL_DIS_PNP_ID
  X:07D9H         PUBLIC        att_HDL_USER_DEFINE_01_DATAN02
  C:5B40H         PUBLIC        ATT_PERMISSION_HDL_DIS_FIRMWARE_REVISION_STRING
  C:5A49H         PUBLIC        ATT_HDL_BAS_CHARACTERISTIC_BATTERY_LEVEL
  C:5961H         PUBLIC        ATT_HDL_DIS_HARDWARE_REVISION_STRING
  C:5917H         PUBLIC        ATT_HDL_DIS_CHARACTERISTIC_FIRMWARE_REVISION_STRING
  C:5855H         PUBLIC        ATT_HDL_GAP_CHARACTERISTIC_RECONNECTION_ADDRESS
BL51 BANKED LINKER/LOCATER V6.22                                                      05/30/2019  12:42:35  PAGE 21


  C:5A8AH         PUBLIC        ATT_HDL_USER_DEFINE_01_DATAN01_CLIENT_CHARACTERISTIC_CONFIGURATION_INIT
  C:5AD7H         PUBLIC        ATT_HDL_USER_DEFINE_01_DATAN02_CLIENT_CHARACTERISTIC_CONFIGURATION_INIT
  X:07EDH         PUBLIC        att_HDL_USER_DEFINE_01_DATAW01
  X:0801H         PUBLIC        att_HDL_USER_DEFINE_01_DATAW02
  C:5874H         PUBLIC        ATT_HDL_GAP_PERIPHERAL_PRIVACY_FLAG
  C:5B52H         PUBLIC        ATT_PERMISSION_HDL_OTA_OTA_CMD_CP_CLIENT_CHARACTERISTIC_CONFIGURATION_INIT
  C:5B4AH         PUBLIC        ATT_PERMISSION_HDL_OTA_OTA_DATA_INIT
  C:5A06H         PUBLIC        ATT_HDL_OTA_OTA_CMD_USER_DESCRIPTION
  C:5A1CH         PUBLIC        ATT_HDL_OTA_DATA_ERROR_STATUS_INIT
  C:5B46H         PUBLIC        ATT_PERMISSION_HDL_DIS_SOFTWARE_REVISION_STRING
  C:5A67H         PUBLIC        ATT_HDL_USER_DEFINE_01_CHARACTERISTIC_DATAN01
  C:5B5EH         PUBLIC        ATT_PERMISSION_HDL_BAS_CLIENT_CHARACTERISTIC_CONFIGURATION_INIT
  C:5AB4H         PUBLIC        ATT_HDL_USER_DEFINE_01_CHARACTERISTIC_DATAN02
  C:5891H         PUBLIC        ATT_HDL_GATT_PRIMARY_SERVICE
  C:5B6CH         PUBLIC        ATT_PERMISSION_HDL_USER_DEFINE_01_DATAR01
  C:5975H         PUBLIC        ATT_HDL_DIS_CHARACTERISTIC_SOFTWARE_REVISION_STRING
  C:5921H         PUBLIC        ATT_HDL_DIS_FIRMWARE_REVISION_STRING
  C:5B01H         PUBLIC        ATT_HDL_USER_DEFINE_01_CHARACTERISTIC_DATAR01
  X:0815H         PUBLIC        att_HDL_OTA_OTA_CMD_CONTROL_POINT
  C:5B5CH         PUBLIC        ATT_PERMISSION_HDL_BAS_BATTERY_LEVEL_INIT
  C:5B2EH         PUBLIC        ATT_PERMISSION_HDL_GAP_RECONNECTION_ADDRESS_INIT
  C:5A91H         PUBLIC        ATT_HDL_USER_DEFINE_01_CHARACTERISTIC_DATAW01
  C:5ADEH         PUBLIC        ATT_HDL_USER_DEFINE_01_CHARACTERISTIC_DATAW02
  C:59FFH         PUBLIC        ATT_HDL_OTA_OTA_CMD_CONTROL_POINT_CLIENT_CHARACTERISTIC_CONFIGURATION_INIT
  C:59BBH         PUBLIC        ATT_HDL_OTA_OTA_DATA_INIT
  C:597FH         PUBLIC        ATT_HDL_DIS_SOFTWARE_REVISION_STRING
  C:5B4EH         PUBLIC        ATT_PERMISSION_HDL_OTA_OTA_DATA_DESCRIPTION
  C:5A59H         PUBLIC        ATT_HDL_BAS_CLIENT_CHARACTERISTIC_CONFIGURATION_INIT
  C:5B0BH         PUBLIC        ATT_HDL_USER_DEFINE_01_DATAR01
  C:5B60H         PUBLIC        ATT_PERMISSION_HDL_USER_DEFINE_01_DATAN01_INIT
  C:58F4H         PUBLIC        ATT_HDL_DIS_MANUFACTURER_NAME_STRING_PRESENTATION_FORMAT
  C:57E0H         PUBLIC        ADV_DATA_INITIAL
  C:5B66H         PUBLIC        ATT_PERMISSION_HDL_USER_DEFINE_01_DATAN02_INIT
  C:59E8H         PUBLIC        ATT_HDL_OTA_CHARACTERISTIC_OTA_CMD_CONTROL_POINT
  C:5B28H         PUBLIC        ATT_PERMISSION_CHARACTERISTIC
  C:5A53H         PUBLIC        ATT_HDL_BAS_BATTERY_LEVEL_INIT
  C:585FH         PUBLIC        ATT_HDL_GAP_RECONNECTION_ADDRESS_INIT
  C:5D53H         PUBLIC        ATTRIBUTE_SERVER_BOND_PARAM
  X:081DH         PUBLIC        att_HDL_OTA_DATA_ERROR_STATUS_CLIENT_CHARACTERISTIC_CONFIGURATION
  C:5B64H         PUBLIC        ATT_PERMISSION_HDL_USER_DEFINE_01_DATAW01_INIT
  C:594BH         PUBLIC        ATT_HDL_DIS_MODEL_NUMBER_STRING_PRESENTATION_FORMAT
  C:5B6AH         PUBLIC        ATT_PERMISSION_HDL_USER_DEFINE_01_DATAW02_INIT
  C:5A12H         PUBLIC        ATT_HDL_OTA_CHARACTERISTIC_OTA_DATA_ERROR_STATUS
  C:5B32H         PUBLIC        ATT_PERMISSION_HDL_GAP_PERIPHERAL_PREFERRED_CONNECTION_PARAMETERS
  C:587AH         PUBLIC        ATT_HDL_GAP_CHARACTERISTIC_PERIPHERAL_PREFERRED_CONNECTION_PARAMETERS
  C:5B5AH         PUBLIC        ATT_PERMISSION_HDL_OTA_DATA_ERROR_STATUS_USER_DESCRIPTION
  X:081FH         PUBLIC        att_HDL_GAP_DEVICE_NAME
  C:59DBH         PUBLIC        ATT_HDL_OTA_OTA_DATA_DESCRIPTION
  C:5969H         PUBLIC        ATT_HDL_DIS_HARDWARE_REVISION_STRING_PRESENTATION_FORMAT
  C:5B26H         PUBLIC        ATT_PERMISSION_PRIMARY_SERVICE
  C:5A71H         PUBLIC        ATT_HDL_USER_DEFINE_01_DATAN01_INIT
  C:5A42H         PUBLIC        ATT_HDL_BAS_PRIMARY_SERVICE
  C:5ABEH         PUBLIC        ATT_HDL_USER_DEFINE_01_DATAN02_INIT
  X:082BH         PUBLIC        att_HDL_GATT_SERVICE_CHANGED
  C:5822H         PUBLIC        ATT_HDL_GAP_PRIMARY_SERVICE
  C:5B62H         PUBLIC        ATT_PERMISSION_HDL_USER_DEFINE_01_DATAN01_CLIENT_CHARACT_CONFIG_INIT
  C:5B50H         PUBLIC        ATT_PERMISSION_HDL_OTA_OTA_CMD_CONTROL_POINT_INIT
BL51 BANKED LINKER/LOCATER V6.22                                                      05/30/2019  12:42:35  PAGE 22


  C:5B68H         PUBLIC        ATT_PERMISSION_HDL_USER_DEFINE_01_DATAN02_CLIENT_CHARACT_CONFIG_INIT
  C:5B38H         PUBLIC        ATT_PERMISSION_HDL_DIS_SERIAL_NUMBER_STRING
  X:082FH         PUBLIC        att_HDL_OTA_OTA_DATA_CLIENT_CHARACTERISTIC_CONFIGURATION
  C:5A9BH         PUBLIC        ATT_HDL_USER_DEFINE_01_DATAW01_INIT
  C:58B9H         PUBLIC        ATT_HDL_DIS_CHARACTERISTIC_SERIAL_NUMBER_STRING
  C:5AE8H         PUBLIC        ATT_HDL_USER_DEFINE_01_DATAW02_INIT
  C:58B2H         PUBLIC        ATT_HDL_DIS_PRIMARY_SERVICE
  C:5884H         PUBLIC        ATT_HDL_GAP_PERIPHERAL_PREFERRED_CONNECTION_PARAMETERS
  C:5CC7H         PUBLIC        ATTRIBUTE_SERVER_PERMISSION
  C:592AH         PUBLIC        ATT_HDL_DIS_FIRMWARE_REVISION_STRING_PRESENTATION_FORMAT
  C:5829H         PUBLIC        ATT_HDL_GAP_CHARACTERISTIC_DEVICE_NAME
  C:5800H         PUBLIC        SCAN_RESPONSE_DATA_INITIAL
  C:5A2CH         PUBLIC        ATT_HDL_OTA_DATA_ERROR_STATUS_USER_DESCRIPTION
  C:59AAH         PUBLIC        ATT_HDL_OTA_PRIMARY_SERVICE
  C:5BF8H         PUBLIC        ATTRIBUTE_SERVER_param
  X:0831H         PUBLIC        att_HDL_GATT_CLIENT_CHARACTERISTIC_CONFIGURATION
  C:5898H         PUBLIC        ATT_HDL_GATT_CHARACTERISTIC_SERVICE_CHANGED
  C:59F2H         PUBLIC        ATT_HDL_OTA_OTA_CMD_CONTROL_POINT_INIT
  C:58C3H         PUBLIC        ATT_HDL_DIS_SERIAL_NUMBER_STRING
  C:5B58H         PUBLIC        ATT_PERMISSION_HDL_OTA_DATA_ERROR_STATUS_CLIENT_CHARACTERISTIC_CONFIGURATION_INIT
  C:5988H         PUBLIC        ATT_HDL_DIS_SOFTWARE_REVISION_STRING_PRESENTATION_FORMAT
  C:5B6EH         PUBLIC        ATTRIBUTE_SERVER
  X:0833H         PUBLIC        att_HDL_USER_DEFINE_01_DATAN01_CLIENT_CHARACTERISTIC_CONFIGURATION
  X:0835H         PUBLIC        att_HDL_USER_DEFINE_01_DATAN02_CLIENT_CHARACTERISTIC_CONFIGURATION
  C:5B24H         PUBLIC        ATT_PERMISSION_NULL
  C:5B2AH         PUBLIC        ATT_PERMISSION_HDL_GAP_DEVICE_NAME_INIT
  C:5D51H         PUBLIC        ATTRIBUTE_SERVER_BOND
  C:5B3AH         PUBLIC        ATT_PERMISSION_CHARACTERISTIC_PRESENTATION_FORMAT
  X:0837H         PUBLIC        att_HDL_OTA_DATA_ERROR_STATUS
  C:5B34H         PUBLIC        ATT_PERMISSION_HDL_GATT_SERVICE_CHANGED_INIT
  -------         ENDMOD        SERVICEGEN

  -------         MODULE        SECURITY
  C:0000H         SYMBOL        _ICE_DUMMY_
  C:CAF7H         PUBLIC        RSP_PAIRING_REQUEST
  -------         ENDMOD        SECURITY

  -------         MODULE        APPLICATION_CHECK
  C:0000H         SYMBOL        _ICE_DUMMY_
  C:CB58H         PUBLIC        _ChkBLE_ATT_Chr_AcssRd_ByUser
  C:C995H         PUBLIC        _ChkBLE_ATT_Chr_AcssWr_ByUser
  -------         PROC          _CHKBLE_ATT_CHR_ACSSRD_BYUSER
  D:0001H         SYMBOL        AddrAttHandle
  -------         DO            
  D:0007H         SYMBOL        Rsp_Error
  X:0B25H         SYMBOL        p
  -------         ENDDO         
  C:CB58H         LINE#         19
  C:CB58H         LINE#         20
  C:CB58H         LINE#         24
  C:CB5AH         LINE#         27
  C:CB60H         LINE#         44
  C:CB60H         LINE#         45
  -------         ENDPROC       _CHKBLE_ATT_CHR_ACSSRD_BYUSER
  -------         PROC          _CHKBLE_ATT_CHR_ACSSWR_BYUSER
  D:0001H         SYMBOL        AddrAttHandle
  X:0A53H         SYMBOL        wrDataBuf
[...]
  C:A36AH         LINE#         132
  C:A36CH         LINE#         133
  C:A375H         LINE#         134
  C:A375H         LINE#         135
  C:A38AH         LINE#         137
  C:A398H         LINE#         138
  C:A39BH         LINE#         140
  C:A3A4H         LINE#         141
  C:A3A7H         LINE#         142
  C:A3B9H         LINE#         144
  C:A3BCH         LINE#         145
  C:A3D5H         LINE#         147
  C:A3D8H         LINE#         148
  C:A3E0H         LINE#         149
  C:A3E3H         LINE#         151
  C:A3E3H         LINE#         152
  C:A3F3H         LINE#         154
  C:A3F9H         LINE#         155
  C:A3F9H         LINE#         156
  C:A3F9H         LINE#         158
  C:A402H         LINE#         159
  C:A405H         LINE#         161
  C:A408H         LINE#         162
  C:A40AH         LINE#         163
  C:A40EH         LINE#         164
BL51 BANKED LINKER/LOCATER V6.22                                                      05/30/2019  12:42:35  PAGE 223


  C:A40EH         LINE#         165
  C:A40EH         LINE#         166
  C:A416H         LINE#         167
  C:A419H         LINE#         171
  C:A41FH         LINE#         172
  C:A41FH         LINE#         173
  C:A424H         LINE#         174
  C:A428H         LINE#         175
  C:A428H         LINE#         177
  C:A428H         LINE#         179
  C:A428H         LINE#         181
  C:A43DH         LINE#         182
  C:A447H         LINE#         183
  C:A44DH         LINE#         184
  C:A464H         LINE#         185
  C:A467H         LINE#         186
  C:A467H         LINE#         187
  C:A467H         LINE#         188
  C:A469H         LINE#         189
  -------         ENDPROC       _PROP_CREATE
  -------         PROC          _PROP_DELETE
  X:0B40H         SYMBOL        pvHandle
  C:BF18H         LINE#         191
  C:BF1EH         LINE#         192
  C:BF1EH         LINE#         193
  C:BF40H         LINE#         194
  C:BF40H         LINE#         195
  C:BF4AH         LINE#         196
  C:BF62H         LINE#         197
  C:BF65H         LINE#         198
  C:BF65H         LINE#         199
  C:BF67H         LINE#         200
  -------         ENDPROC       _PROP_DELETE
  -------         PROC          _PROP_START
  D:0001H         SYMBOL        pvHandle
  X:0B43H         SYMBOL        u8Channel
  -------         DO            
  D:0006H         SYMBOL        tmp
  X:0B44H         SYMBOL        tmp1
  -------         ENDDO         
  C:9D9FH         LINE#         202
  C:9DA4H         LINE#         203
  C:9DA4H         LINE#         206
  C:9DBFH         LINE#         207
  C:9DBFH         LINE#         208
  C:9DC8H         LINE#         210
  C:9DCFH         LINE#         211
  C:9DD3H         LINE#         212
  C:9DD7H         LINE#         213
  C:9DD7H         LINE#         214
  C:9DE2H         LINE#         215
  C:9DE4H         LINE#         217
  C:9DE4H         LINE#         218
  C:9DE9H         LINE#         219
  C:9DF3H         LINE#         221
  C:9DFAH         LINE#         222
  C:9DFAH         LINE#         224
BL51 BANKED LINKER/LOCATER V6.22                                                      05/30/2019  12:42:35  PAGE 224


  C:9E0AH         LINE#         225
  C:9E0AH         LINE#         226
  C:9E13H         LINE#         227
  C:9E13H         LINE#         228
  C:9E1DH         LINE#         229
  C:9E26H         LINE#         231
  C:9E29H         LINE#         233
  C:9E2FH         LINE#         234
  C:9E32H         LINE#         236
  C:9E35H         LINE#         237
  C:9E3EH         LINE#         238
  C:9E4AH         LINE#         239
  C:9E4DH         LINE#         240
  C:9E56H         LINE#         241
  C:9E60H         LINE#         242
  C:9E68H         LINE#         243
  C:9E72H         LINE#         244
  C:9E7CH         LINE#         246
  C:9E84H         LINE#         247
  C:9E8CH         LINE#         248
  C:9E94H         LINE#         249
  C:9E9CH         LINE#         251
  C:9EA4H         LINE#         252
  C:9EACH         LINE#         253
  C:9EB4H         LINE#         254
  C:9EBCH         LINE#         255
  C:9EC2H         LINE#         257
  C:9EC8H         LINE#         258
  C:9ECCH         LINE#         259
  C:9ECFH         LINE#         261
  C:9ED1H         LINE#         262
  C:9ED1H         LINE#         263
  C:9ED4H         LINE#         264
  C:9ED4H         LINE#         265
  C:9ED7H         LINE#         266
  C:9ED7H         LINE#         267
  C:9ED9H         LINE#         268
  -------         ENDPROC       _PROP_START
  -------         PROC          _PROP_STOP
  D:0001H         SYMBOL        pvHandle
  C:ABFCH         LINE#         270
  C:ABFCH         LINE#         271
  C:ABFCH         LINE#         272
  C:AC17H         LINE#         273
  C:AC17H         LINE#         274
  C:AC1DH         LINE#         275
  C:AC1DH         LINE#         276
  C:AC22H         LINE#         277
  C:AC22H         LINE#         278
  C:AC25H         LINE#         279
  C:AC2DH         LINE#         280
  C:AC35H         LINE#         281
  C:AC3DH         LINE#         282
  C:AC45H         LINE#         284
  C:AC48H         LINE#         285
  C:AC4FH         LINE#         286
  C:AC57H         LINE#         287
BL51 BANKED LINKER/LOCATER V6.22                                                      05/30/2019  12:42:35  PAGE 225


  C:AC5AH         LINE#         288
  C:AC61H         LINE#         289
  C:AC69H         LINE#         290
  C:AC72H         LINE#         291
  C:AC79H         LINE#         292
  C:AC81H         LINE#         294
  C:AC87H         LINE#         296
  C:AC8CH         LINE#         297
  C:AC90H         LINE#         298
  C:AC94H         LINE#         299
  C:AC96H         LINE#         300
  C:AC96H         LINE#         301
  C:AC99H         LINE#         302
  C:AC99H         LINE#         304
  C:AC99H         LINE#         305
  C:ACA6H         LINE#         306
  C:ACA6H         LINE#         307
  C:ACAEH         LINE#         308
  C:ACB4H         LINE#         309
  C:ACB4H         LINE#         310
  C:ACB4H         LINE#         311
  C:ACB7H         LINE#         312
  C:ACB7H         LINE#         313
  C:ACB9H         LINE#         314
  -------         ENDPROC       _PROP_STOP
  -------         PROC          _PROP_RUNTX
  D:0001H         SYMBOL        pvHandle
  X:0A23H         SYMBOL        pu8TxBuf
  X:0A26H         SYMBOL        u8TxLen
  -------         DO            
  D:0006H         SYMBOL        tmp
  X:0A27H         SYMBOL        tmp1
  X:0A29H         SYMBOL        TxTimes
  -------         ENDDO         
  C:9C44H         LINE#         316
  C:9C44H         LINE#         317
  C:9C44H         LINE#         321
  C:9C5FH         LINE#         322
  C:9C5FH         LINE#         323
  C:9C70H         LINE#         324
  C:9C70H         LINE#         325
  C:9C74H         LINE#         326
  C:9C7BH         LINE#         327
  C:9C7FH         LINE#         328
  C:9C83H         LINE#         329
  C:9C83H         LINE#         330
  C:9C8AH         LINE#         331
  C:9C9AH         LINE#         332
  C:9CA0H         LINE#         333
  C:9CABH         LINE#         335
  C:9CACH         LINE#         336
  C:9CAEH         LINE#         338
  C:9CAEH         LINE#         339
  C:9CB5H         LINE#         340
  C:9CBAH         LINE#         341
  C:9CC2H         LINE#         343
  C:9CC9H         LINE#         344
BL51 BANKED LINKER/LOCATER V6.22                                                      05/30/2019  12:42:35  PAGE 226


  C:9CC9H         LINE#         346
  C:9CDAH         LINE#         347
  C:9CE3H         LINE#         348
  C:9D22H         LINE#         350
  C:9D30H         LINE#         352
  C:9D3DH         LINE#         353
  C:9D3DH         LINE#         354
  C:9D4DH         LINE#         355
  C:9D53H         LINE#         356
  C:9D59H         LINE#         357
  C:9D5CH         LINE#         358
  C:9D5FH         LINE#         360
  C:9D6DH         LINE#         361
  C:9D70H         LINE#         363
  C:9D76H         LINE#         364
  C:9D87H         LINE#         366
  C:9D8DH         LINE#         367
  C:9D93H         LINE#         369
  C:9D96H         LINE#         370
  C:9D96H         LINE#         371
  C:9D99H         LINE#         372
  C:9D99H         LINE#         373
  C:9D9CH         LINE#         374
  C:9D9CH         LINE#         375
  C:9D9EH         LINE#         376
  -------         ENDPROC       _PROP_RUNTX
  -------         PROC          _PROP_RUNRX
  D:0001H         SYMBOL        pvHandle
  X:0A07H         SYMBOL        pu8RxBuf
  X:0A0AH         SYMBOL        u8RxLen
  -------         DO            
  D:0003H         SYMBOL        flag
  X:0A0BH         SYMBOL        tmp
  X:0A0DH         SYMBOL        tmp1
  X:0A0FH         SYMBOL        RxTimes
  -------         ENDDO         
  C:9019H         LINE#         378
  C:9019H         LINE#         379
  C:9019H         LINE#         384
  C:9034H         LINE#         385
  C:9034H         LINE#         386
  C:9045H         LINE#         387
  C:9045H         LINE#         388
  C:9051H         LINE#         389
  C:9058H         LINE#         390
  C:905CH         LINE#         391
  C:9060H         LINE#         392
  C:9060H         LINE#         393
  C:9066H         LINE#         394
  C:9076H         LINE#         395
  C:907EH         LINE#         396
  C:908DH         LINE#         398
  C:908EH         LINE#         399
  C:9090H         LINE#         401
  C:9090H         LINE#         402
  C:9096H         LINE#         403
  C:90A3H         LINE#         404
BL51 BANKED LINKER/LOCATER V6.22                                                      05/30/2019  12:42:35  PAGE 227


  C:90ABH         LINE#         406
  C:90B2H         LINE#         407
  C:90B2H         LINE#         409
  C:90C3H         LINE#         410
  C:90CCH         LINE#         412
  C:90DAH         LINE#         414
  C:9108H         LINE#         415
  C:9108H         LINE#         416
  C:910AH         LINE#         417
  C:9115H         LINE#         419
  C:911BH         LINE#         420
  C:9121H         LINE#         421
  C:9124H         LINE#         422
  C:9127H         LINE#         424
  C:9130H         LINE#         425
  C:9133H         LINE#         427
  C:9139H         LINE#         429
  C:914AH         LINE#         431
  C:9150H         LINE#         432
  C:9150H         LINE#         433
  C:915DH         LINE#         434
  C:915DH         LINE#         435
  C:915FH         LINE#         436
  C:915FH         LINE#         437
  C:915FH         LINE#         438
  C:915FH         LINE#         439
  C:9162H         LINE#         441
  C:9169H         LINE#         443
  C:916CH         LINE#         444
  C:916CH         LINE#         445
  C:9173H         LINE#         446
  C:9173H         LINE#         447
  C:917CH         LINE#         448
  C:917EH         LINE#         450
  C:917EH         LINE#         451
  C:9197H         LINE#         452
  C:91BDH         LINE#         453
  C:91C4H         LINE#         454
  C:91C4H         LINE#         455
  C:91C4H         LINE#         456
  C:91CAH         LINE#         457
  C:91D1H         LINE#         458
  C:91D1H         LINE#         459
  C:91D4H         LINE#         460
  C:91D4H         LINE#         461
  C:91D7H         LINE#         462
  C:91D7H         LINE#         463
  C:91D9H         LINE#         464
  -------         ENDPROC       _PROP_RUNRX
  -------         PROC          PROP_GETRFMODE
  C:CBEFH         LINE#         467
  C:CBEFH         LINE#         468
  C:CBEFH         LINE#         469
  C:CBF4H         LINE#         470
  -------         ENDPROC       PROP_GETRFMODE
  -------         PROC          DISABLERXWINS
  C:CBFBH         LINE#         472
BL51 BANKED LINKER/LOCATER V6.22                                                      05/30/2019  12:42:35  PAGE 228


  C:CBFBH         LINE#         473
  C:CBFBH         LINE#         474
  -------         ENDPROC       DISABLERXWINS
  -------         PROC          GET_INTERVAL_TIME
  -------         DO            
  D:0006H         SYMBOL        tmp
  -------         ENDDO         
  C:C7FDH         LINE#         477
  C:C7FDH         LINE#         478
  C:C7FDH         LINE#         481
  C:C804H         LINE#         482
  C:C80AH         LINE#         483
  C:C80EH         LINE#         484
  C:C813H         LINE#         486
  C:C81BH         LINE#         487
  C:C81BH         LINE#         488
  -------         ENDPROC       GET_INTERVAL_TIME
  -------         PROC          GET_INTERVAL_TIME_LEFT
  -------         DO            
  X:0B52H         SYMBOL        tmp
  D:0006H         SYMBOL        tmp1
  -------         ENDDO         
  C:C318H         LINE#         490
  C:C318H         LINE#         491
  C:C318H         LINE#         495
  C:C31FH         LINE#         496
  C:C329H         LINE#         497
  C:C32DH         LINE#         498
  C:C332H         LINE#         500
  C:C341H         LINE#         501
  C:C345H         LINE#         502
  C:C352H         LINE#         503
  C:C352H         LINE#         504
  -------         ENDPROC       GET_INTERVAL_TIME_LEFT
  -------         ENDMOD        PROPRIETARY

  -------         MODULE        ?C?FPADD
  C:0F3EH         PUBLIC        ?C?FPADD
  C:0F3AH         PUBLIC        ?C?FPSUB
  -------         ENDMOD        ?C?FPADD

  -------         MODULE        ?C?FPMUL
  C:102FH         PUBLIC        ?C?FPMUL
  -------         ENDMOD        ?C?FPMUL

  -------         MODULE        ?C?FCAST
  C:113FH         PUBLIC        ?C?FCASTC
  C:113AH         PUBLIC        ?C?FCASTI
  C:1135H         PUBLIC        ?C?FCASTL
  -------         ENDMOD        ?C?FCAST

  -------         MODULE        ?C?CASTF
  C:1173H         PUBLIC        ?C?CASTF
  -------         ENDMOD        ?C?CASTF

  -------         MODULE        ?C?COPY
  C:12C4H         PUBLIC        ?C?COPY
BL51 BANKED LINKER/LOCATER V6.22                                                      05/30/2019  12:42:35  PAGE 229


  -------         ENDMOD        ?C?COPY

  -------         MODULE        ?C?CLDPTR
  C:12EAH         PUBLIC        ?C?CLDPTR
  -------         ENDMOD        ?C?CLDPTR

  -------         MODULE        ?C?CLDOPTR
  C:1303H         PUBLIC        ?C?CLDOPTR
  -------         ENDMOD        ?C?CLDOPTR

  -------         MODULE        ?C?CSTPTR
  C:1330H         PUBLIC        ?C?CSTPTR
  -------         ENDMOD        ?C?CSTPTR

  -------         MODULE        ?C?CSTOPTR
  C:1342H         PUBLIC        ?C?CSTOPTR
  -------         ENDMOD        ?C?CSTOPTR

  -------         MODULE        ?C?IMUL
  C:1364H         PUBLIC        ?C?IMUL
  -------         ENDMOD        ?C?IMUL

  -------         MODULE        ?C?UIDIV
  C:1376H         PUBLIC        ?C?UIDIV
  -------         ENDMOD        ?C?UIDIV

  -------         MODULE        ?C?IILDX
  C:13CBH         PUBLIC        ?C?IILDX
  -------         ENDMOD        ?C?IILDX

  -------         MODULE        ?C?ILDOPTR
  C:13E1H         PUBLIC        ?C?ILDOPTR
  -------         ENDMOD        ?C?ILDOPTR

  -------         MODULE        ?C?LADD
  C:1419H         PUBLIC        ?C?LADD
  -------         ENDMOD        ?C?LADD

  -------         MODULE        ?C?LSUB
  C:1426H         PUBLIC        ?C?LSUB
  -------         ENDMOD        ?C?LSUB

  -------         MODULE        ?C?LMUL
  C:1434H         PUBLIC        ?C?LMUL
  -------         ENDMOD        ?C?LMUL

  -------         MODULE        ?C?ULDIV
  C:14BFH         PUBLIC        ?C?ULDIV
  -------         ENDMOD        ?C?ULDIV

  -------         MODULE        ?C?LOR
  C:1551H         PUBLIC        ?C?LOR
  -------         ENDMOD        ?C?LOR

  -------         MODULE        ?C?LNEG
  C:155EH         PUBLIC        ?C?LNEG
  -------         ENDMOD        ?C?LNEG
BL51 BANKED LINKER/LOCATER V6.22                                                      05/30/2019  12:42:35  PAGE 230



  -------         MODULE        ?C?SLCMP
  C:156CH         PUBLIC        ?C?SLCMP
  -------         ENDMOD        ?C?SLCMP

  -------         MODULE        ?C?ULCMP
  C:1582H         PUBLIC        ?C?ULCMP
  -------         ENDMOD        ?C?ULCMP

  -------         MODULE        ?C?ULSHR
  C:1593H         PUBLIC        ?C?ULSHR
  -------         ENDMOD        ?C?ULSHR

  -------         MODULE        ?C?SLSHR
  C:15A6H         PUBLIC        ?C?SLSHR
  -------         ENDMOD        ?C?SLSHR

  -------         MODULE        ?C?LSHL
  C:15BAH         PUBLIC        ?C?LSHL
  -------         ENDMOD        ?C?LSHL

  -------         MODULE        ?C?LLDXDATA
  C:15CDH         PUBLIC        ?C?LLDXDATA
  -------         ENDMOD        ?C?LLDXDATA

  -------         MODULE        ?C?LLDCODE
  C:15D9H         PUBLIC        ?C?LLDCODE
  -------         ENDMOD        ?C?LLDCODE

  -------         MODULE        ?C?LLDXDATA0
  C:15E9H         PUBLIC        ?C?LLDXDATA0
  -------         ENDMOD        ?C?LLDXDATA0

  -------         MODULE        ?C?LSTXDATA
  C:15F5H         PUBLIC        ?C?LSTXDATA
  -------         ENDMOD        ?C?LSTXDATA

  -------         MODULE        ?C?LSTKXDATA
  C:1601H         PUBLIC        ?C?LSTKXDATA
  -------         ENDMOD        ?C?LSTKXDATA

  -------         MODULE        ?C?OFFXADD
  C:1632H         PUBLIC        ?C?OFFXADD
  -------         ENDMOD        ?C?OFFXADD

  -------         MODULE        ?C?PLDXDATA
  C:163EH         PUBLIC        ?C?PLDXDATA
  -------         ENDMOD        ?C?PLDXDATA

  -------         MODULE        ?C?PSTXDATA
  C:1647H         PUBLIC        ?C?PSTXDATA
  -------         ENDMOD        ?C?PSTXDATA

  -------         MODULE        ?C?PLDCODE
  C:1650H         PUBLIC        ?C?PLDCODE
  -------         ENDMOD        ?C?PLDCODE

BL51 BANKED LINKER/LOCATER V6.22                                                      05/30/2019  12:42:35  PAGE 231


  -------         MODULE        ?C?PLDPTR
  C:165CH         PUBLIC        ?C?PLDPTR
  -------         ENDMOD        ?C?PLDPTR

  -------         MODULE        ?C?PSTPTR
  C:167CH         PUBLIC        ?C?PSTPTR
  -------         ENDMOD        ?C?PSTPTR

  -------         MODULE        ?C?CCASE
  C:16CBH         PUBLIC        ?C?CCASE
  -------         ENDMOD        ?C?CCASE

  -------         MODULE        ?C?LIMUL
  C:16F1H         PUBLIC        ?C?LIMUL
  -------         ENDMOD        ?C?LIMUL

  -------         MODULE        ?C?MEMCMP
  C:18A4H         PUBLIC        ?C?MEMCMP
  -------         ENDMOD        ?C?MEMCMP

  -------         MODULE        ?C?MEMSET
  C:18C8H         PUBLIC        ?C?MEMSET
  -------         ENDMOD        ?C?MEMSET

  -------         MODULE        ?C?PLDIDATA
  C:18F4H         PUBLIC        ?C?PLDIDATA
  -------         ENDMOD        ?C?PLDIDATA

  -------         MODULE        ?C?PSTIDATA
  C:18FDH         PUBLIC        ?C?PSTIDATA
  -------         ENDMOD        ?C?PSTIDATA

  -------         MODULE        ?C?PLDPDATA
  C:1906H         PUBLIC        ?C?PLDPDATA
  -------         ENDMOD        ?C?PLDPDATA

  -------         MODULE        ?C?PSTPDATA
  C:190FH         PUBLIC        ?C?PSTPDATA
  -------         ENDMOD        ?C?PSTPDATA

Program Size: data=48.6 xdata=2978 code=51981
LINK/LOCATE RUN COMPLETE.  0 WARNING(S),  0 ERROR(S)
